../Drivers/CMSIS/Include/core_cm3.h:1818:27:uint32_t ITM_SendChar(uint32_t)	16	static,ignoring_inline_asm
../Core/Src/main.cpp:100:5:int _write(int, char*, int)	32	static
../Core/Src/main.cpp:136:6:void HAL_CAN_RxFifo1MsgPendingCallback(CAN_HandleTypeDef*)	16	static
../Core/Src/main.cpp:183:5:int main()	8	static
../Core/Src/main.cpp:395:6:void SystemClock_Config()	88	static
../Core/Src/main.cpp:437:13:void MX_ADC1_Init()	24	static
../Core/Src/main.cpp:494:13:void MX_CAN_Init()	8	static
../Core/Src/main.cpp:529:13:void MX_SPI1_Init()	8	static
../Core/Src/main.cpp:565:13:void MX_TIM2_Init()	64	static
../Core/Src/main.cpp:623:13:void MX_USART1_UART_Init()	8	static
../Core/Src/main.cpp:652:13:void MX_DMA_Init()	16	static
../Core/Src/main.cpp:669:13:void MX_GPIO_Init()	40	static
../Core/Src/main.cpp:713:22:void DWT_Init()	4	static
../Core/Src/main.cpp:725:26:uint32_t micros()	4	static
../Core/Src/main.cpp:730:6:void HAL_TIM_PeriodElapsedCallback(TIM_HandleTypeDef*)	16	static
../Core/Src/main.cpp:746:6:void CAN_init_446()	48	static
../Core/Src/main.cpp:774:6:void CAN_init_103()	48	static
../Core/Src/main.cpp:801:6:void float2Bytes(float, uint8_t*)	24	static
../Core/Src/main.cpp:813:7:float Bytes2float(uint8_t*)	24	static
../Core/Src/main.cpp:821:6:void ADC_Select_CH3()	24	static
../Core/Src/main.cpp:833:6:void ADC_Select_CH8()	24	static
../Core/Src/main.cpp:845:6:void ADC_Select_CH9()	24	static
../Core/Src/main.cpp:857:10:uint16_t getValueCH3()	16	static
../Core/Src/main.cpp:867:10:uint16_t getValueCH8()	16	static
../Core/Src/main.cpp:877:10:uint16_t getValueCH9()	16	static
../Core/Src/main.cpp:945:6:void Error_Handler()	4	static,ignoring_inline_asm
../Core/Src/main.cpp:952:1:void __static_initialization_and_destruction_0(int, int)	16	static
../Core/Src/main.cpp:952:1:cpp)	8	static
../Core/Src/main.cpp:952:1:cpp)	8	static
