C:\ST\STM32CubeIDE_1.15.1\STM32CubeIDE\plugins\com.st.stm32cube.ide.mcu.externaltools.gnu-tools-for-stm32.12.3.rel1.win32_1.0.100.202403111256\tools\bin/../lib/gcc/arm-none-eabi/12.3.1/../../../../arm-none-eabi/include/c++/12.3.1/bits/std_abs.h:75:3:constexpr float std::abs(float)	16	static
../Core/Libs/AS5048Ainterface.cpp:21:1:AS5048A_interface::AS5048A_interface()	16	static
../Core/Libs/AS5048Ainterface.cpp:26:1:AS5048A_interface::~AS5048A_interface()	16	static
../Core/Libs/AS5048Ainterface.cpp:26:1:virtual AS5048A_interface::~AS5048A_interface()	16	static
../Core/Libs/AS5048Ainterface.cpp:33:6:void AS5048A_interface::MagneticSensorSPI_init()	48	static
../Core/Libs/AS5048Ainterface.cpp:52:6:void AS5048A_interface::Sensor_init()	16	static
../Core/Libs/AS5048Ainterface.cpp:67:9:uint8_t AS5048A_interface::spiCalcEvenParity(uint16_t)	24	static
../Core/Libs/AS5048Ainterface.cpp:85:10:uint16_t AS5048A_interface::read(uint16_t)	32	static
../Core/Libs/AS5048Ainterface.cpp:131:5:int AS5048A_interface::getRawCount()	16	static
../Core/Libs/AS5048Ainterface.cpp:141:7:float AS5048A_interface::getSensorAngle()	16	static
../Core/Libs/AS5048Ainterface.cpp:153:7:float AS5048A_interface::get_full_rotation_angle()	16	static
../Core/Libs/AS5048Ainterface.cpp:162:7:float AS5048A_interface::getMechanicalAngle()	16	static
../Core/Libs/AS5048Ainterface.cpp:172:9:int32_t AS5048A_interface::getFullRotations()	16	static
../Core/Libs/AS5048Ainterface.cpp:182:7:float AS5048A_interface::electricalAngle()	24	static
../Core/Libs/AS5048Ainterface.cpp:193:7:float AS5048A_interface::getSensorVelocity()	24	static
../Core/Libs/AS5048Ainterface.cpp:212:7:float AS5048A_interface::getMechanicalVelocity()	16	static
../Core/Libs/AS5048Ainterface.cpp:220:10:static uint32_t AS5048A_interface::micros()	4	static
../Core/Libs/AS5048Ainterface.cpp:230:6:void AS5048A_interface::updateSensor()	24	static
../Core/Libs/AS5048Ainterface.cpp:251:7:float AS5048A_interface::getShaftAngle()	32	static
../Core/Libs/AS5048Ainterface.cpp:261:7:float AS5048A_interface::getShaftVelocity()	32	static
C:\ST\STM32CubeIDE_1.15.1\STM32CubeIDE\plugins\com.st.stm32cube.ide.mcu.externaltools.gnu-tools-for-stm32.12.3.rel1.win32_1.0.100.202403111256\tools\bin/../lib/gcc/arm-none-eabi/12.3.1/../../../../arm-none-eabi/include/c++/12.3.1/cmath:415:5:constexpr typename __gnu_cxx::__promote_2<_Tp, _Up>::__type std::pow(_Tp, _Up) [with _Tp = int; _Up = int]	24	static
