21:12:58 **** Incremental Build of configuration Debug for project bldc_driver_controller_runj ****
make -j16 all 
arm-none-eabi-g++ "../Core/Src/main.cpp" -mcpu=cortex-m4 -std=gnu++14 -g3 -DDEBUG -DUSE_HAL_DRIVER -DSTM32G491xx -c -I../Core/Inc -I../Drivers/STM32G4xx_HAL_Driver/Inc -I../Drivers/STM32G4xx_HAL_Driver/Inc/Legacy -I../Drivers/CMSIS/Device/ST/STM32G4xx/Include -I../Drivers/CMSIS/Include -I"C:/Users/WINDOWS 11/Documents/Robotics-RunJ/bldc_driver/control/bldc_driver_controller_runj/Core/Libs" -O0 -ffunction-sections -fdata-sections -fno-exceptions -fno-rtti -fno-use-cxa-atexit -Wall -fstack-usage -fcyclomatic-complexity -MMD -MP -MF"Core/Src/main.d" -MT"Core/Src/main.o" --specs=nano.specs -mfpu=fpv4-sp-d16 -mfloat-abi=hard -mthumb -o "Core/Src/main.o"
arm-none-eabi-g++ "../Core/Libs/AS5048Ainterface.cpp" -mcpu=cortex-m4 -std=gnu++14 -g3 -DDEBUG -DUSE_HAL_DRIVER -DSTM32G491xx -c -I../Core/Inc -I../Drivers/STM32G4xx_HAL_Driver/Inc -I../Drivers/STM32G4xx_HAL_Driver/Inc/Legacy -I../Drivers/CMSIS/Device/ST/STM32G4xx/Include -I../Drivers/CMSIS/Include -I"C:/Users/WINDOWS 11/Documents/Robotics-RunJ/bldc_driver/control/bldc_driver_controller_runj/Core/Libs" -O0 -ffunction-sections -fdata-sections -fno-exceptions -fno-rtti -fno-use-cxa-atexit -Wall -fstack-usage -fcyclomatic-complexity -MMD -MP -MF"Core/Libs/AS5048Ainterface.d" -MT"Core/Libs/AS5048Ainterface.o" --specs=nano.specs -mfpu=fpv4-sp-d16 -mfloat-abi=hard -mthumb -o "Core/Libs/AS5048Ainterface.o"
arm-none-eabi-g++ "../Core/Libs/CurrentSense.cpp" -mcpu=cortex-m4 -std=gnu++14 -g3 -DDEBUG -DUSE_HAL_DRIVER -DSTM32G491xx -c -I../Core/Inc -I../Drivers/STM32G4xx_HAL_Driver/Inc -I../Drivers/STM32G4xx_HAL_Driver/Inc/Legacy -I../Drivers/CMSIS/Device/ST/STM32G4xx/Include -I../Drivers/CMSIS/Include -I"C:/Users/WINDOWS 11/Documents/Robotics-RunJ/bldc_driver/control/bldc_driver_controller_runj/Core/Libs" -O0 -ffunction-sections -fdata-sections -fno-exceptions -fno-rtti -fno-use-cxa-atexit -Wall -fstack-usage -fcyclomatic-complexity -MMD -MP -MF"Core/Libs/CurrentSense.d" -MT"Core/Libs/CurrentSense.o" --specs=nano.specs -mfpu=fpv4-sp-d16 -mfloat-abi=hard -mthumb -o "Core/Libs/CurrentSense.o"
arm-none-eabi-g++ "../Core/Libs/can_fd.cpp" -mcpu=cortex-m4 -std=gnu++14 -g3 -DDEBUG -DUSE_HAL_DRIVER -DSTM32G491xx -c -I../Core/Inc -I../Drivers/STM32G4xx_HAL_Driver/Inc -I../Drivers/STM32G4xx_HAL_Driver/Inc/Legacy -I../Drivers/CMSIS/Device/ST/STM32G4xx/Include -I../Drivers/CMSIS/Include -I"C:/Users/WINDOWS 11/Documents/Robotics-RunJ/bldc_driver/control/bldc_driver_controller_runj/Core/Libs" -O0 -ffunction-sections -fdata-sections -fno-exceptions -fno-rtti -fno-use-cxa-atexit -Wall -fstack-usage -fcyclomatic-complexity -MMD -MP -MF"Core/Libs/can_fd.d" -MT"Core/Libs/can_fd.o" --specs=nano.specs -mfpu=fpv4-sp-d16 -mfloat-abi=hard -mthumb -o "Core/Libs/can_fd.o"
arm-none-eabi-g++ "../Core/Libs/ekf.cpp" -mcpu=cortex-m4 -std=gnu++14 -g3 -DDEBUG -DUSE_HAL_DRIVER -DSTM32G491xx -c -I../Core/Inc -I../Drivers/STM32G4xx_HAL_Driver/Inc -I../Drivers/STM32G4xx_HAL_Driver/Inc/Legacy -I../Drivers/CMSIS/Device/ST/STM32G4xx/Include -I../Drivers/CMSIS/Include -I"C:/Users/WINDOWS 11/Documents/Robotics-RunJ/bldc_driver/control/bldc_driver_controller_runj/Core/Libs" -O0 -ffunction-sections -fdata-sections -fno-exceptions -fno-rtti -fno-use-cxa-atexit -Wall -fstack-usage -fcyclomatic-complexity -MMD -MP -MF"Core/Libs/ekf.d" -MT"Core/Libs/ekf.o" --specs=nano.specs -mfpu=fpv4-sp-d16 -mfloat-abi=hard -mthumb -o "Core/Libs/ekf.o"
arm-none-eabi-g++ "../Core/Libs/foc_utils.cpp" -mcpu=cortex-m4 -std=gnu++14 -g3 -DDEBUG -DUSE_HAL_DRIVER -DSTM32G491xx -c -I../Core/Inc -I../Drivers/STM32G4xx_HAL_Driver/Inc -I../Drivers/STM32G4xx_HAL_Driver/Inc/Legacy -I../Drivers/CMSIS/Device/ST/STM32G4xx/Include -I../Drivers/CMSIS/Include -I"C:/Users/WINDOWS 11/Documents/Robotics-RunJ/bldc_driver/control/bldc_driver_controller_runj/Core/Libs" -O0 -ffunction-sections -fdata-sections -fno-exceptions -fno-rtti -fno-use-cxa-atexit -Wall -fstack-usage -fcyclomatic-complexity -MMD -MP -MF"Core/Libs/foc_utils.d" -MT"Core/Libs/foc_utils.o" --specs=nano.specs -mfpu=fpv4-sp-d16 -mfloat-abi=hard -mthumb -o "Core/Libs/foc_utils.o"
arm-none-eabi-g++ "../Core/Libs/lowpass_filter.cpp" -mcpu=cortex-m4 -std=gnu++14 -g3 -DDEBUG -DUSE_HAL_DRIVER -DSTM32G491xx -c -I../Core/Inc -I../Drivers/STM32G4xx_HAL_Driver/Inc -I../Drivers/STM32G4xx_HAL_Driver/Inc/Legacy -I../Drivers/CMSIS/Device/ST/STM32G4xx/Include -I../Drivers/CMSIS/Include -I"C:/Users/WINDOWS 11/Documents/Robotics-RunJ/bldc_driver/control/bldc_driver_controller_runj/Core/Libs" -O0 -ffunction-sections -fdata-sections -fno-exceptions -fno-rtti -fno-use-cxa-atexit -Wall -fstack-usage -fcyclomatic-complexity -MMD -MP -MF"Core/Libs/lowpass_filter.d" -MT"Core/Libs/lowpass_filter.o" --specs=nano.specs -mfpu=fpv4-sp-d16 -mfloat-abi=hard -mthumb -o "Core/Libs/lowpass_filter.o"
arm-none-eabi-g++ "../Core/Libs/motor_param.cpp" -mcpu=cortex-m4 -std=gnu++14 -g3 -DDEBUG -DUSE_HAL_DRIVER -DSTM32G491xx -c -I../Core/Inc -I../Drivers/STM32G4xx_HAL_Driver/Inc -I../Drivers/STM32G4xx_HAL_Driver/Inc/Legacy -I../Drivers/CMSIS/Device/ST/STM32G4xx/Include -I../Drivers/CMSIS/Include -I"C:/Users/WINDOWS 11/Documents/Robotics-RunJ/bldc_driver/control/bldc_driver_controller_runj/Core/Libs" -O0 -ffunction-sections -fdata-sections -fno-exceptions -fno-rtti -fno-use-cxa-atexit -Wall -fstack-usage -fcyclomatic-complexity -MMD -MP -MF"Core/Libs/motor_param.d" -MT"Core/Libs/motor_param.o" --specs=nano.specs -mfpu=fpv4-sp-d16 -mfloat-abi=hard -mthumb -o "Core/Libs/motor_param.o"
arm-none-eabi-g++ "../Core/Libs/pid.cpp" -mcpu=cortex-m4 -std=gnu++14 -g3 -DDEBUG -DUSE_HAL_DRIVER -DSTM32G491xx -c -I../Core/Inc -I../Drivers/STM32G4xx_HAL_Driver/Inc -I../Drivers/STM32G4xx_HAL_Driver/Inc/Legacy -I../Drivers/CMSIS/Device/ST/STM32G4xx/Include -I../Drivers/CMSIS/Include -I"C:/Users/WINDOWS 11/Documents/Robotics-RunJ/bldc_driver/control/bldc_driver_controller_runj/Core/Libs" -O0 -ffunction-sections -fdata-sections -fno-exceptions -fno-rtti -fno-use-cxa-atexit -Wall -fstack-usage -fcyclomatic-complexity -MMD -MP -MF"Core/Libs/pid.d" -MT"Core/Libs/pid.o" --specs=nano.specs -mfpu=fpv4-sp-d16 -mfloat-abi=hard -mthumb -o "Core/Libs/pid.o"
arm-none-eabi-g++ "../Core/Libs/pwm_drivers.cpp" -mcpu=cortex-m4 -std=gnu++14 -g3 -DDEBUG -DUSE_HAL_DRIVER -DSTM32G491xx -c -I../Core/Inc -I../Drivers/STM32G4xx_HAL_Driver/Inc -I../Drivers/STM32G4xx_HAL_Driver/Inc/Legacy -I../Drivers/CMSIS/Device/ST/STM32G4xx/Include -I../Drivers/CMSIS/Include -I"C:/Users/WINDOWS 11/Documents/Robotics-RunJ/bldc_driver/control/bldc_driver_controller_runj/Core/Libs" -O0 -ffunction-sections -fdata-sections -fno-exceptions -fno-rtti -fno-use-cxa-atexit -Wall -fstack-usage -fcyclomatic-complexity -MMD -MP -MF"Core/Libs/pwm_drivers.d" -MT"Core/Libs/pwm_drivers.o" --specs=nano.specs -mfpu=fpv4-sp-d16 -mfloat-abi=hard -mthumb -o "Core/Libs/pwm_drivers.o"
arm-none-eabi-g++ "../Core/Libs/simpleFOC.cpp" -mcpu=cortex-m4 -std=gnu++14 -g3 -DDEBUG -DUSE_HAL_DRIVER -DSTM32G491xx -c -I../Core/Inc -I../Drivers/STM32G4xx_HAL_Driver/Inc -I../Drivers/STM32G4xx_HAL_Driver/Inc/Legacy -I../Drivers/CMSIS/Device/ST/STM32G4xx/Include -I../Drivers/CMSIS/Include -I"C:/Users/WINDOWS 11/Documents/Robotics-RunJ/bldc_driver/control/bldc_driver_controller_runj/Core/Libs" -O0 -ffunction-sections -fdata-sections -fno-exceptions -fno-rtti -fno-use-cxa-atexit -Wall -fstack-usage -fcyclomatic-complexity -MMD -MP -MF"Core/Libs/simpleFOC.d" -MT"Core/Libs/simpleFOC.o" --specs=nano.specs -mfpu=fpv4-sp-d16 -mfloat-abi=hard -mthumb -o "Core/Libs/simpleFOC.o"
../Core/Src/main.cpp: In function 'void HAL_FDCAN_RxFifo0Callback(FDCAN_HandleTypeDef*, uint32_t)':
../Core/Src/main.cpp:143:42: warning: format '%X' expects argument of type 'unsigned int', but argument 2 has type 'uint32_t' {aka 'long unsigned int'} [-Wformat=]
  143 |         printf("Received message: ID: 0x%X, DLC: %d, Data: ",
      |                                         ~^
      |                                          |
      |                                          unsigned int
      |                                         %lX
  144 |                rxHeader.Identifier, rxHeader.DataLength >> 16);
      |                ~~~~~~~~~~~~~~~~~~~        
      |                         |
      |                         uint32_t {aka long unsigned int}
../Core/Src/main.cpp:143:51: warning: format '%d' expects argument of type 'int', but argument 3 has type 'uint32_t' {aka 'long unsigned int'} [-Wformat=]
  143 |         printf("Received message: ID: 0x%X, DLC: %d, Data: ",
      |                                                  ~^
      |                                                   |
      |                                                   int
      |                                                  %ld
  144 |                rxHeader.Identifier, rxHeader.DataLength >> 16);
      |                                     ~~~~~~~~~~~~~~~~~~~~~~~~~
      |                                                         |
      |                                                         uint32_t {aka long unsigned int}
../Core/Src/main.cpp:145:27: warning: comparison of integer expressions of different signedness: 'int' and 'uint32_t' {aka 'long unsigned int'} [-Wsign-compare]
  145 |         for (int i = 0; i < (rxHeader.DataLength >> 16); i++)
      |                         ~~^~~~~~~~~~~~~~~~~~~~~~~~~~~~~
arm-none-eabi-g++ -o "bldc_driver_controller_runj.elf" @"objects.list"   -mcpu=cortex-m4 -T"C:\Users\WINDOWS 11\Documents\Robotics-RunJ\bldc_driver\control\bldc_driver_controller_runj\STM32G491KEUX_FLASH.ld" --specs=nosys.specs -Wl,-Map="bldc_driver_controller_runj.map" -Wl,--gc-sections -static --specs=nano.specs -mfpu=fpv4-sp-d16 -mfloat-abi=hard -mthumb -Wl,--start-group -lc -lm -lstdc++ -lsupc++ -Wl,--end-group
Finished building target: bldc_driver_controller_runj.elf
 
arm-none-eabi-size  bldc_driver_controller_runj.elf 
arm-none-eabi-objdump -h -S bldc_driver_controller_runj.elf  > "bldc_driver_controller_runj.list"
   text	   data	    bss	    dec	    hex	filename
  56592	    308	   3592	  60492	   ec4c	bldc_driver_controller_runj.elf
Finished building: default.size.stdout
 
Finished building: bldc_driver_controller_runj.list
 

21:13:01 Build Finished. 0 errors, 3 warnings. (took 2s.530ms)

