20:31:46 **** Incremental Build of configuration Debug for project bldc_driver_controller_runj ****
make -j16 all 
arm-none-eabi-g++ "../Core/Libs/ekf.cpp" -mcpu=cortex-m4 -std=gnu++14 -g3 -DDEBUG -DUSE_HAL_DRIVER -DSTM32G491xx -c -I../Core/Inc -I../Drivers/STM32G4xx_HAL_Driver/Inc -I../Drivers/STM32G4xx_HAL_Driver/Inc/Legacy -I../Drivers/CMSIS/Device/ST/STM32G4xx/Include -I../Drivers/CMSIS/Include -I"C:/Users/WINDOWS 11/Documents/Robotics-RunJ/bldc_driver/control/bldc_driver_controller_runj/Core/Libs" -O0 -ffunction-sections -fdata-sections -fno-exceptions -fno-rtti -fno-use-cxa-atexit -Wall -fstack-usage -fcyclomatic-complexity -MMD -MP -MF"Core/Libs/ekf.d" -MT"Core/Libs/ekf.o" --specs=nano.specs -mfpu=fpv4-sp-d16 -mfloat-abi=hard -mthumb -o "Core/Libs/ekf.o"
../Core/Libs/ekf.cpp: In member function 'void EKF::ekf_predict(ekf_t*, const float*, const float*, const float*)':
../Core/Libs/ekf.cpp:32:21: error: storage size of 'FP' isn't constant
   32 |     static _float_t FP[EKF_N * EKF_N] = {0};
      |                     ^~
../Core/Libs/ekf.cpp:35:21: error: storage size of 'Ft' isn't constant
   35 |     static _float_t Ft[EKF_N * EKF_N] = {0};
      |                     ^~
../Core/Libs/ekf.cpp:38:21: error: storage size of 'FPFt' isn't constant
   38 |     static _float_t FPFt[EKF_N * EKF_N] = {0};
      |                     ^~~~
../Core/Libs/ekf.cpp: In member function 'void EKF::ekf_update_step3(ekf_t*, float*)':
../Core/Libs/ekf.cpp:47:21: error: storage size of 'GHP' isn't constant
   47 |     static _float_t GHP[EKF_N * EKF_N];
      |                     ^~~
../Core/Libs/ekf.cpp: In member function 'bool EKF::ekf_update(ekf_t*, const float*, const float*, const float*, const float*)':
../Core/Libs/ekf.cpp:54:21: error: storage size of 'G' isn't constant
   54 |     static _float_t G[EKF_N * EKF_M] = {0};
      |                     ^
../Core/Libs/ekf.cpp:55:21: error: storage size of 'Ht' isn't constant
   55 |     static _float_t Ht[EKF_N * EKF_M] = {0};
      |                     ^~
../Core/Libs/ekf.cpp:58:21: error: storage size of 'PHt' isn't constant
   58 |     static _float_t PHt[EKF_N * EKF_M] = {0};
      |                     ^~~
../Core/Libs/ekf.cpp:61:21: error: storage size of 'HP' isn't constant
   61 |     static _float_t HP[EKF_M * EKF_N] = {0};
      |                     ^~
../Core/Libs/ekf.cpp:64:21: error: storage size of 'HpHt' isn't constant
   64 |     static _float_t HpHt[EKF_M * EKF_M] = {0};
      |                     ^~~~
../Core/Libs/ekf.cpp:67:21: error: storage size of 'HpHtR' isn't constant
   67 |     static _float_t HpHtR[EKF_M * EKF_M] = {0};
      |                     ^~~~~
../Core/Libs/ekf.cpp:70:21: error: storage size of 'HPHtRinv' isn't constant
   70 |     static _float_t HPHtRinv[EKF_M * EKF_M] = {0};
      |                     ^~~~~~~~
../Core/Libs/ekf.cpp:78:21: error: storage size of 'z_hx' isn't constant
   78 |     static _float_t z_hx[EKF_M] = {0};
      |                     ^~~~
../Core/Libs/ekf.cpp:81:21: error: storage size of 'Gz_hx' isn't constant
   81 |     static _float_t Gz_hx[EKF_N] = {0};
      |                     ^~~~~
../Core/Libs/ekf.cpp:87:21: error: storage size of 'GH' isn't constant
   87 |     static _float_t GH[EKF_N * EKF_N] = {0};
      |                     ^~
../Core/Libs/ekf.cpp: In member function 'bool EKF::invert(const float*, float*)':
../Core/Libs/ekf.cpp:151:21: error: storage size of 'tmp' isn't constant
  151 |     static _float_t tmp[EKF_M];
      |                     ^~~
make: *** [Core/Libs/subdir.mk:46: Core/Libs/ekf.o] Error 1
"make -j16 all" terminated with exit code 2. Build might be incomplete.
20:35:53 **** Incremental Build of configuration Debug for project bldc_driver_controller_runj ****
make -j16 all 
arm-none-eabi-g++ "../Core/Libs/ekf.cpp" -mcpu=cortex-m4 -std=gnu++14 -g3 -DDEBUG -DUSE_HAL_DRIVER -DSTM32G491xx -c -I../Core/Inc -I../Drivers/STM32G4xx_HAL_Driver/Inc -I../Drivers/STM32G4xx_HAL_Driver/Inc/Legacy -I../Drivers/CMSIS/Device/ST/STM32G4xx/Include -I../Drivers/CMSIS/Include -I"C:/Users/WINDOWS 11/Documents/Robotics-RunJ/bldc_driver/control/bldc_driver_controller_runj/Core/Libs" -O0 -ffunction-sections -fdata-sections -fno-exceptions -fno-rtti -fno-use-cxa-atexit -Wall -fstack-usage -fcyclomatic-complexity -MMD -MP -MF"Core/Libs/ekf.d" -MT"Core/Libs/ekf.o" --specs=nano.specs -mfpu=fpv4-sp-d16 -mfloat-abi=hard -mthumb -o "Core/Libs/ekf.o"
../Core/Libs/ekf.cpp: In member function 'void EKF::ekf_predict(ekf_t*, const float*, const float*, const float*)':
../Core/Libs/ekf.cpp:32:21: error: storage size of 'FP' isn't constant
   32 |     static _float_t FP[EKF_N * EKF_N] = {0};
      |                     ^~
../Core/Libs/ekf.cpp:35:21: error: storage size of 'Ft' isn't constant
   35 |     static _float_t Ft[EKF_N * EKF_N] = {0};
      |                     ^~
../Core/Libs/ekf.cpp:38:21: error: storage size of 'FPFt' isn't constant
   38 |     static _float_t FPFt[EKF_N * EKF_N] = {0};
      |                     ^~~~
../Core/Libs/ekf.cpp: In member function 'void EKF::ekf_update_step3(ekf_t*, float*)':
../Core/Libs/ekf.cpp:47:21: error: storage size of 'GHP' isn't constant
   47 |     static _float_t GHP[EKF_N * EKF_N];
      |                     ^~~
../Core/Libs/ekf.cpp: In member function 'bool EKF::invert(const float*, float*)':
../Core/Libs/ekf.cpp:152:21: error: storage size of 'tmp' isn't constant
  152 |     static _float_t tmp[EKF_M];
      |                     ^~~
make: *** [Core/Libs/subdir.mk:46: Core/Libs/ekf.o] Error 1
"make -j16 all" terminated with exit code 2. Build might be incomplete.
20:36:44 **** Incremental Build of configuration Debug for project bldc_driver_controller_runj ****
make -j16 all 
arm-none-eabi-g++ "../Core/Libs/ekf.cpp" -mcpu=cortex-m4 -std=gnu++14 -g3 -DDEBUG -DUSE_HAL_DRIVER -DSTM32G491xx -c -I../Core/Inc -I../Drivers/STM32G4xx_HAL_Driver/Inc -I../Drivers/STM32G4xx_HAL_Driver/Inc/Legacy -I../Drivers/CMSIS/Device/ST/STM32G4xx/Include -I../Drivers/CMSIS/Include -I"C:/Users/WINDOWS 11/Documents/Robotics-RunJ/bldc_driver/control/bldc_driver_controller_runj/Core/Libs" -O0 -ffunction-sections -fdata-sections -fno-exceptions -fno-rtti -fno-use-cxa-atexit -Wall -fstack-usage -fcyclomatic-complexity -MMD -MP -MF"Core/Libs/ekf.d" -MT"Core/Libs/ekf.o" --specs=nano.specs -mfpu=fpv4-sp-d16 -mfloat-abi=hard -mthumb -o "Core/Libs/ekf.o"
arm-none-eabi-g++ -o "bldc_driver_controller_runj.elf" @"objects.list"   -mcpu=cortex-m4 -T"C:\Users\WINDOWS 11\Documents\Robotics-RunJ\bldc_driver\control\bldc_driver_controller_runj\STM32G491KEUX_FLASH.ld" --specs=nosys.specs -Wl,-Map="bldc_driver_controller_runj.map" -Wl,--gc-sections -static --specs=nano.specs -mfpu=fpv4-sp-d16 -mfloat-abi=hard -mthumb -Wl,--start-group -lc -lm -lstdc++ -lsupc++ -Wl,--end-group
C:/ST/STM32CubeIDE_1.15.1/STM32CubeIDE/plugins/com.st.stm32cube.ide.mcu.externaltools.gnu-tools-for-stm32.12.3.rel1.win32_1.0.100.202403111256/tools/bin/../lib/gcc/arm-none-eabi/12.3.1/../../../../arm-none-eabi/bin/ld.exe: ./Core/Libs/ekf.o: in function `EKF::ekf_update(ekf_t*, float const*, float const*, float const*, float const*)':
C:/Users/WINDOWS 11/Documents/Robotics-RunJ/bldc_driver/control/bldc_driver_controller_runj/Debug/../Core/Libs/ekf.cpp:84: undefined reference to `EKF::_sub(float const*, float const*, float*, int)'
C:/ST/STM32CubeIDE_1.15.1/STM32CubeIDE/plugins/com.st.stm32cube.ide.mcu.externaltools.gnu-tools-for-stm32.12.3.rel1.win32_1.0.100.202403111256/tools/bin/../lib/gcc/arm-none-eabi/12.3.1/../../../../arm-none-eabi/bin/ld.exe: C:/Users/WINDOWS 11/Documents/Robotics-RunJ/bldc_driver/control/bldc_driver_controller_runj/Debug/../Core/Libs/ekf.cpp:89: undefined reference to `EKF::_addvec(float const*, float const*, float*, int)'
C:/ST/STM32CubeIDE_1.15.1/STM32CubeIDE/plugins/com.st.stm32cube.ide.mcu.externaltools.gnu-tools-for-stm32.12.3.rel1.win32_1.0.100.202403111256/tools/bin/../lib/gcc/arm-none-eabi/12.3.1/../../../../arm-none-eabi/bin/ld.exe: ./Core/Libs/ekf.o: in function `EKF::invert(float const*, float*)':
C:/Users/WINDOWS 11/Documents/Robotics-RunJ/bldc_driver/control/bldc_driver_controller_runj/Debug/../Core/Libs/ekf.cpp:161: undefined reference to `EKF::_cholsl(float const*, float*, float*, int)'
collect2.exe: error: ld returned 1 exit status
make: *** [makefile:89: bldc_driver_controller_runj.elf] Error 1
"make -j16 all" terminated with exit code 2. Build might be incomplete.
20:37:11 **** Incremental Build of configuration Debug for project bldc_driver_controller_runj ****
make -j16 all 
arm-none-eabi-g++ "../Core/Libs/ekf.cpp" -mcpu=cortex-m4 -std=gnu++14 -g3 -DDEBUG -DUSE_HAL_DRIVER -DSTM32G491xx -c -I../Core/Inc -I../Drivers/STM32G4xx_HAL_Driver/Inc -I../Drivers/STM32G4xx_HAL_Driver/Inc/Legacy -I../Drivers/CMSIS/Device/ST/STM32G4xx/Include -I../Drivers/CMSIS/Include -I"C:/Users/WINDOWS 11/Documents/Robotics-RunJ/bldc_driver/control/bldc_driver_controller_runj/Core/Libs" -O0 -ffunction-sections -fdata-sections -fno-exceptions -fno-rtti -fno-use-cxa-atexit -Wall -fstack-usage -fcyclomatic-complexity -MMD -MP -MF"Core/Libs/ekf.d" -MT"Core/Libs/ekf.o" --specs=nano.specs -mfpu=fpv4-sp-d16 -mfloat-abi=hard -mthumb -o "Core/Libs/ekf.o"
arm-none-eabi-g++ -o "bldc_driver_controller_runj.elf" @"objects.list"   -mcpu=cortex-m4 -T"C:\Users\WINDOWS 11\Documents\Robotics-RunJ\bldc_driver\control\bldc_driver_controller_runj\STM32G491KEUX_FLASH.ld" --specs=nosys.specs -Wl,-Map="bldc_driver_controller_runj.map" -Wl,--gc-sections -static --specs=nano.specs -mfpu=fpv4-sp-d16 -mfloat-abi=hard -mthumb -Wl,--start-group -lc -lm -lstdc++ -lsupc++ -Wl,--end-group
C:/ST/STM32CubeIDE_1.15.1/STM32CubeIDE/plugins/com.st.stm32cube.ide.mcu.externaltools.gnu-tools-for-stm32.12.3.rel1.win32_1.0.100.202403111256/tools/bin/../lib/gcc/arm-none-eabi/12.3.1/../../../../arm-none-eabi/bin/ld.exe: ./Core/Libs/ekf.o: in function `EKF::ekf_update(ekf_t*, float const*, float const*, float const*, float const*)':
C:/Users/WINDOWS 11/Documents/Robotics-RunJ/bldc_driver/control/bldc_driver_controller_runj/Debug/../Core/Libs/ekf.cpp:84: undefined reference to `EKF::_sub(float const*, float const*, float*, int)'
C:/ST/STM32CubeIDE_1.15.1/STM32CubeIDE/plugins/com.st.stm32cube.ide.mcu.externaltools.gnu-tools-for-stm32.12.3.rel1.win32_1.0.100.202403111256/tools/bin/../lib/gcc/arm-none-eabi/12.3.1/../../../../arm-none-eabi/bin/ld.exe: C:/Users/WINDOWS 11/Documents/Robotics-RunJ/bldc_driver/control/bldc_driver_controller_runj/Debug/../Core/Libs/ekf.cpp:89: undefined reference to `EKF::_addvec(float const*, float const*, float*, int)'
C:/ST/STM32CubeIDE_1.15.1/STM32CubeIDE/plugins/com.st.stm32cube.ide.mcu.externaltools.gnu-tools-for-stm32.12.3.rel1.win32_1.0.100.202403111256/tools/bin/../lib/gcc/arm-none-eabi/12.3.1/../../../../arm-none-eabi/bin/ld.exe: ./Core/Libs/ekf.o: in function `EKF::_cholsl(float const*, float*, float*, int)':
C:/Users/WINDOWS 11/Documents/Robotics-RunJ/bldc_driver/control/bldc_driver_controller_runj/Debug/../Core/Libs/ekf.cpp:505: undefined reference to `EKF::_choldcsl(float const*, float*, float*, int)'
collect2.exe: error: ld returned 1 exit status
make: *** [makefile:89: bldc_driver_controller_runj.elf] Error 1
"make -j16 all" terminated with exit code 2. Build might be incomplete.
20:37:44 **** Incremental Build of configuration Debug for project bldc_driver_controller_runj ****
make -j16 all 
arm-none-eabi-g++ "../Core/Libs/ekf.cpp" -mcpu=cortex-m4 -std=gnu++14 -g3 -DDEBUG -DUSE_HAL_DRIVER -DSTM32G491xx -c -I../Core/Inc -I../Drivers/STM32G4xx_HAL_Driver/Inc -I../Drivers/STM32G4xx_HAL_Driver/Inc/Legacy -I../Drivers/CMSIS/Device/ST/STM32G4xx/Include -I../Drivers/CMSIS/Include -I"C:/Users/WINDOWS 11/Documents/Robotics-RunJ/bldc_driver/control/bldc_driver_controller_runj/Core/Libs" -O0 -ffunction-sections -fdata-sections -fno-exceptions -fno-rtti -fno-use-cxa-atexit -Wall -fstack-usage -fcyclomatic-complexity -MMD -MP -MF"Core/Libs/ekf.d" -MT"Core/Libs/ekf.o" --specs=nano.specs -mfpu=fpv4-sp-d16 -mfloat-abi=hard -mthumb -o "Core/Libs/ekf.o"
arm-none-eabi-g++ -o "bldc_driver_controller_runj.elf" @"objects.list"   -mcpu=cortex-m4 -T"C:\Users\WINDOWS 11\Documents\Robotics-RunJ\bldc_driver\control\bldc_driver_controller_runj\STM32G491KEUX_FLASH.ld" --specs=nosys.specs -Wl,-Map="bldc_driver_controller_runj.map" -Wl,--gc-sections -static --specs=nano.specs -mfpu=fpv4-sp-d16 -mfloat-abi=hard -mthumb -Wl,--start-group -lc -lm -lstdc++ -lsupc++ -Wl,--end-group
C:/ST/STM32CubeIDE_1.15.1/STM32CubeIDE/plugins/com.st.stm32cube.ide.mcu.externaltools.gnu-tools-for-stm32.12.3.rel1.win32_1.0.100.202403111256/tools/bin/../lib/gcc/arm-none-eabi/12.3.1/../../../../arm-none-eabi/bin/ld.exe: ./Core/Libs/ekf.o: in function `EKF::ekf_update(ekf_t*, float const*, float const*, float const*, float const*)':
C:/Users/WINDOWS 11/Documents/Robotics-RunJ/bldc_driver/control/bldc_driver_controller_runj/Debug/../Core/Libs/ekf.cpp:89: undefined reference to `EKF::_addvec(float const*, float const*, float*, int)'
C:/ST/STM32CubeIDE_1.15.1/STM32CubeIDE/plugins/com.st.stm32cube.ide.mcu.externaltools.gnu-tools-for-stm32.12.3.rel1.win32_1.0.100.202403111256/tools/bin/../lib/gcc/arm-none-eabi/12.3.1/../../../../arm-none-eabi/bin/ld.exe: ./Core/Libs/ekf.o: in function `EKF::_cholsl(float const*, float*, float*, int)':
C:/Users/WINDOWS 11/Documents/Robotics-RunJ/bldc_driver/control/bldc_driver_controller_runj/Debug/../Core/Libs/ekf.cpp:505: undefined reference to `EKF::_choldcsl(float const*, float*, float*, int)'
collect2.exe: error: ld returned 1 exit status
make: *** [makefile:89: bldc_driver_controller_runj.elf] Error 1
"make -j16 all" terminated with exit code 2. Build might be incomplete.
20:38:26 **** Incremental Build of configuration Debug for project bldc_driver_controller_runj ****
make -j16 all 
arm-none-eabi-g++ "../Core/Libs/ekf.cpp" -mcpu=cortex-m4 -std=gnu++14 -g3 -DDEBUG -DUSE_HAL_DRIVER -DSTM32G491xx -c -I../Core/Inc -I../Drivers/STM32G4xx_HAL_Driver/Inc -I../Drivers/STM32G4xx_HAL_Driver/Inc/Legacy -I../Drivers/CMSIS/Device/ST/STM32G4xx/Include -I../Drivers/CMSIS/Include -I"C:/Users/WINDOWS 11/Documents/Robotics-RunJ/bldc_driver/control/bldc_driver_controller_runj/Core/Libs" -O0 -ffunction-sections -fdata-sections -fno-exceptions -fno-rtti -fno-use-cxa-atexit -Wall -fstack-usage -fcyclomatic-complexity -MMD -MP -MF"Core/Libs/ekf.d" -MT"Core/Libs/ekf.o" --specs=nano.specs -mfpu=fpv4-sp-d16 -mfloat-abi=hard -mthumb -o "Core/Libs/ekf.o"
../Core/Libs/ekf.cpp:376:7: error: redefinition of 'void EKF::_mulmat(const float*, const float*, float*, int, int, int)'
  376 |  void EKF::_mulmat(
      |       ^~~
../Core/Libs/ekf.cpp:103:6: note: 'void EKF::_mulmat(const float*, const float*, float*, int, int, int)' previously defined here
  103 | void EKF::_mulmat(const _float_t * a, const _float_t * b, _float_t * c, const int arows, const int acols, const int bcols) {
      |      ^~~
../Core/Libs/ekf.cpp:395:7: error: redefinition of 'void EKF::_mulvec(const float*, const float*, float*, int, int)'
  395 |  void EKF::_mulvec(
      |       ^~~
../Core/Libs/ekf.cpp:115:6: note: 'void EKF::_mulvec(const float*, const float*, float*, int, int)' previously defined here
  115 | void EKF::_mulvec(const _float_t * a, const _float_t * x, _float_t * y, const int m, const int n) {
      |      ^~~
../Core/Libs/ekf.cpp:410:7: error: redefinition of 'void EKF::_transpose(const float*, float*, int, int)'
  410 |  void EKF::_transpose(
      |       ^~~
../Core/Libs/ekf.cpp:125:6: note: 'void EKF::_transpose(const float*, float*, int, int)' previously defined here
  125 | void EKF::_transpose(const _float_t * a, _float_t * at, const int m, const int n) {
      |      ^~~
../Core/Libs/ekf.cpp:420:7: error: redefinition of 'void EKF::_addmat(const float*, const float*, float*, int, int)'
  420 |  void EKF::_addmat(
      |       ^~~
../Core/Libs/ekf.cpp:134:6: note: 'void EKF::_addmat(const float*, const float*, float*, int, int)' previously defined here
  134 | void EKF::_addmat(const _float_t * a, const _float_t * b, _float_t * c, const int m, const int n) {
      |      ^~~
../Core/Libs/ekf.cpp:432:7: error: redefinition of 'void EKF::_negate(float*, int, int)'
  432 |  void EKF::_negate(_float_t * a, const int m, const int n)
      |       ^~~
../Core/Libs/ekf.cpp:142:6: note: 'void EKF::_negate(float*, int, int)' previously defined here
  142 | void EKF::_negate(_float_t * a, const int m, const int n) {
      |      ^~~
../Core/Libs/ekf.cpp:442:7: error: redefinition of 'void EKF::_addeye(float*, int)'
  442 |  void EKF::_addeye(_float_t * a, const int n)
      |       ^~~
../Core/Libs/ekf.cpp:150:6: note: 'void EKF::_addeye(float*, int)' previously defined here
  150 | void EKF::_addeye(_float_t * a, const int n) {
      |      ^~~
../Core/Libs/ekf.cpp:553:7: error: redefinition of 'bool EKF::invert(const float*, float*)'
  553 |  bool EKF::invert(const _float_t * a, _float_t * ainv)
      |       ^~~
../Core/Libs/ekf.cpp:156:6: note: 'bool EKF::invert(const float*, float*)' previously defined here
  156 | bool EKF::invert(const _float_t* a, _float_t* ainv) {
      |      ^~~
make: *** [Core/Libs/subdir.mk:46: Core/Libs/ekf.o] Error 1
"make -j16 all" terminated with exit code 2. Build might be incomplete.
20:39:14 **** Incremental Build of configuration Debug for project bldc_driver_controller_runj ****
make -j16 all 
arm-none-eabi-g++ "../Core/Libs/ekf.cpp" -mcpu=cortex-m4 -std=gnu++14 -g3 -DDEBUG -DUSE_HAL_DRIVER -DSTM32G491xx -c -I../Core/Inc -I../Drivers/STM32G4xx_HAL_Driver/Inc -I../Drivers/STM32G4xx_HAL_Driver/Inc/Legacy -I../Drivers/CMSIS/Device/ST/STM32G4xx/Include -I../Drivers/CMSIS/Include -I"C:/Users/WINDOWS 11/Documents/Robotics-RunJ/bldc_driver/control/bldc_driver_controller_runj/Core/Libs" -O0 -ffunction-sections -fdata-sections -fno-exceptions -fno-rtti -fno-use-cxa-atexit -Wall -fstack-usage -fcyclomatic-complexity -MMD -MP -MF"Core/Libs/ekf.d" -MT"Core/Libs/ekf.o" --specs=nano.specs -mfpu=fpv4-sp-d16 -mfloat-abi=hard -mthumb -o "Core/Libs/ekf.o"
../Core/Libs/ekf.cpp:553:7: error: redefinition of 'bool EKF::invert(const float*, float*)'
  553 |  bool EKF::invert(const _float_t * a, _float_t * ainv)
      |       ^~~
../Core/Libs/ekf.cpp:156:6: note: 'bool EKF::invert(const float*, float*)' previously defined here
  156 | bool EKF::invert(const _float_t* a, _float_t* ainv) {
      |      ^~~
make: *** [Core/Libs/subdir.mk:46: Core/Libs/ekf.o] Error 1
"make -j16 all" terminated with exit code 2. Build might be incomplete.
20:39:28 **** Incremental Build of configuration Debug for project bldc_driver_controller_runj ****
make -j16 all 
arm-none-eabi-g++ "../Core/Libs/ekf.cpp" -mcpu=cortex-m4 -std=gnu++14 -g3 -DDEBUG -DUSE_HAL_DRIVER -DSTM32G491xx -c -I../Core/Inc -I../Drivers/STM32G4xx_HAL_Driver/Inc -I../Drivers/STM32G4xx_HAL_Driver/Inc/Legacy -I../Drivers/CMSIS/Device/ST/STM32G4xx/Include -I../Drivers/CMSIS/Include -I"C:/Users/WINDOWS 11/Documents/Robotics-RunJ/bldc_driver/control/bldc_driver_controller_runj/Core/Libs" -O0 -ffunction-sections -fdata-sections -fno-exceptions -fno-rtti -fno-use-cxa-atexit -Wall -fstack-usage -fcyclomatic-complexity -MMD -MP -MF"Core/Libs/ekf.d" -MT"Core/Libs/ekf.o" --specs=nano.specs -mfpu=fpv4-sp-d16 -mfloat-abi=hard -mthumb -o "Core/Libs/ekf.o"
arm-none-eabi-g++ -o "bldc_driver_controller_runj.elf" @"objects.list"   -mcpu=cortex-m4 -T"C:\Users\WINDOWS 11\Documents\Robotics-RunJ\bldc_driver\control\bldc_driver_controller_runj\STM32G491KEUX_FLASH.ld" --specs=nosys.specs -Wl,-Map="bldc_driver_controller_runj.map" -Wl,--gc-sections -static --specs=nano.specs -mfpu=fpv4-sp-d16 -mfloat-abi=hard -mthumb -Wl,--start-group -lc -lm -lstdc++ -lsupc++ -Wl,--end-group
Finished building target: bldc_driver_controller_runj.elf
 
arm-none-eabi-size  bldc_driver_controller_runj.elf 
arm-none-eabi-objdump -h -S bldc_driver_controller_runj.elf  > "bldc_driver_controller_runj.list"
   text	   data	    bss	    dec	    hex	filename
  55476	    360	   3672	  59508	   e874	bldc_driver_controller_runj.elf
Finished building: default.size.stdout
 
Finished building: bldc_driver_controller_runj.list
 
20:40:03 **** Incremental Build of configuration Debug for project bldc_driver_controller_runj ****
make -j16 all 
arm-none-eabi-g++ "../Core/Src/main.cpp" -mcpu=cortex-m4 -std=gnu++14 -g3 -DDEBUG -DUSE_HAL_DRIVER -DSTM32G491xx -c -I../Core/Inc -I../Drivers/STM32G4xx_HAL_Driver/Inc -I../Drivers/STM32G4xx_HAL_Driver/Inc/Legacy -I../Drivers/CMSIS/Device/ST/STM32G4xx/Include -I../Drivers/CMSIS/Include -I"C:/Users/WINDOWS 11/Documents/Robotics-RunJ/bldc_driver/control/bldc_driver_controller_runj/Core/Libs" -O0 -ffunction-sections -fdata-sections -fno-exceptions -fno-rtti -fno-use-cxa-atexit -Wall -fstack-usage -fcyclomatic-complexity -MMD -MP -MF"Core/Src/main.d" -MT"Core/Src/main.o" --specs=nano.specs -mfpu=fpv4-sp-d16 -mfloat-abi=hard -mthumb -o "Core/Src/main.o"
../Core/Src/main.cpp: In function 'void HAL_FDCAN_RxFifo0Callback(FDCAN_HandleTypeDef*, uint32_t)':
../Core/Src/main.cpp:188:31: warning: comparison of integer expressions of different signedness: 'int' and 'uint32_t' {aka 'long unsigned int'} [-Wsign-compare]
  188 |             for (int i = 0; i < rxHeader.DataLength; i++)
      |                             ~~^~~~~~~~~~~~~~~~~~~~~
arm-none-eabi-g++ -o "bldc_driver_controller_runj.elf" @"objects.list"   -mcpu=cortex-m4 -T"C:\Users\WINDOWS 11\Documents\Robotics-RunJ\bldc_driver\control\bldc_driver_controller_runj\STM32G491KEUX_FLASH.ld" --specs=nosys.specs -Wl,-Map="bldc_driver_controller_runj.map" -Wl,--gc-sections -static --specs=nano.specs -mfpu=fpv4-sp-d16 -mfloat-abi=hard -mthumb -Wl,--start-group -lc -lm -lstdc++ -lsupc++ -Wl,--end-group
Finished building target: bldc_driver_controller_runj.elf
 
arm-none-eabi-size  bldc_driver_controller_runj.elf 
arm-none-eabi-objdump -h -S bldc_driver_controller_runj.elf  > "bldc_driver_controller_runj.list"
   text	   data	    bss	    dec	    hex	filename
  55084	    352	   3672	  59108	   e6e4	bldc_driver_controller_runj.elf
Finished building: default.size.stdout
 
Finished building: bldc_driver_controller_runj.list
 
20:40:47 **** Incremental Build of configuration Debug for project bldc_driver_controller_runj ****
make -j16 all 
arm-none-eabi-g++ "../Core/Src/main.cpp" -mcpu=cortex-m4 -std=gnu++14 -g3 -DDEBUG -DUSE_HAL_DRIVER -DSTM32G491xx -c -I../Core/Inc -I../Drivers/STM32G4xx_HAL_Driver/Inc -I../Drivers/STM32G4xx_HAL_Driver/Inc/Legacy -I../Drivers/CMSIS/Device/ST/STM32G4xx/Include -I../Drivers/CMSIS/Include -I"C:/Users/WINDOWS 11/Documents/Robotics-RunJ/bldc_driver/control/bldc_driver_controller_runj/Core/Libs" -O0 -ffunction-sections -fdata-sections -fno-exceptions -fno-rtti -fno-use-cxa-atexit -Wall -fstack-usage -fcyclomatic-complexity -MMD -MP -MF"Core/Src/main.d" -MT"Core/Src/main.o" --specs=nano.specs -mfpu=fpv4-sp-d16 -mfloat-abi=hard -mthumb -o "Core/Src/main.o"
../Core/Src/main.cpp: In function 'void HAL_FDCAN_RxFifo0Callback(FDCAN_HandleTypeDef*, uint32_t)':
../Core/Src/main.cpp:188:31: warning: comparison of integer expressions of different signedness: 'int' and 'uint32_t' {aka 'long unsigned int'} [-Wsign-compare]
  188 |             for (int i = 0; i < rxHeader.DataLength; i++)
      |                             ~~^~~~~~~~~~~~~~~~~~~~~
arm-none-eabi-g++ -o "bldc_driver_controller_runj.elf" @"objects.list"   -mcpu=cortex-m4 -T"C:\Users\WINDOWS 11\Documents\Robotics-RunJ\bldc_driver\control\bldc_driver_controller_runj\STM32G491KEUX_FLASH.ld" --specs=nosys.specs -Wl,-Map="bldc_driver_controller_runj.map" -Wl,--gc-sections -static --specs=nano.specs -mfpu=fpv4-sp-d16 -mfloat-abi=hard -mthumb -Wl,--start-group -lc -lm -lstdc++ -lsupc++ -Wl,--end-group
Finished building target: bldc_driver_controller_runj.elf
 
arm-none-eabi-size  bldc_driver_controller_runj.elf 
arm-none-eabi-objdump -h -S bldc_driver_controller_runj.elf  > "bldc_driver_controller_runj.list"
   text	   data	    bss	    dec	    hex	filename
  55092	    352	   3672	  59116	   e6ec	bldc_driver_controller_runj.elf
Finished building: default.size.stdout
 
Finished building: bldc_driver_controller_runj.list
 
20:41:47 **** Incremental Build of configuration Debug for project bldc_driver_controller_runj ****
make -j16 all 
arm-none-eabi-g++ "../Core/Src/main.cpp" -mcpu=cortex-m4 -std=gnu++14 -g3 -DDEBUG -DUSE_HAL_DRIVER -DSTM32G491xx -c -I../Core/Inc -I../Drivers/STM32G4xx_HAL_Driver/Inc -I../Drivers/STM32G4xx_HAL_Driver/Inc/Legacy -I../Drivers/CMSIS/Device/ST/STM32G4xx/Include -I../Drivers/CMSIS/Include -I"C:/Users/WINDOWS 11/Documents/Robotics-RunJ/bldc_driver/control/bldc_driver_controller_runj/Core/Libs" -O0 -ffunction-sections -fdata-sections -fno-exceptions -fno-rtti -fno-use-cxa-atexit -Wall -fstack-usage -fcyclomatic-complexity -MMD -MP -MF"Core/Src/main.d" -MT"Core/Src/main.o" --specs=nano.specs -mfpu=fpv4-sp-d16 -mfloat-abi=hard -mthumb -o "Core/Src/main.o"
../Core/Src/main.cpp: In function 'void HAL_FDCAN_RxFifo0Callback(FDCAN_HandleTypeDef*, uint32_t)':
../Core/Src/main.cpp:188:31: warning: comparison of integer expressions of different signedness: 'int' and 'uint32_t' {aka 'long unsigned int'} [-Wsign-compare]
  188 |             for (int i = 0; i < rxHeader.DataLength; i++)
      |                             ~~^~~~~~~~~~~~~~~~~~~~~
../Core/Src/main.cpp: In function 'int main()':
../Core/Src/main.cpp:350:20: warning: unused variable 't_now' [-Wunused-variable]
  350 |           uint32_t t_now = micros(); // Get the current time
      |                    ^~~~~
../Core/Src/main.cpp:343:20: warning: unused variable 'target_period_loopFOC' [-Wunused-variable]
  343 |     const uint32_t target_period_loopFOC = 500; // 125 µs for 8 kHz
      |                    ^~~~~~~~~~~~~~~~~~~~~
../Core/Src/main.cpp:344:20: warning: unused variable 'target_period_move_torque' [-Wunused-variable]
  344 |     const uint32_t target_period_move_torque = 1000; // 1000 µs for 1 kHz
      |                    ^~~~~~~~~~~~~~~~~~~~~~~~~
../Core/Src/main.cpp:345:14: warning: unused variable 't_loopFOC_start' [-Wunused-variable]
  345 |     uint32_t t_loopFOC_start = 0; // Timestamp for loopFOC
      |              ^~~~~~~~~~~~~~~
../Core/Src/main.cpp:346:14: warning: unused variable 't_move_torque_start' [-Wunused-variable]
  346 |     uint32_t t_move_torque_start = 0; // Timestamp for move_torque
      |              ^~~~~~~~~~~~~~~~~~~
arm-none-eabi-g++ -o "bldc_driver_controller_runj.elf" @"objects.list"   -mcpu=cortex-m4 -T"C:\Users\WINDOWS 11\Documents\Robotics-RunJ\bldc_driver\control\bldc_driver_controller_runj\STM32G491KEUX_FLASH.ld" --specs=nosys.specs -Wl,-Map="bldc_driver_controller_runj.map" -Wl,--gc-sections -static --specs=nano.specs -mfpu=fpv4-sp-d16 -mfloat-abi=hard -mthumb -Wl,--start-group -lc -lm -lstdc++ -lsupc++ -Wl,--end-group
Finished building target: bldc_driver_controller_runj.elf
 
arm-none-eabi-size  bldc_driver_controller_runj.elf 
arm-none-eabi-objdump -h -S bldc_driver_controller_runj.elf  > "bldc_driver_controller_runj.list"
   text	   data	    bss	    dec	    hex	filename
  55068	    352	   3672	  59092	   e6d4	bldc_driver_controller_runj.elf
Finished building: default.size.stdout
 
Finished building: bldc_driver_controller_runj.list
 
20:42:52 **** Incremental Build of configuration Debug for project bldc_driver_controller_runj ****
make -j16 all 
arm-none-eabi-g++ "../Core/Libs/CurrentSense.cpp" -mcpu=cortex-m4 -std=gnu++14 -g3 -DDEBUG -DUSE_HAL_DRIVER -DSTM32G491xx -c -I../Core/Inc -I../Drivers/STM32G4xx_HAL_Driver/Inc -I../Drivers/STM32G4xx_HAL_Driver/Inc/Legacy -I../Drivers/CMSIS/Device/ST/STM32G4xx/Include -I../Drivers/CMSIS/Include -I"C:/Users/WINDOWS 11/Documents/Robotics-RunJ/bldc_driver/control/bldc_driver_controller_runj/Core/Libs" -O0 -ffunction-sections -fdata-sections -fno-exceptions -fno-rtti -fno-use-cxa-atexit -Wall -fstack-usage -fcyclomatic-complexity -MMD -MP -MF"Core/Libs/CurrentSense.d" -MT"Core/Libs/CurrentSense.o" --specs=nano.specs -mfpu=fpv4-sp-d16 -mfloat-abi=hard -mthumb -o "Core/Libs/CurrentSense.o"
arm-none-eabi-g++ -o "bldc_driver_controller_runj.elf" @"objects.list"   -mcpu=cortex-m4 -T"C:\Users\WINDOWS 11\Documents\Robotics-RunJ\bldc_driver\control\bldc_driver_controller_runj\STM32G491KEUX_FLASH.ld" --specs=nosys.specs -Wl,-Map="bldc_driver_controller_runj.map" -Wl,--gc-sections -static --specs=nano.specs -mfpu=fpv4-sp-d16 -mfloat-abi=hard -mthumb -Wl,--start-group -lc -lm -lstdc++ -lsupc++ -Wl,--end-group
Finished building target: bldc_driver_controller_runj.elf
 
arm-none-eabi-size  bldc_driver_controller_runj.elf 
arm-none-eabi-objdump -h -S bldc_driver_controller_runj.elf  > "bldc_driver_controller_runj.list"
   text	   data	    bss	    dec	    hex	filename
  54724	    352	   3672	  58748	   e57c	bldc_driver_controller_runj.elf
Finished building: default.size.stdout
 
Finished building: bldc_driver_controller_runj.list
 
20:43:57 **** Incremental Build of configuration Debug for project bldc_driver_controller_runj ****
make -j16 all 
arm-none-eabi-g++ "../Core/Src/main.cpp" -mcpu=cortex-m4 -std=gnu++14 -g3 -DDEBUG -DUSE_HAL_DRIVER -DSTM32G491xx -c -I../Core/Inc -I../Drivers/STM32G4xx_HAL_Driver/Inc -I../Drivers/STM32G4xx_HAL_Driver/Inc/Legacy -I../Drivers/CMSIS/Device/ST/STM32G4xx/Include -I../Drivers/CMSIS/Include -I"C:/Users/WINDOWS 11/Documents/Robotics-RunJ/bldc_driver/control/bldc_driver_controller_runj/Core/Libs" -O0 -ffunction-sections -fdata-sections -fno-exceptions -fno-rtti -fno-use-cxa-atexit -Wall -fstack-usage -fcyclomatic-complexity -MMD -MP -MF"Core/Src/main.d" -MT"Core/Src/main.o" --specs=nano.specs -mfpu=fpv4-sp-d16 -mfloat-abi=hard -mthumb -o "Core/Src/main.o"
../Core/Src/main.cpp: In function 'void HAL_FDCAN_RxFifo0Callback(FDCAN_HandleTypeDef*, uint32_t)':
../Core/Src/main.cpp:188:31: warning: comparison of integer expressions of different signedness: 'int' and 'uint32_t' {aka 'long unsigned int'} [-Wsign-compare]
  188 |             for (int i = 0; i < rxHeader.DataLength; i++)
      |                             ~~^~~~~~~~~~~~~~~~~~~~~
../Core/Src/main.cpp: In function 'int main()':
../Core/Src/main.cpp:344:20: warning: unused variable 'target_period_move_torque' [-Wunused-variable]
  344 |     const uint32_t target_period_move_torque = 1000; // 1000 µs for 1 kHz
      |                    ^~~~~~~~~~~~~~~~~~~~~~~~~
../Core/Src/main.cpp:346:14: warning: unused variable 't_move_torque_start' [-Wunused-variable]
  346 |     uint32_t t_move_torque_start = 0; // Timestamp for move_torque
      |              ^~~~~~~~~~~~~~~~~~~
arm-none-eabi-g++ -o "bldc_driver_controller_runj.elf" @"objects.list"   -mcpu=cortex-m4 -T"C:\Users\WINDOWS 11\Documents\Robotics-RunJ\bldc_driver\control\bldc_driver_controller_runj\STM32G491KEUX_FLASH.ld" --specs=nosys.specs -Wl,-Map="bldc_driver_controller_runj.map" -Wl,--gc-sections -static --specs=nano.specs -mfpu=fpv4-sp-d16 -mfloat-abi=hard -mthumb -Wl,--start-group -lc -lm -lstdc++ -lsupc++ -Wl,--end-group
Finished building target: bldc_driver_controller_runj.elf
 
arm-none-eabi-size  bldc_driver_controller_runj.elf 
arm-none-eabi-objdump -h -S bldc_driver_controller_runj.elf  > "bldc_driver_controller_runj.list"
   text	   data	    bss	    dec	    hex	filename
  54788	    360	   3672	  58820	   e5c4	bldc_driver_controller_runj.elf
Finished building: default.size.stdout
 
Finished building: bldc_driver_controller_runj.list
 
20:45:00 **** Incremental Build of configuration Debug for project bldc_driver_controller_runj ****
make -j16 all 
arm-none-eabi-g++ "../Core/Src/main.cpp" -mcpu=cortex-m4 -std=gnu++14 -g3 -DDEBUG -DUSE_HAL_DRIVER -DSTM32G491xx -c -I../Core/Inc -I../Drivers/STM32G4xx_HAL_Driver/Inc -I../Drivers/STM32G4xx_HAL_Driver/Inc/Legacy -I../Drivers/CMSIS/Device/ST/STM32G4xx/Include -I../Drivers/CMSIS/Include -I"C:/Users/WINDOWS 11/Documents/Robotics-RunJ/bldc_driver/control/bldc_driver_controller_runj/Core/Libs" -O0 -ffunction-sections -fdata-sections -fno-exceptions -fno-rtti -fno-use-cxa-atexit -Wall -fstack-usage -fcyclomatic-complexity -MMD -MP -MF"Core/Src/main.d" -MT"Core/Src/main.o" --specs=nano.specs -mfpu=fpv4-sp-d16 -mfloat-abi=hard -mthumb -o "Core/Src/main.o"
arm-none-eabi-g++ "../Core/Libs/simpleFOC.cpp" -mcpu=cortex-m4 -std=gnu++14 -g3 -DDEBUG -DUSE_HAL_DRIVER -DSTM32G491xx -c -I../Core/Inc -I../Drivers/STM32G4xx_HAL_Driver/Inc -I../Drivers/STM32G4xx_HAL_Driver/Inc/Legacy -I../Drivers/CMSIS/Device/ST/STM32G4xx/Include -I../Drivers/CMSIS/Include -I"C:/Users/WINDOWS 11/Documents/Robotics-RunJ/bldc_driver/control/bldc_driver_controller_runj/Core/Libs" -O0 -ffunction-sections -fdata-sections -fno-exceptions -fno-rtti -fno-use-cxa-atexit -Wall -fstack-usage -fcyclomatic-complexity -MMD -MP -MF"Core/Libs/simpleFOC.d" -MT"Core/Libs/simpleFOC.o" --specs=nano.specs -mfpu=fpv4-sp-d16 -mfloat-abi=hard -mthumb -o "Core/Libs/simpleFOC.o"
../Core/Libs/simpleFOC.cpp: In member function 'void simpleFOC::loopFOC()':
../Core/Libs/simpleFOC.cpp:181:10: error: 'set' was not declared in this scope
  181 |          set the phase voltage - FOC heart function :)
      |          ^~~
../Core/Src/main.cpp: In function 'void HAL_FDCAN_RxFifo0Callback(FDCAN_HandleTypeDef*, uint32_t)':
../Core/Src/main.cpp:188:31: warning: comparison of integer expressions of different signedness: 'int' and 'uint32_t' {aka 'long unsigned int'} [-Wsign-compare]
  188 |             for (int i = 0; i < rxHeader.DataLength; i++)
      |                             ~~^~~~~~~~~~~~~~~~~~~~~
../Core/Libs/simpleFOC.cpp:9:1: note: 'std::set' is defined in header '<set>'; did you forget to '#include <set>'?
    8 | #include <simpleFOC.h>
  +++ |+#include <set>
    9 | #include "stm32g4xx_hal.h"  // Include the HAL header for your specific MCU
make: *** [Core/Libs/subdir.mk:46: Core/Libs/simpleFOC.o] Error 1
make: *** Waiting for unfinished jobs....
"make -j16 all" terminated with exit code 2. Build might be incomplete.
20:45:07 **** Incremental Build of configuration Debug for project bldc_driver_controller_runj ****
make -j16 all 
arm-none-eabi-g++ "../Core/Libs/simpleFOC.cpp" -mcpu=cortex-m4 -std=gnu++14 -g3 -DDEBUG -DUSE_HAL_DRIVER -DSTM32G491xx -c -I../Core/Inc -I../Drivers/STM32G4xx_HAL_Driver/Inc -I../Drivers/STM32G4xx_HAL_Driver/Inc/Legacy -I../Drivers/CMSIS/Device/ST/STM32G4xx/Include -I../Drivers/CMSIS/Include -I"C:/Users/WINDOWS 11/Documents/Robotics-RunJ/bldc_driver/control/bldc_driver_controller_runj/Core/Libs" -O0 -ffunction-sections -fdata-sections -fno-exceptions -fno-rtti -fno-use-cxa-atexit -Wall -fstack-usage -fcyclomatic-complexity -MMD -MP -MF"Core/Libs/simpleFOC.d" -MT"Core/Libs/simpleFOC.o" --specs=nano.specs -mfpu=fpv4-sp-d16 -mfloat-abi=hard -mthumb -o "Core/Libs/simpleFOC.o"
arm-none-eabi-g++ -o "bldc_driver_controller_runj.elf" @"objects.list"   -mcpu=cortex-m4 -T"C:\Users\WINDOWS 11\Documents\Robotics-RunJ\bldc_driver\control\bldc_driver_controller_runj\STM32G491KEUX_FLASH.ld" --specs=nosys.specs -Wl,-Map="bldc_driver_controller_runj.map" -Wl,--gc-sections -static --specs=nano.specs -mfpu=fpv4-sp-d16 -mfloat-abi=hard -mthumb -Wl,--start-group -lc -lm -lstdc++ -lsupc++ -Wl,--end-group
Finished building target: bldc_driver_controller_runj.elf
 
arm-none-eabi-size  bldc_driver_controller_runj.elf 
arm-none-eabi-objdump -h -S bldc_driver_controller_runj.elf  > "bldc_driver_controller_runj.list"
   text	   data	    bss	    dec	    hex	filename
  55532	    352	   3680	  59564	   e8ac	bldc_driver_controller_runj.elf
Finished building: default.size.stdout
 
Finished building: bldc_driver_controller_runj.list
 
20:46:20 **** Incremental Build of configuration Debug for project bldc_driver_controller_runj ****
make -j16 all 
arm-none-eabi-g++ "../Core/Libs/simpleFOC.cpp" -mcpu=cortex-m4 -std=gnu++14 -g3 -DDEBUG -DUSE_HAL_DRIVER -DSTM32G491xx -c -I../Core/Inc -I../Drivers/STM32G4xx_HAL_Driver/Inc -I../Drivers/STM32G4xx_HAL_Driver/Inc/Legacy -I../Drivers/CMSIS/Device/ST/STM32G4xx/Include -I../Drivers/CMSIS/Include -I"C:/Users/WINDOWS 11/Documents/Robotics-RunJ/bldc_driver/control/bldc_driver_controller_runj/Core/Libs" -O0 -ffunction-sections -fdata-sections -fno-exceptions -fno-rtti -fno-use-cxa-atexit -Wall -fstack-usage -fcyclomatic-complexity -MMD -MP -MF"Core/Libs/simpleFOC.d" -MT"Core/Libs/simpleFOC.o" --specs=nano.specs -mfpu=fpv4-sp-d16 -mfloat-abi=hard -mthumb -o "Core/Libs/simpleFOC.o"
arm-none-eabi-g++ -o "bldc_driver_controller_runj.elf" @"objects.list"   -mcpu=cortex-m4 -T"C:\Users\WINDOWS 11\Documents\Robotics-RunJ\bldc_driver\control\bldc_driver_controller_runj\STM32G491KEUX_FLASH.ld" --specs=nosys.specs -Wl,-Map="bldc_driver_controller_runj.map" -Wl,--gc-sections -static --specs=nano.specs -mfpu=fpv4-sp-d16 -mfloat-abi=hard -mthumb -Wl,--start-group -lc -lm -lstdc++ -lsupc++ -Wl,--end-group
Finished building target: bldc_driver_controller_runj.elf
 
arm-none-eabi-size  bldc_driver_controller_runj.elf 
arm-none-eabi-objdump -h -S bldc_driver_controller_runj.elf  > "bldc_driver_controller_runj.list"
   text	   data	    bss	    dec	    hex	filename
  55788	    352	   3680	  59820	   e9ac	bldc_driver_controller_runj.elf
Finished building: default.size.stdout
 
Finished building: bldc_driver_controller_runj.list
 
20:47:49 **** Incremental Build of configuration Debug for project bldc_driver_controller_runj ****
make -j16 all 
arm-none-eabi-g++ "../Core/Libs/motor_param.cpp" -mcpu=cortex-m4 -std=gnu++14 -g3 -DDEBUG -DUSE_HAL_DRIVER -DSTM32G491xx -c -I../Core/Inc -I../Drivers/STM32G4xx_HAL_Driver/Inc -I../Drivers/STM32G4xx_HAL_Driver/Inc/Legacy -I../Drivers/CMSIS/Device/ST/STM32G4xx/Include -I../Drivers/CMSIS/Include -I"C:/Users/WINDOWS 11/Documents/Robotics-RunJ/bldc_driver/control/bldc_driver_controller_runj/Core/Libs" -O0 -ffunction-sections -fdata-sections -fno-exceptions -fno-rtti -fno-use-cxa-atexit -Wall -fstack-usage -fcyclomatic-complexity -MMD -MP -MF"Core/Libs/motor_param.d" -MT"Core/Libs/motor_param.o" --specs=nano.specs -mfpu=fpv4-sp-d16 -mfloat-abi=hard -mthumb -o "Core/Libs/motor_param.o"
arm-none-eabi-g++ -o "bldc_driver_controller_runj.elf" @"objects.list"   -mcpu=cortex-m4 -T"C:\Users\WINDOWS 11\Documents\Robotics-RunJ\bldc_driver\control\bldc_driver_controller_runj\STM32G491KEUX_FLASH.ld" --specs=nosys.specs -Wl,-Map="bldc_driver_controller_runj.map" -Wl,--gc-sections -static --specs=nano.specs -mfpu=fpv4-sp-d16 -mfloat-abi=hard -mthumb -Wl,--start-group -lc -lm -lstdc++ -lsupc++ -Wl,--end-group
Finished building target: bldc_driver_controller_runj.elf
 
arm-none-eabi-size  bldc_driver_controller_runj.elf 
arm-none-eabi-objdump -h -S bldc_driver_controller_runj.elf  > "bldc_driver_controller_runj.list"
   text	   data	    bss	    dec	    hex	filename
  55780	    352	   3680	  59812	   e9a4	bldc_driver_controller_runj.elf
Finished building: default.size.stdout
 
Finished building: bldc_driver_controller_runj.list
 
21:04:33 **** Incremental Build of configuration Debug for project bldc_driver_controller_runj ****
make -j16 all 
arm-none-eabi-g++ "../Core/Libs/lowpass_filter.cpp" -mcpu=cortex-m4 -std=gnu++14 -g3 -DDEBUG -DUSE_HAL_DRIVER -DSTM32G491xx -c -I../Core/Inc -I../Drivers/STM32G4xx_HAL_Driver/Inc -I../Drivers/STM32G4xx_HAL_Driver/Inc/Legacy -I../Drivers/CMSIS/Device/ST/STM32G4xx/Include -I../Drivers/CMSIS/Include -I"C:/Users/WINDOWS 11/Documents/Robotics-RunJ/bldc_driver/control/bldc_driver_controller_runj/Core/Libs" -O0 -ffunction-sections -fdata-sections -fno-exceptions -fno-rtti -fno-use-cxa-atexit -Wall -fstack-usage -fcyclomatic-complexity -MMD -MP -MF"Core/Libs/lowpass_filter.d" -MT"Core/Libs/lowpass_filter.o" --specs=nano.specs -mfpu=fpv4-sp-d16 -mfloat-abi=hard -mthumb -o "Core/Libs/lowpass_filter.o"
arm-none-eabi-g++ -o "bldc_driver_controller_runj.elf" @"objects.list"   -mcpu=cortex-m4 -T"C:\Users\WINDOWS 11\Documents\Robotics-RunJ\bldc_driver\control\bldc_driver_controller_runj\STM32G491KEUX_FLASH.ld" --specs=nosys.specs -Wl,-Map="bldc_driver_controller_runj.map" -Wl,--gc-sections -static --specs=nano.specs -mfpu=fpv4-sp-d16 -mfloat-abi=hard -mthumb -Wl,--start-group -lc -lm -lstdc++ -lsupc++ -Wl,--end-group
Finished building target: bldc_driver_controller_runj.elf
 
arm-none-eabi-size  bldc_driver_controller_runj.elf 
arm-none-eabi-objdump -h -S bldc_driver_controller_runj.elf  > "bldc_driver_controller_runj.list"
   text	   data	    bss	    dec	    hex	filename
  57156	    352	   3680	  61188	   ef04	bldc_driver_controller_runj.elf
Finished building: default.size.stdout
 
Finished building: bldc_driver_controller_runj.list
 
21:08:37 **** Incremental Build of configuration Debug for project bldc_driver_controller_runj ****
make -j16 all 
arm-none-eabi-g++ "../Core/Libs/pid.cpp" -mcpu=cortex-m4 -std=gnu++14 -g3 -DDEBUG -DUSE_HAL_DRIVER -DSTM32G491xx -c -I../Core/Inc -I../Drivers/STM32G4xx_HAL_Driver/Inc -I../Drivers/STM32G4xx_HAL_Driver/Inc/Legacy -I../Drivers/CMSIS/Device/ST/STM32G4xx/Include -I../Drivers/CMSIS/Include -I"C:/Users/WINDOWS 11/Documents/Robotics-RunJ/bldc_driver/control/bldc_driver_controller_runj/Core/Libs" -O0 -ffunction-sections -fdata-sections -fno-exceptions -fno-rtti -fno-use-cxa-atexit -Wall -fstack-usage -fcyclomatic-complexity -MMD -MP -MF"Core/Libs/pid.d" -MT"Core/Libs/pid.o" --specs=nano.specs -mfpu=fpv4-sp-d16 -mfloat-abi=hard -mthumb -o "Core/Libs/pid.o"
arm-none-eabi-g++ -o "bldc_driver_controller_runj.elf" @"objects.list"   -mcpu=cortex-m4 -T"C:\Users\WINDOWS 11\Documents\Robotics-RunJ\bldc_driver\control\bldc_driver_controller_runj\STM32G491KEUX_FLASH.ld" --specs=nosys.specs -Wl,-Map="bldc_driver_controller_runj.map" -Wl,--gc-sections -static --specs=nano.specs -mfpu=fpv4-sp-d16 -mfloat-abi=hard -mthumb -Wl,--start-group -lc -lm -lstdc++ -lsupc++ -Wl,--end-group
Finished building target: bldc_driver_controller_runj.elf
 
arm-none-eabi-size  bldc_driver_controller_runj.elf 
arm-none-eabi-objdump -h -S bldc_driver_controller_runj.elf  > "bldc_driver_controller_runj.list"
   text	   data	    bss	    dec	    hex	filename
  57164	    352	   3680	  61196	   ef0c	bldc_driver_controller_runj.elf
Finished building: default.size.stdout
 
Finished building: bldc_driver_controller_runj.list
 
21:21:57 **** Incremental Build of configuration Debug for project bldc_driver_controller_runj ****
make -j16 all 
arm-none-eabi-g++ "../Core/Libs/motor_param.cpp" -mcpu=cortex-m4 -std=gnu++14 -g3 -DDEBUG -DUSE_HAL_DRIVER -DSTM32G491xx -c -I../Core/Inc -I../Drivers/STM32G4xx_HAL_Driver/Inc -I../Drivers/STM32G4xx_HAL_Driver/Inc/Legacy -I../Drivers/CMSIS/Device/ST/STM32G4xx/Include -I../Drivers/CMSIS/Include -I"C:/Users/WINDOWS 11/Documents/Robotics-RunJ/bldc_driver/control/bldc_driver_controller_runj/Core/Libs" -O0 -ffunction-sections -fdata-sections -fno-exceptions -fno-rtti -fno-use-cxa-atexit -Wall -fstack-usage -fcyclomatic-complexity -MMD -MP -MF"Core/Libs/motor_param.d" -MT"Core/Libs/motor_param.o" --specs=nano.specs -mfpu=fpv4-sp-d16 -mfloat-abi=hard -mthumb -o "Core/Libs/motor_param.o"
arm-none-eabi-g++ -o "bldc_driver_controller_runj.elf" @"objects.list"   -mcpu=cortex-m4 -T"C:\Users\WINDOWS 11\Documents\Robotics-RunJ\bldc_driver\control\bldc_driver_controller_runj\STM32G491KEUX_FLASH.ld" --specs=nosys.specs -Wl,-Map="bldc_driver_controller_runj.map" -Wl,--gc-sections -static --specs=nano.specs -mfpu=fpv4-sp-d16 -mfloat-abi=hard -mthumb -Wl,--start-group -lc -lm -lstdc++ -lsupc++ -Wl,--end-group
Finished building target: bldc_driver_controller_runj.elf
 
arm-none-eabi-size  bldc_driver_controller_runj.elf 
arm-none-eabi-objdump -h -S bldc_driver_controller_runj.elf  > "bldc_driver_controller_runj.list"
   text	   data	    bss	    dec	    hex	filename
  57164	    352	   3680	  61196	   ef0c	bldc_driver_controller_runj.elf
Finished building: default.size.stdout
 
Finished building: bldc_driver_controller_runj.list
 
21:28:30 **** Incremental Build of configuration Debug for project bldc_driver_controller_runj ****
make -j16 all 
arm-none-eabi-g++ "../Core/Src/main.cpp" -mcpu=cortex-m4 -std=gnu++14 -g3 -DDEBUG -DUSE_HAL_DRIVER -DSTM32G491xx -c -I../Core/Inc -I../Drivers/STM32G4xx_HAL_Driver/Inc -I../Drivers/STM32G4xx_HAL_Driver/Inc/Legacy -I../Drivers/CMSIS/Device/ST/STM32G4xx/Include -I../Drivers/CMSIS/Include -I"C:/Users/WINDOWS 11/Documents/Robotics-RunJ/bldc_driver/control/bldc_driver_controller_runj/Core/Libs" -O0 -ffunction-sections -fdata-sections -fno-exceptions -fno-rtti -fno-use-cxa-atexit -Wall -fstack-usage -fcyclomatic-complexity -MMD -MP -MF"Core/Src/main.d" -MT"Core/Src/main.o" --specs=nano.specs -mfpu=fpv4-sp-d16 -mfloat-abi=hard -mthumb -o "Core/Src/main.o"
../Core/Src/main.cpp: In function 'void HAL_FDCAN_RxFifo0Callback(FDCAN_HandleTypeDef*, uint32_t)':
../Core/Src/main.cpp:188:31: warning: comparison of integer expressions of different signedness: 'int' and 'uint32_t' {aka 'long unsigned int'} [-Wsign-compare]
  188 |             for (int i = 0; i < rxHeader.DataLength; i++)
      |                             ~~^~~~~~~~~~~~~~~~~~~~~
arm-none-eabi-g++ -o "bldc_driver_controller_runj.elf" @"objects.list"   -mcpu=cortex-m4 -T"C:\Users\WINDOWS 11\Documents\Robotics-RunJ\bldc_driver\control\bldc_driver_controller_runj\STM32G491KEUX_FLASH.ld" --specs=nosys.specs -Wl,-Map="bldc_driver_controller_runj.map" -Wl,--gc-sections -static --specs=nano.specs -mfpu=fpv4-sp-d16 -mfloat-abi=hard -mthumb -Wl,--start-group -lc -lm -lstdc++ -lsupc++ -Wl,--end-group
Finished building target: bldc_driver_controller_runj.elf
 
arm-none-eabi-size  bldc_driver_controller_runj.elf 
arm-none-eabi-objdump -h -S bldc_driver_controller_runj.elf  > "bldc_driver_controller_runj.list"
   text	   data	    bss	    dec	    hex	filename
  57324	    352	   3680	  61356	   efac	bldc_driver_controller_runj.elf
Finished building: default.size.stdout
 
Finished building: bldc_driver_controller_runj.list
 
21:29:11 **** Incremental Build of configuration Debug for project bldc_driver_controller_runj ****
make -j16 all 
arm-none-eabi-size  bldc_driver_controller_runj.elf 
   text	   data	    bss	    dec	    hex	filename
  57324	    352	   3680	  61356	   efac	bldc_driver_controller_runj.elf
Finished building: default.size.stdout
 
21:30:49 **** Incremental Build of configuration Debug for project bldc_driver_controller_runj ****
make -j16 all 
arm-none-eabi-g++ "../Core/Libs/motor_param.cpp" -mcpu=cortex-m4 -std=gnu++14 -g3 -DDEBUG -DUSE_HAL_DRIVER -DSTM32G491xx -c -I../Core/Inc -I../Drivers/STM32G4xx_HAL_Driver/Inc -I../Drivers/STM32G4xx_HAL_Driver/Inc/Legacy -I../Drivers/CMSIS/Device/ST/STM32G4xx/Include -I../Drivers/CMSIS/Include -I"C:/Users/WINDOWS 11/Documents/Robotics-RunJ/bldc_driver/control/bldc_driver_controller_runj/Core/Libs" -O0 -ffunction-sections -fdata-sections -fno-exceptions -fno-rtti -fno-use-cxa-atexit -Wall -fstack-usage -fcyclomatic-complexity -MMD -MP -MF"Core/Libs/motor_param.d" -MT"Core/Libs/motor_param.o" --specs=nano.specs -mfpu=fpv4-sp-d16 -mfloat-abi=hard -mthumb -o "Core/Libs/motor_param.o"
arm-none-eabi-g++ -o "bldc_driver_controller_runj.elf" @"objects.list"   -mcpu=cortex-m4 -T"C:\Users\WINDOWS 11\Documents\Robotics-RunJ\bldc_driver\control\bldc_driver_controller_runj\STM32G491KEUX_FLASH.ld" --specs=nosys.specs -Wl,-Map="bldc_driver_controller_runj.map" -Wl,--gc-sections -static --specs=nano.specs -mfpu=fpv4-sp-d16 -mfloat-abi=hard -mthumb -Wl,--start-group -lc -lm -lstdc++ -lsupc++ -Wl,--end-group
Finished building target: bldc_driver_controller_runj.elf
 
arm-none-eabi-size  bldc_driver_controller_runj.elf 
arm-none-eabi-objdump -h -S bldc_driver_controller_runj.elf  > "bldc_driver_controller_runj.list"
   text	   data	    bss	    dec	    hex	filename
  57316	    352	   3680	  61348	   efa4	bldc_driver_controller_runj.elf
Finished building: default.size.stdout
 
Finished building: bldc_driver_controller_runj.list
 
21:31:49 **** Incremental Build of configuration Debug for project bldc_driver_controller_runj ****
make -j16 all 
arm-none-eabi-g++ "../Core/Libs/motor_param.cpp" -mcpu=cortex-m4 -std=gnu++14 -g3 -DDEBUG -DUSE_HAL_DRIVER -DSTM32G491xx -c -I../Core/Inc -I../Drivers/STM32G4xx_HAL_Driver/Inc -I../Drivers/STM32G4xx_HAL_Driver/Inc/Legacy -I../Drivers/CMSIS/Device/ST/STM32G4xx/Include -I../Drivers/CMSIS/Include -I"C:/Users/WINDOWS 11/Documents/Robotics-RunJ/bldc_driver/control/bldc_driver_controller_runj/Core/Libs" -O0 -ffunction-sections -fdata-sections -fno-exceptions -fno-rtti -fno-use-cxa-atexit -Wall -fstack-usage -fcyclomatic-complexity -MMD -MP -MF"Core/Libs/motor_param.d" -MT"Core/Libs/motor_param.o" --specs=nano.specs -mfpu=fpv4-sp-d16 -mfloat-abi=hard -mthumb -o "Core/Libs/motor_param.o"
arm-none-eabi-g++ -o "bldc_driver_controller_runj.elf" @"objects.list"   -mcpu=cortex-m4 -T"C:\Users\WINDOWS 11\Documents\Robotics-RunJ\bldc_driver\control\bldc_driver_controller_runj\STM32G491KEUX_FLASH.ld" --specs=nosys.specs -Wl,-Map="bldc_driver_controller_runj.map" -Wl,--gc-sections -static --specs=nano.specs -mfpu=fpv4-sp-d16 -mfloat-abi=hard -mthumb -Wl,--start-group -lc -lm -lstdc++ -lsupc++ -Wl,--end-group
Finished building target: bldc_driver_controller_runj.elf
 
arm-none-eabi-size  bldc_driver_controller_runj.elf 
arm-none-eabi-objdump -h -S bldc_driver_controller_runj.elf  > "bldc_driver_controller_runj.list"
   text	   data	    bss	    dec	    hex	filename
  57316	    352	   3680	  61348	   efa4	bldc_driver_controller_runj.elf
Finished building: default.size.stdout
 
Finished building: bldc_driver_controller_runj.list
 
21:32:34 **** Incremental Build of configuration Debug for project bldc_driver_controller_runj ****
make -j16 all 
arm-none-eabi-g++ "../Core/Libs/motor_param.cpp" -mcpu=cortex-m4 -std=gnu++14 -g3 -DDEBUG -DUSE_HAL_DRIVER -DSTM32G491xx -c -I../Core/Inc -I../Drivers/STM32G4xx_HAL_Driver/Inc -I../Drivers/STM32G4xx_HAL_Driver/Inc/Legacy -I../Drivers/CMSIS/Device/ST/STM32G4xx/Include -I../Drivers/CMSIS/Include -I"C:/Users/WINDOWS 11/Documents/Robotics-RunJ/bldc_driver/control/bldc_driver_controller_runj/Core/Libs" -O0 -ffunction-sections -fdata-sections -fno-exceptions -fno-rtti -fno-use-cxa-atexit -Wall -fstack-usage -fcyclomatic-complexity -MMD -MP -MF"Core/Libs/motor_param.d" -MT"Core/Libs/motor_param.o" --specs=nano.specs -mfpu=fpv4-sp-d16 -mfloat-abi=hard -mthumb -o "Core/Libs/motor_param.o"
arm-none-eabi-g++ -o "bldc_driver_controller_runj.elf" @"objects.list"   -mcpu=cortex-m4 -T"C:\Users\WINDOWS 11\Documents\Robotics-RunJ\bldc_driver\control\bldc_driver_controller_runj\STM32G491KEUX_FLASH.ld" --specs=nosys.specs -Wl,-Map="bldc_driver_controller_runj.map" -Wl,--gc-sections -static --specs=nano.specs -mfpu=fpv4-sp-d16 -mfloat-abi=hard -mthumb -Wl,--start-group -lc -lm -lstdc++ -lsupc++ -Wl,--end-group
Finished building target: bldc_driver_controller_runj.elf
 
arm-none-eabi-size  bldc_driver_controller_runj.elf 
arm-none-eabi-objdump -h -S bldc_driver_controller_runj.elf  > "bldc_driver_controller_runj.list"
   text	   data	    bss	    dec	    hex	filename
  57316	    352	   3680	  61348	   efa4	bldc_driver_controller_runj.elf
Finished building: default.size.stdout
 
Finished building: bldc_driver_controller_runj.list
 
21:33:13 **** Incremental Build of configuration Debug for project bldc_driver_controller_runj ****
make -j16 all 
arm-none-eabi-g++ "../Core/Libs/motor_param.cpp" -mcpu=cortex-m4 -std=gnu++14 -g3 -DDEBUG -DUSE_HAL_DRIVER -DSTM32G491xx -c -I../Core/Inc -I../Drivers/STM32G4xx_HAL_Driver/Inc -I../Drivers/STM32G4xx_HAL_Driver/Inc/Legacy -I../Drivers/CMSIS/Device/ST/STM32G4xx/Include -I../Drivers/CMSIS/Include -I"C:/Users/WINDOWS 11/Documents/Robotics-RunJ/bldc_driver/control/bldc_driver_controller_runj/Core/Libs" -O0 -ffunction-sections -fdata-sections -fno-exceptions -fno-rtti -fno-use-cxa-atexit -Wall -fstack-usage -fcyclomatic-complexity -MMD -MP -MF"Core/Libs/motor_param.d" -MT"Core/Libs/motor_param.o" --specs=nano.specs -mfpu=fpv4-sp-d16 -mfloat-abi=hard -mthumb -o "Core/Libs/motor_param.o"
arm-none-eabi-g++ -o "bldc_driver_controller_runj.elf" @"objects.list"   -mcpu=cortex-m4 -T"C:\Users\WINDOWS 11\Documents\Robotics-RunJ\bldc_driver\control\bldc_driver_controller_runj\STM32G491KEUX_FLASH.ld" --specs=nosys.specs -Wl,-Map="bldc_driver_controller_runj.map" -Wl,--gc-sections -static --specs=nano.specs -mfpu=fpv4-sp-d16 -mfloat-abi=hard -mthumb -Wl,--start-group -lc -lm -lstdc++ -lsupc++ -Wl,--end-group
Finished building target: bldc_driver_controller_runj.elf
 
arm-none-eabi-size  bldc_driver_controller_runj.elf 
arm-none-eabi-objdump -h -S bldc_driver_controller_runj.elf  > "bldc_driver_controller_runj.list"
   text	   data	    bss	    dec	    hex	filename
  57316	    352	   3680	  61348	   efa4	bldc_driver_controller_runj.elf
Finished building: default.size.stdout
 
Finished building: bldc_driver_controller_runj.list
 
21:34:02 **** Incremental Build of configuration Debug for project bldc_driver_controller_runj ****
make -j16 all 
arm-none-eabi-g++ "../Core/Libs/motor_param.cpp" -mcpu=cortex-m4 -std=gnu++14 -g3 -DDEBUG -DUSE_HAL_DRIVER -DSTM32G491xx -c -I../Core/Inc -I../Drivers/STM32G4xx_HAL_Driver/Inc -I../Drivers/STM32G4xx_HAL_Driver/Inc/Legacy -I../Drivers/CMSIS/Device/ST/STM32G4xx/Include -I../Drivers/CMSIS/Include -I"C:/Users/WINDOWS 11/Documents/Robotics-RunJ/bldc_driver/control/bldc_driver_controller_runj/Core/Libs" -O0 -ffunction-sections -fdata-sections -fno-exceptions -fno-rtti -fno-use-cxa-atexit -Wall -fstack-usage -fcyclomatic-complexity -MMD -MP -MF"Core/Libs/motor_param.d" -MT"Core/Libs/motor_param.o" --specs=nano.specs -mfpu=fpv4-sp-d16 -mfloat-abi=hard -mthumb -o "Core/Libs/motor_param.o"
arm-none-eabi-g++ -o "bldc_driver_controller_runj.elf" @"objects.list"   -mcpu=cortex-m4 -T"C:\Users\WINDOWS 11\Documents\Robotics-RunJ\bldc_driver\control\bldc_driver_controller_runj\STM32G491KEUX_FLASH.ld" --specs=nosys.specs -Wl,-Map="bldc_driver_controller_runj.map" -Wl,--gc-sections -static --specs=nano.specs -mfpu=fpv4-sp-d16 -mfloat-abi=hard -mthumb -Wl,--start-group -lc -lm -lstdc++ -lsupc++ -Wl,--end-group
Finished building target: bldc_driver_controller_runj.elf
 
arm-none-eabi-size  bldc_driver_controller_runj.elf 
arm-none-eabi-objdump -h -S bldc_driver_controller_runj.elf  > "bldc_driver_controller_runj.list"
   text	   data	    bss	    dec	    hex	filename
  57316	    352	   3680	  61348	   efa4	bldc_driver_controller_runj.elf
Finished building: default.size.stdout
 
Finished building: bldc_driver_controller_runj.list
 
21:35:40 **** Incremental Build of configuration Debug for project bldc_driver_controller_runj ****
make -j16 all 
arm-none-eabi-g++ "../Core/Libs/motor_param.cpp" -mcpu=cortex-m4 -std=gnu++14 -g3 -DDEBUG -DUSE_HAL_DRIVER -DSTM32G491xx -c -I../Core/Inc -I../Drivers/STM32G4xx_HAL_Driver/Inc -I../Drivers/STM32G4xx_HAL_Driver/Inc/Legacy -I../Drivers/CMSIS/Device/ST/STM32G4xx/Include -I../Drivers/CMSIS/Include -I"C:/Users/WINDOWS 11/Documents/Robotics-RunJ/bldc_driver/control/bldc_driver_controller_runj/Core/Libs" -O0 -ffunction-sections -fdata-sections -fno-exceptions -fno-rtti -fno-use-cxa-atexit -Wall -fstack-usage -fcyclomatic-complexity -MMD -MP -MF"Core/Libs/motor_param.d" -MT"Core/Libs/motor_param.o" --specs=nano.specs -mfpu=fpv4-sp-d16 -mfloat-abi=hard -mthumb -o "Core/Libs/motor_param.o"
arm-none-eabi-g++ -o "bldc_driver_controller_runj.elf" @"objects.list"   -mcpu=cortex-m4 -T"C:\Users\WINDOWS 11\Documents\Robotics-RunJ\bldc_driver\control\bldc_driver_controller_runj\STM32G491KEUX_FLASH.ld" --specs=nosys.specs -Wl,-Map="bldc_driver_controller_runj.map" -Wl,--gc-sections -static --specs=nano.specs -mfpu=fpv4-sp-d16 -mfloat-abi=hard -mthumb -Wl,--start-group -lc -lm -lstdc++ -lsupc++ -Wl,--end-group
Finished building target: bldc_driver_controller_runj.elf
 
arm-none-eabi-size  bldc_driver_controller_runj.elf 
arm-none-eabi-objdump -h -S bldc_driver_controller_runj.elf  > "bldc_driver_controller_runj.list"
   text	   data	    bss	    dec	    hex	filename
  57316	    352	   3680	  61348	   efa4	bldc_driver_controller_runj.elf
Finished building: default.size.stdout
 
Finished building: bldc_driver_controller_runj.list
 
21:37:05 **** Incremental Build of configuration Debug for project bldc_driver_controller_runj ****
make -j16 all 
arm-none-eabi-g++ "../Core/Libs/motor_param.cpp" -mcpu=cortex-m4 -std=gnu++14 -g3 -DDEBUG -DUSE_HAL_DRIVER -DSTM32G491xx -c -I../Core/Inc -I../Drivers/STM32G4xx_HAL_Driver/Inc -I../Drivers/STM32G4xx_HAL_Driver/Inc/Legacy -I../Drivers/CMSIS/Device/ST/STM32G4xx/Include -I../Drivers/CMSIS/Include -I"C:/Users/WINDOWS 11/Documents/Robotics-RunJ/bldc_driver/control/bldc_driver_controller_runj/Core/Libs" -O0 -ffunction-sections -fdata-sections -fno-exceptions -fno-rtti -fno-use-cxa-atexit -Wall -fstack-usage -fcyclomatic-complexity -MMD -MP -MF"Core/Libs/motor_param.d" -MT"Core/Libs/motor_param.o" --specs=nano.specs -mfpu=fpv4-sp-d16 -mfloat-abi=hard -mthumb -o "Core/Libs/motor_param.o"
arm-none-eabi-g++ -o "bldc_driver_controller_runj.elf" @"objects.list"   -mcpu=cortex-m4 -T"C:\Users\WINDOWS 11\Documents\Robotics-RunJ\bldc_driver\control\bldc_driver_controller_runj\STM32G491KEUX_FLASH.ld" --specs=nosys.specs -Wl,-Map="bldc_driver_controller_runj.map" -Wl,--gc-sections -static --specs=nano.specs -mfpu=fpv4-sp-d16 -mfloat-abi=hard -mthumb -Wl,--start-group -lc -lm -lstdc++ -lsupc++ -Wl,--end-group
Finished building target: bldc_driver_controller_runj.elf
 
arm-none-eabi-size  bldc_driver_controller_runj.elf 
arm-none-eabi-objdump -h -S bldc_driver_controller_runj.elf  > "bldc_driver_controller_runj.list"
   text	   data	    bss	    dec	    hex	filename
  57316	    352	   3680	  61348	   efa4	bldc_driver_controller_runj.elf
Finished building: default.size.stdout
 
Finished building: bldc_driver_controller_runj.list
 
21:38:37 **** Incremental Build of configuration Debug for project bldc_driver_controller_runj ****
make -j16 all 
arm-none-eabi-g++ "../Core/Libs/motor_param.cpp" -mcpu=cortex-m4 -std=gnu++14 -g3 -DDEBUG -DUSE_HAL_DRIVER -DSTM32G491xx -c -I../Core/Inc -I../Drivers/STM32G4xx_HAL_Driver/Inc -I../Drivers/STM32G4xx_HAL_Driver/Inc/Legacy -I../Drivers/CMSIS/Device/ST/STM32G4xx/Include -I../Drivers/CMSIS/Include -I"C:/Users/WINDOWS 11/Documents/Robotics-RunJ/bldc_driver/control/bldc_driver_controller_runj/Core/Libs" -O0 -ffunction-sections -fdata-sections -fno-exceptions -fno-rtti -fno-use-cxa-atexit -Wall -fstack-usage -fcyclomatic-complexity -MMD -MP -MF"Core/Libs/motor_param.d" -MT"Core/Libs/motor_param.o" --specs=nano.specs -mfpu=fpv4-sp-d16 -mfloat-abi=hard -mthumb -o "Core/Libs/motor_param.o"
arm-none-eabi-g++ -o "bldc_driver_controller_runj.elf" @"objects.list"   -mcpu=cortex-m4 -T"C:\Users\WINDOWS 11\Documents\Robotics-RunJ\bldc_driver\control\bldc_driver_controller_runj\STM32G491KEUX_FLASH.ld" --specs=nosys.specs -Wl,-Map="bldc_driver_controller_runj.map" -Wl,--gc-sections -static --specs=nano.specs -mfpu=fpv4-sp-d16 -mfloat-abi=hard -mthumb -Wl,--start-group -lc -lm -lstdc++ -lsupc++ -Wl,--end-group
Finished building target: bldc_driver_controller_runj.elf
 
arm-none-eabi-size  bldc_driver_controller_runj.elf 
arm-none-eabi-objdump -h -S bldc_driver_controller_runj.elf  > "bldc_driver_controller_runj.list"
   text	   data	    bss	    dec	    hex	filename
  57316	    352	   3680	  61348	   efa4	bldc_driver_controller_runj.elf
Finished building: default.size.stdout
 
Finished building: bldc_driver_controller_runj.list
 
21:42:48 **** Incremental Build of configuration Debug for project bldc_driver_controller_runj ****
make -j16 all 
arm-none-eabi-g++ "../Core/Src/main.cpp" -mcpu=cortex-m4 -std=gnu++14 -g3 -DDEBUG -DUSE_HAL_DRIVER -DSTM32G491xx -c -I../Core/Inc -I../Drivers/STM32G4xx_HAL_Driver/Inc -I../Drivers/STM32G4xx_HAL_Driver/Inc/Legacy -I../Drivers/CMSIS/Device/ST/STM32G4xx/Include -I../Drivers/CMSIS/Include -I"C:/Users/WINDOWS 11/Documents/Robotics-RunJ/bldc_driver/control/bldc_driver_controller_runj/Core/Libs" -O0 -ffunction-sections -fdata-sections -fno-exceptions -fno-rtti -fno-use-cxa-atexit -Wall -fstack-usage -fcyclomatic-complexity -MMD -MP -MF"Core/Src/main.d" -MT"Core/Src/main.o" --specs=nano.specs -mfpu=fpv4-sp-d16 -mfloat-abi=hard -mthumb -o "Core/Src/main.o"
arm-none-eabi-g++ "../Core/Libs/motor_param.cpp" -mcpu=cortex-m4 -std=gnu++14 -g3 -DDEBUG -DUSE_HAL_DRIVER -DSTM32G491xx -c -I../Core/Inc -I../Drivers/STM32G4xx_HAL_Driver/Inc -I../Drivers/STM32G4xx_HAL_Driver/Inc/Legacy -I../Drivers/CMSIS/Device/ST/STM32G4xx/Include -I../Drivers/CMSIS/Include -I"C:/Users/WINDOWS 11/Documents/Robotics-RunJ/bldc_driver/control/bldc_driver_controller_runj/Core/Libs" -O0 -ffunction-sections -fdata-sections -fno-exceptions -fno-rtti -fno-use-cxa-atexit -Wall -fstack-usage -fcyclomatic-complexity -MMD -MP -MF"Core/Libs/motor_param.d" -MT"Core/Libs/motor_param.o" --specs=nano.specs -mfpu=fpv4-sp-d16 -mfloat-abi=hard -mthumb -o "Core/Libs/motor_param.o"
../Core/Src/main.cpp: In function 'void HAL_FDCAN_RxFifo0Callback(FDCAN_HandleTypeDef*, uint32_t)':
../Core/Src/main.cpp:188:31: warning: comparison of integer expressions of different signedness: 'int' and 'uint32_t' {aka 'long unsigned int'} [-Wsign-compare]
  188 |             for (int i = 0; i < rxHeader.DataLength; i++)
      |                             ~~^~~~~~~~~~~~~~~~~~~~~
arm-none-eabi-g++ -o "bldc_driver_controller_runj.elf" @"objects.list"   -mcpu=cortex-m4 -T"C:\Users\WINDOWS 11\Documents\Robotics-RunJ\bldc_driver\control\bldc_driver_controller_runj\STM32G491KEUX_FLASH.ld" --specs=nosys.specs -Wl,-Map="bldc_driver_controller_runj.map" -Wl,--gc-sections -static --specs=nano.specs -mfpu=fpv4-sp-d16 -mfloat-abi=hard -mthumb -Wl,--start-group -lc -lm -lstdc++ -lsupc++ -Wl,--end-group
Finished building target: bldc_driver_controller_runj.elf
 
arm-none-eabi-size  bldc_driver_controller_runj.elf 
arm-none-eabi-objdump -h -S bldc_driver_controller_runj.elf  > "bldc_driver_controller_runj.list"
   text	   data	    bss	    dec	    hex	filename
  57316	    360	   3672	  61348	   efa4	bldc_driver_controller_runj.elf
Finished building: default.size.stdout
 
Finished building: bldc_driver_controller_runj.list
 
21:48:07 **** Incremental Build of configuration Debug for project bldc_driver_controller_runj ****
make -j16 all 
arm-none-eabi-g++ "../Core/Libs/motor_param.cpp" -mcpu=cortex-m4 -std=gnu++14 -g3 -DDEBUG -DUSE_HAL_DRIVER -DSTM32G491xx -c -I../Core/Inc -I../Drivers/STM32G4xx_HAL_Driver/Inc -I../Drivers/STM32G4xx_HAL_Driver/Inc/Legacy -I../Drivers/CMSIS/Device/ST/STM32G4xx/Include -I../Drivers/CMSIS/Include -I"C:/Users/WINDOWS 11/Documents/Robotics-RunJ/bldc_driver/control/bldc_driver_controller_runj/Core/Libs" -O0 -ffunction-sections -fdata-sections -fno-exceptions -fno-rtti -fno-use-cxa-atexit -Wall -fstack-usage -fcyclomatic-complexity -MMD -MP -MF"Core/Libs/motor_param.d" -MT"Core/Libs/motor_param.o" --specs=nano.specs -mfpu=fpv4-sp-d16 -mfloat-abi=hard -mthumb -o "Core/Libs/motor_param.o"
arm-none-eabi-g++ -o "bldc_driver_controller_runj.elf" @"objects.list"   -mcpu=cortex-m4 -T"C:\Users\WINDOWS 11\Documents\Robotics-RunJ\bldc_driver\control\bldc_driver_controller_runj\STM32G491KEUX_FLASH.ld" --specs=nosys.specs -Wl,-Map="bldc_driver_controller_runj.map" -Wl,--gc-sections -static --specs=nano.specs -mfpu=fpv4-sp-d16 -mfloat-abi=hard -mthumb -Wl,--start-group -lc -lm -lstdc++ -lsupc++ -Wl,--end-group
Finished building target: bldc_driver_controller_runj.elf
 
arm-none-eabi-size  bldc_driver_controller_runj.elf 
arm-none-eabi-objdump -h -S bldc_driver_controller_runj.elf  > "bldc_driver_controller_runj.list"
   text	   data	    bss	    dec	    hex	filename
  57316	    360	   3672	  61348	   efa4	bldc_driver_controller_runj.elf
Finished building: default.size.stdout
 
Finished building: bldc_driver_controller_runj.list
 
21:50:58 **** Incremental Build of configuration Debug for project bldc_driver_controller_runj ****
make -j16 all 
arm-none-eabi-size  bldc_driver_controller_runj.elf 
   text	   data	    bss	    dec	    hex	filename
  57316	    360	   3672	  61348	   efa4	bldc_driver_controller_runj.elf
Finished building: default.size.stdout
 
21:52:17 **** Incremental Build of configuration Debug for project bldc_driver_controller_runj ****
make -j16 all 
arm-none-eabi-g++ "../Core/Libs/motor_param.cpp" -mcpu=cortex-m4 -std=gnu++14 -g3 -DDEBUG -DUSE_HAL_DRIVER -DSTM32G491xx -c -I../Core/Inc -I../Drivers/STM32G4xx_HAL_Driver/Inc -I../Drivers/STM32G4xx_HAL_Driver/Inc/Legacy -I../Drivers/CMSIS/Device/ST/STM32G4xx/Include -I../Drivers/CMSIS/Include -I"C:/Users/WINDOWS 11/Documents/Robotics-RunJ/bldc_driver/control/bldc_driver_controller_runj/Core/Libs" -O0 -ffunction-sections -fdata-sections -fno-exceptions -fno-rtti -fno-use-cxa-atexit -Wall -fstack-usage -fcyclomatic-complexity -MMD -MP -MF"Core/Libs/motor_param.d" -MT"Core/Libs/motor_param.o" --specs=nano.specs -mfpu=fpv4-sp-d16 -mfloat-abi=hard -mthumb -o "Core/Libs/motor_param.o"
arm-none-eabi-g++ -o "bldc_driver_controller_runj.elf" @"objects.list"   -mcpu=cortex-m4 -T"C:\Users\WINDOWS 11\Documents\Robotics-RunJ\bldc_driver\control\bldc_driver_controller_runj\STM32G491KEUX_FLASH.ld" --specs=nosys.specs -Wl,-Map="bldc_driver_controller_runj.map" -Wl,--gc-sections -static --specs=nano.specs -mfpu=fpv4-sp-d16 -mfloat-abi=hard -mthumb -Wl,--start-group -lc -lm -lstdc++ -lsupc++ -Wl,--end-group
Finished building target: bldc_driver_controller_runj.elf
 
arm-none-eabi-size  bldc_driver_controller_runj.elf 
arm-none-eabi-objdump -h -S bldc_driver_controller_runj.elf  > "bldc_driver_controller_runj.list"
   text	   data	    bss	    dec	    hex	filename
  57324	    360	   3672	  61356	   efac	bldc_driver_controller_runj.elf
Finished building: default.size.stdout
 
Finished building: bldc_driver_controller_runj.list
 
21:52:56 **** Incremental Build of configuration Debug for project bldc_driver_controller_runj ****
make -j16 all 
arm-none-eabi-g++ "../Core/Libs/motor_param.cpp" -mcpu=cortex-m4 -std=gnu++14 -g3 -DDEBUG -DUSE_HAL_DRIVER -DSTM32G491xx -c -I../Core/Inc -I../Drivers/STM32G4xx_HAL_Driver/Inc -I../Drivers/STM32G4xx_HAL_Driver/Inc/Legacy -I../Drivers/CMSIS/Device/ST/STM32G4xx/Include -I../Drivers/CMSIS/Include -I"C:/Users/WINDOWS 11/Documents/Robotics-RunJ/bldc_driver/control/bldc_driver_controller_runj/Core/Libs" -O0 -ffunction-sections -fdata-sections -fno-exceptions -fno-rtti -fno-use-cxa-atexit -Wall -fstack-usage -fcyclomatic-complexity -MMD -MP -MF"Core/Libs/motor_param.d" -MT"Core/Libs/motor_param.o" --specs=nano.specs -mfpu=fpv4-sp-d16 -mfloat-abi=hard -mthumb -o "Core/Libs/motor_param.o"
arm-none-eabi-g++ -o "bldc_driver_controller_runj.elf" @"objects.list"   -mcpu=cortex-m4 -T"C:\Users\WINDOWS 11\Documents\Robotics-RunJ\bldc_driver\control\bldc_driver_controller_runj\STM32G491KEUX_FLASH.ld" --specs=nosys.specs -Wl,-Map="bldc_driver_controller_runj.map" -Wl,--gc-sections -static --specs=nano.specs -mfpu=fpv4-sp-d16 -mfloat-abi=hard -mthumb -Wl,--start-group -lc -lm -lstdc++ -lsupc++ -Wl,--end-group
Finished building target: bldc_driver_controller_runj.elf
 
arm-none-eabi-size  bldc_driver_controller_runj.elf 
arm-none-eabi-objdump -h -S bldc_driver_controller_runj.elf  > "bldc_driver_controller_runj.list"
   text	   data	    bss	    dec	    hex	filename
  57324	    360	   3672	  61356	   efac	bldc_driver_controller_runj.elf
Finished building: default.size.stdout
 
Finished building: bldc_driver_controller_runj.list
 
21:54:23 **** Incremental Build of configuration Debug for project bldc_driver_controller_runj ****
make -j16 all 
arm-none-eabi-g++ "../Core/Libs/motor_param.cpp" -mcpu=cortex-m4 -std=gnu++14 -g3 -DDEBUG -DUSE_HAL_DRIVER -DSTM32G491xx -c -I../Core/Inc -I../Drivers/STM32G4xx_HAL_Driver/Inc -I../Drivers/STM32G4xx_HAL_Driver/Inc/Legacy -I../Drivers/CMSIS/Device/ST/STM32G4xx/Include -I../Drivers/CMSIS/Include -I"C:/Users/WINDOWS 11/Documents/Robotics-RunJ/bldc_driver/control/bldc_driver_controller_runj/Core/Libs" -O0 -ffunction-sections -fdata-sections -fno-exceptions -fno-rtti -fno-use-cxa-atexit -Wall -fstack-usage -fcyclomatic-complexity -MMD -MP -MF"Core/Libs/motor_param.d" -MT"Core/Libs/motor_param.o" --specs=nano.specs -mfpu=fpv4-sp-d16 -mfloat-abi=hard -mthumb -o "Core/Libs/motor_param.o"
arm-none-eabi-g++ -o "bldc_driver_controller_runj.elf" @"objects.list"   -mcpu=cortex-m4 -T"C:\Users\WINDOWS 11\Documents\Robotics-RunJ\bldc_driver\control\bldc_driver_controller_runj\STM32G491KEUX_FLASH.ld" --specs=nosys.specs -Wl,-Map="bldc_driver_controller_runj.map" -Wl,--gc-sections -static --specs=nano.specs -mfpu=fpv4-sp-d16 -mfloat-abi=hard -mthumb -Wl,--start-group -lc -lm -lstdc++ -lsupc++ -Wl,--end-group
Finished building target: bldc_driver_controller_runj.elf
 
arm-none-eabi-size  bldc_driver_controller_runj.elf 
arm-none-eabi-objdump -h -S bldc_driver_controller_runj.elf  > "bldc_driver_controller_runj.list"
   text	   data	    bss	    dec	    hex	filename
  57324	    360	   3672	  61356	   efac	bldc_driver_controller_runj.elf
Finished building: default.size.stdout
 
Finished building: bldc_driver_controller_runj.list
 
21:54:59 **** Incremental Build of configuration Debug for project bldc_driver_controller_runj ****
make -j16 all 
arm-none-eabi-g++ "../Core/Libs/motor_param.cpp" -mcpu=cortex-m4 -std=gnu++14 -g3 -DDEBUG -DUSE_HAL_DRIVER -DSTM32G491xx -c -I../Core/Inc -I../Drivers/STM32G4xx_HAL_Driver/Inc -I../Drivers/STM32G4xx_HAL_Driver/Inc/Legacy -I../Drivers/CMSIS/Device/ST/STM32G4xx/Include -I../Drivers/CMSIS/Include -I"C:/Users/WINDOWS 11/Documents/Robotics-RunJ/bldc_driver/control/bldc_driver_controller_runj/Core/Libs" -O0 -ffunction-sections -fdata-sections -fno-exceptions -fno-rtti -fno-use-cxa-atexit -Wall -fstack-usage -fcyclomatic-complexity -MMD -MP -MF"Core/Libs/motor_param.d" -MT"Core/Libs/motor_param.o" --specs=nano.specs -mfpu=fpv4-sp-d16 -mfloat-abi=hard -mthumb -o "Core/Libs/motor_param.o"
arm-none-eabi-g++ -o "bldc_driver_controller_runj.elf" @"objects.list"   -mcpu=cortex-m4 -T"C:\Users\WINDOWS 11\Documents\Robotics-RunJ\bldc_driver\control\bldc_driver_controller_runj\STM32G491KEUX_FLASH.ld" --specs=nosys.specs -Wl,-Map="bldc_driver_controller_runj.map" -Wl,--gc-sections -static --specs=nano.specs -mfpu=fpv4-sp-d16 -mfloat-abi=hard -mthumb -Wl,--start-group -lc -lm -lstdc++ -lsupc++ -Wl,--end-group
Finished building target: bldc_driver_controller_runj.elf
 
arm-none-eabi-size  bldc_driver_controller_runj.elf 
arm-none-eabi-objdump -h -S bldc_driver_controller_runj.elf  > "bldc_driver_controller_runj.list"
   text	   data	    bss	    dec	    hex	filename
  57324	    360	   3672	  61356	   efac	bldc_driver_controller_runj.elf
Finished building: default.size.stdout
 
Finished building: bldc_driver_controller_runj.list
 
21:56:03 **** Incremental Build of configuration Debug for project bldc_driver_controller_runj ****
make -j16 all 
arm-none-eabi-g++ "../Core/Libs/motor_param.cpp" -mcpu=cortex-m4 -std=gnu++14 -g3 -DDEBUG -DUSE_HAL_DRIVER -DSTM32G491xx -c -I../Core/Inc -I../Drivers/STM32G4xx_HAL_Driver/Inc -I../Drivers/STM32G4xx_HAL_Driver/Inc/Legacy -I../Drivers/CMSIS/Device/ST/STM32G4xx/Include -I../Drivers/CMSIS/Include -I"C:/Users/WINDOWS 11/Documents/Robotics-RunJ/bldc_driver/control/bldc_driver_controller_runj/Core/Libs" -O0 -ffunction-sections -fdata-sections -fno-exceptions -fno-rtti -fno-use-cxa-atexit -Wall -fstack-usage -fcyclomatic-complexity -MMD -MP -MF"Core/Libs/motor_param.d" -MT"Core/Libs/motor_param.o" --specs=nano.specs -mfpu=fpv4-sp-d16 -mfloat-abi=hard -mthumb -o "Core/Libs/motor_param.o"
arm-none-eabi-g++ -o "bldc_driver_controller_runj.elf" @"objects.list"   -mcpu=cortex-m4 -T"C:\Users\WINDOWS 11\Documents\Robotics-RunJ\bldc_driver\control\bldc_driver_controller_runj\STM32G491KEUX_FLASH.ld" --specs=nosys.specs -Wl,-Map="bldc_driver_controller_runj.map" -Wl,--gc-sections -static --specs=nano.specs -mfpu=fpv4-sp-d16 -mfloat-abi=hard -mthumb -Wl,--start-group -lc -lm -lstdc++ -lsupc++ -Wl,--end-group
Finished building target: bldc_driver_controller_runj.elf
 
arm-none-eabi-size  bldc_driver_controller_runj.elf 
arm-none-eabi-objdump -h -S bldc_driver_controller_runj.elf  > "bldc_driver_controller_runj.list"
   text	   data	    bss	    dec	    hex	filename
  57324	    360	   3672	  61356	   efac	bldc_driver_controller_runj.elf
Finished building: default.size.stdout
 
Finished building: bldc_driver_controller_runj.list
 
21:57:18 **** Incremental Build of configuration Debug for project bldc_driver_controller_runj ****
make -j16 all 
arm-none-eabi-g++ "../Core/Libs/motor_param.cpp" -mcpu=cortex-m4 -std=gnu++14 -g3 -DDEBUG -DUSE_HAL_DRIVER -DSTM32G491xx -c -I../Core/Inc -I../Drivers/STM32G4xx_HAL_Driver/Inc -I../Drivers/STM32G4xx_HAL_Driver/Inc/Legacy -I../Drivers/CMSIS/Device/ST/STM32G4xx/Include -I../Drivers/CMSIS/Include -I"C:/Users/WINDOWS 11/Documents/Robotics-RunJ/bldc_driver/control/bldc_driver_controller_runj/Core/Libs" -O0 -ffunction-sections -fdata-sections -fno-exceptions -fno-rtti -fno-use-cxa-atexit -Wall -fstack-usage -fcyclomatic-complexity -MMD -MP -MF"Core/Libs/motor_param.d" -MT"Core/Libs/motor_param.o" --specs=nano.specs -mfpu=fpv4-sp-d16 -mfloat-abi=hard -mthumb -o "Core/Libs/motor_param.o"
arm-none-eabi-g++ -o "bldc_driver_controller_runj.elf" @"objects.list"   -mcpu=cortex-m4 -T"C:\Users\WINDOWS 11\Documents\Robotics-RunJ\bldc_driver\control\bldc_driver_controller_runj\STM32G491KEUX_FLASH.ld" --specs=nosys.specs -Wl,-Map="bldc_driver_controller_runj.map" -Wl,--gc-sections -static --specs=nano.specs -mfpu=fpv4-sp-d16 -mfloat-abi=hard -mthumb -Wl,--start-group -lc -lm -lstdc++ -lsupc++ -Wl,--end-group
Finished building target: bldc_driver_controller_runj.elf
 
arm-none-eabi-size  bldc_driver_controller_runj.elf 
arm-none-eabi-objdump -h -S bldc_driver_controller_runj.elf  > "bldc_driver_controller_runj.list"
   text	   data	    bss	    dec	    hex	filename
  57324	    360	   3672	  61356	   efac	bldc_driver_controller_runj.elf
Finished building: default.size.stdout
 
Finished building: bldc_driver_controller_runj.list
 
21:58:08 **** Incremental Build of configuration Debug for project bldc_driver_controller_runj ****
make -j16 all 
arm-none-eabi-g++ "../Core/Libs/motor_param.cpp" -mcpu=cortex-m4 -std=gnu++14 -g3 -DDEBUG -DUSE_HAL_DRIVER -DSTM32G491xx -c -I../Core/Inc -I../Drivers/STM32G4xx_HAL_Driver/Inc -I../Drivers/STM32G4xx_HAL_Driver/Inc/Legacy -I../Drivers/CMSIS/Device/ST/STM32G4xx/Include -I../Drivers/CMSIS/Include -I"C:/Users/WINDOWS 11/Documents/Robotics-RunJ/bldc_driver/control/bldc_driver_controller_runj/Core/Libs" -O0 -ffunction-sections -fdata-sections -fno-exceptions -fno-rtti -fno-use-cxa-atexit -Wall -fstack-usage -fcyclomatic-complexity -MMD -MP -MF"Core/Libs/motor_param.d" -MT"Core/Libs/motor_param.o" --specs=nano.specs -mfpu=fpv4-sp-d16 -mfloat-abi=hard -mthumb -o "Core/Libs/motor_param.o"
arm-none-eabi-g++ -o "bldc_driver_controller_runj.elf" @"objects.list"   -mcpu=cortex-m4 -T"C:\Users\WINDOWS 11\Documents\Robotics-RunJ\bldc_driver\control\bldc_driver_controller_runj\STM32G491KEUX_FLASH.ld" --specs=nosys.specs -Wl,-Map="bldc_driver_controller_runj.map" -Wl,--gc-sections -static --specs=nano.specs -mfpu=fpv4-sp-d16 -mfloat-abi=hard -mthumb -Wl,--start-group -lc -lm -lstdc++ -lsupc++ -Wl,--end-group
Finished building target: bldc_driver_controller_runj.elf
 
arm-none-eabi-size  bldc_driver_controller_runj.elf 
arm-none-eabi-objdump -h -S bldc_driver_controller_runj.elf  > "bldc_driver_controller_runj.list"
   text	   data	    bss	    dec	    hex	filename
  57324	    360	   3672	  61356	   efac	bldc_driver_controller_runj.elf
Finished building: default.size.stdout
 
Finished building: bldc_driver_controller_runj.list
 
21:59:23 **** Incremental Build of configuration Debug for project bldc_driver_controller_runj ****
make -j16 all 
arm-none-eabi-g++ "../Core/Libs/motor_param.cpp" -mcpu=cortex-m4 -std=gnu++14 -g3 -DDEBUG -DUSE_HAL_DRIVER -DSTM32G491xx -c -I../Core/Inc -I../Drivers/STM32G4xx_HAL_Driver/Inc -I../Drivers/STM32G4xx_HAL_Driver/Inc/Legacy -I../Drivers/CMSIS/Device/ST/STM32G4xx/Include -I../Drivers/CMSIS/Include -I"C:/Users/WINDOWS 11/Documents/Robotics-RunJ/bldc_driver/control/bldc_driver_controller_runj/Core/Libs" -O0 -ffunction-sections -fdata-sections -fno-exceptions -fno-rtti -fno-use-cxa-atexit -Wall -fstack-usage -fcyclomatic-complexity -MMD -MP -MF"Core/Libs/motor_param.d" -MT"Core/Libs/motor_param.o" --specs=nano.specs -mfpu=fpv4-sp-d16 -mfloat-abi=hard -mthumb -o "Core/Libs/motor_param.o"
arm-none-eabi-g++ -o "bldc_driver_controller_runj.elf" @"objects.list"   -mcpu=cortex-m4 -T"C:\Users\WINDOWS 11\Documents\Robotics-RunJ\bldc_driver\control\bldc_driver_controller_runj\STM32G491KEUX_FLASH.ld" --specs=nosys.specs -Wl,-Map="bldc_driver_controller_runj.map" -Wl,--gc-sections -static --specs=nano.specs -mfpu=fpv4-sp-d16 -mfloat-abi=hard -mthumb -Wl,--start-group -lc -lm -lstdc++ -lsupc++ -Wl,--end-group
Finished building target: bldc_driver_controller_runj.elf
 
arm-none-eabi-size  bldc_driver_controller_runj.elf 
arm-none-eabi-objdump -h -S bldc_driver_controller_runj.elf  > "bldc_driver_controller_runj.list"
   text	   data	    bss	    dec	    hex	filename
  57324	    360	   3672	  61356	   efac	bldc_driver_controller_runj.elf
Finished building: default.size.stdout
 
Finished building: bldc_driver_controller_runj.list
 
22:00:28 **** Incremental Build of configuration Debug for project bldc_driver_controller_runj ****
make -j16 all 
arm-none-eabi-g++ "../Core/Libs/motor_param.cpp" -mcpu=cortex-m4 -std=gnu++14 -g3 -DDEBUG -DUSE_HAL_DRIVER -DSTM32G491xx -c -I../Core/Inc -I../Drivers/STM32G4xx_HAL_Driver/Inc -I../Drivers/STM32G4xx_HAL_Driver/Inc/Legacy -I../Drivers/CMSIS/Device/ST/STM32G4xx/Include -I../Drivers/CMSIS/Include -I"C:/Users/WINDOWS 11/Documents/Robotics-RunJ/bldc_driver/control/bldc_driver_controller_runj/Core/Libs" -O0 -ffunction-sections -fdata-sections -fno-exceptions -fno-rtti -fno-use-cxa-atexit -Wall -fstack-usage -fcyclomatic-complexity -MMD -MP -MF"Core/Libs/motor_param.d" -MT"Core/Libs/motor_param.o" --specs=nano.specs -mfpu=fpv4-sp-d16 -mfloat-abi=hard -mthumb -o "Core/Libs/motor_param.o"
arm-none-eabi-g++ -o "bldc_driver_controller_runj.elf" @"objects.list"   -mcpu=cortex-m4 -T"C:\Users\WINDOWS 11\Documents\Robotics-RunJ\bldc_driver\control\bldc_driver_controller_runj\STM32G491KEUX_FLASH.ld" --specs=nosys.specs -Wl,-Map="bldc_driver_controller_runj.map" -Wl,--gc-sections -static --specs=nano.specs -mfpu=fpv4-sp-d16 -mfloat-abi=hard -mthumb -Wl,--start-group -lc -lm -lstdc++ -lsupc++ -Wl,--end-group
Finished building target: bldc_driver_controller_runj.elf
 
arm-none-eabi-size  bldc_driver_controller_runj.elf 
arm-none-eabi-objdump -h -S bldc_driver_controller_runj.elf  > "bldc_driver_controller_runj.list"
   text	   data	    bss	    dec	    hex	filename
  57316	    360	   3672	  61348	   efa4	bldc_driver_controller_runj.elf
Finished building: default.size.stdout
 
Finished building: bldc_driver_controller_runj.list
 
22:02:23 **** Incremental Build of configuration Debug for project bldc_driver_controller_runj ****
make -j16 all 
arm-none-eabi-g++ "../Core/Src/main.cpp" -mcpu=cortex-m4 -std=gnu++14 -g3 -DDEBUG -DUSE_HAL_DRIVER -DSTM32G491xx -c -I../Core/Inc -I../Drivers/STM32G4xx_HAL_Driver/Inc -I../Drivers/STM32G4xx_HAL_Driver/Inc/Legacy -I../Drivers/CMSIS/Device/ST/STM32G4xx/Include -I../Drivers/CMSIS/Include -I"C:/Users/WINDOWS 11/Documents/Robotics-RunJ/bldc_driver/control/bldc_driver_controller_runj/Core/Libs" -O0 -ffunction-sections -fdata-sections -fno-exceptions -fno-rtti -fno-use-cxa-atexit -Wall -fstack-usage -fcyclomatic-complexity -MMD -MP -MF"Core/Src/main.d" -MT"Core/Src/main.o" --specs=nano.specs -mfpu=fpv4-sp-d16 -mfloat-abi=hard -mthumb -o "Core/Src/main.o"
../Core/Src/main.cpp: In function 'void HAL_FDCAN_RxFifo0Callback(FDCAN_HandleTypeDef*, uint32_t)':
../Core/Src/main.cpp:188:31: warning: comparison of integer expressions of different signedness: 'int' and 'uint32_t' {aka 'long unsigned int'} [-Wsign-compare]
  188 |             for (int i = 0; i < rxHeader.DataLength; i++)
[...]
Finished building target: bldc_driver_controller_runj.elf
 
arm-none-eabi-size  bldc_driver_controller_runj.elf 
arm-none-eabi-objdump -h -S bldc_driver_controller_runj.elf  > "bldc_driver_controller_runj.list"
   text	   data	    bss	    dec	    hex	filename
  57316	    352	   3672	  61340	   ef9c	bldc_driver_controller_runj.elf
Finished building: default.size.stdout
 
Finished building: bldc_driver_controller_runj.list
 
00:53:29 **** Incremental Build of configuration Debug for project bldc_driver_controller_runj ****
make -j16 all 
arm-none-eabi-g++ "../Core/Libs/motor_param.cpp" -mcpu=cortex-m4 -std=gnu++14 -g3 -DDEBUG -DUSE_HAL_DRIVER -DSTM32G491xx -c -I../Core/Inc -I../Drivers/STM32G4xx_HAL_Driver/Inc -I../Drivers/STM32G4xx_HAL_Driver/Inc/Legacy -I../Drivers/CMSIS/Device/ST/STM32G4xx/Include -I../Drivers/CMSIS/Include -I"C:/Users/WINDOWS 11/Documents/Robotics-RunJ/bldc_driver/control/bldc_driver_controller_runj/Core/Libs" -O0 -ffunction-sections -fdata-sections -fno-exceptions -fno-rtti -fno-use-cxa-atexit -Wall -fstack-usage -fcyclomatic-complexity -MMD -MP -MF"Core/Libs/motor_param.d" -MT"Core/Libs/motor_param.o" --specs=nano.specs -mfpu=fpv4-sp-d16 -mfloat-abi=hard -mthumb -o "Core/Libs/motor_param.o"
arm-none-eabi-g++ -o "bldc_driver_controller_runj.elf" @"objects.list"   -mcpu=cortex-m4 -T"C:\Users\WINDOWS 11\Documents\Robotics-RunJ\bldc_driver\control\bldc_driver_controller_runj\STM32G491KEUX_FLASH.ld" --specs=nosys.specs -Wl,-Map="bldc_driver_controller_runj.map" -Wl,--gc-sections -static --specs=nano.specs -mfpu=fpv4-sp-d16 -mfloat-abi=hard -mthumb -Wl,--start-group -lc -lm -lstdc++ -lsupc++ -Wl,--end-group
Finished building target: bldc_driver_controller_runj.elf
 
arm-none-eabi-size  bldc_driver_controller_runj.elf 
arm-none-eabi-objdump -h -S bldc_driver_controller_runj.elf  > "bldc_driver_controller_runj.list"
   text	   data	    bss	    dec	    hex	filename
  57316	    352	   3672	  61340	   ef9c	bldc_driver_controller_runj.elf
Finished building: default.size.stdout
 
Finished building: bldc_driver_controller_runj.list
 
00:54:14 **** Incremental Build of configuration Debug for project bldc_driver_controller_runj ****
make -j16 all 
arm-none-eabi-g++ "../Core/Libs/motor_param.cpp" -mcpu=cortex-m4 -std=gnu++14 -g3 -DDEBUG -DUSE_HAL_DRIVER -DSTM32G491xx -c -I../Core/Inc -I../Drivers/STM32G4xx_HAL_Driver/Inc -I../Drivers/STM32G4xx_HAL_Driver/Inc/Legacy -I../Drivers/CMSIS/Device/ST/STM32G4xx/Include -I../Drivers/CMSIS/Include -I"C:/Users/WINDOWS 11/Documents/Robotics-RunJ/bldc_driver/control/bldc_driver_controller_runj/Core/Libs" -O0 -ffunction-sections -fdata-sections -fno-exceptions -fno-rtti -fno-use-cxa-atexit -Wall -fstack-usage -fcyclomatic-complexity -MMD -MP -MF"Core/Libs/motor_param.d" -MT"Core/Libs/motor_param.o" --specs=nano.specs -mfpu=fpv4-sp-d16 -mfloat-abi=hard -mthumb -o "Core/Libs/motor_param.o"
arm-none-eabi-g++ -o "bldc_driver_controller_runj.elf" @"objects.list"   -mcpu=cortex-m4 -T"C:\Users\WINDOWS 11\Documents\Robotics-RunJ\bldc_driver\control\bldc_driver_controller_runj\STM32G491KEUX_FLASH.ld" --specs=nosys.specs -Wl,-Map="bldc_driver_controller_runj.map" -Wl,--gc-sections -static --specs=nano.specs -mfpu=fpv4-sp-d16 -mfloat-abi=hard -mthumb -Wl,--start-group -lc -lm -lstdc++ -lsupc++ -Wl,--end-group
Finished building target: bldc_driver_controller_runj.elf
 
arm-none-eabi-size  bldc_driver_controller_runj.elf 
arm-none-eabi-objdump -h -S bldc_driver_controller_runj.elf  > "bldc_driver_controller_runj.list"
   text	   data	    bss	    dec	    hex	filename
  57316	    352	   3672	  61340	   ef9c	bldc_driver_controller_runj.elf
Finished building: default.size.stdout
 
Finished building: bldc_driver_controller_runj.list
 
00:55:06 **** Incremental Build of configuration Debug for project bldc_driver_controller_runj ****
make -j16 all 
arm-none-eabi-g++ "../Core/Libs/motor_param.cpp" -mcpu=cortex-m4 -std=gnu++14 -g3 -DDEBUG -DUSE_HAL_DRIVER -DSTM32G491xx -c -I../Core/Inc -I../Drivers/STM32G4xx_HAL_Driver/Inc -I../Drivers/STM32G4xx_HAL_Driver/Inc/Legacy -I../Drivers/CMSIS/Device/ST/STM32G4xx/Include -I../Drivers/CMSIS/Include -I"C:/Users/WINDOWS 11/Documents/Robotics-RunJ/bldc_driver/control/bldc_driver_controller_runj/Core/Libs" -O0 -ffunction-sections -fdata-sections -fno-exceptions -fno-rtti -fno-use-cxa-atexit -Wall -fstack-usage -fcyclomatic-complexity -MMD -MP -MF"Core/Libs/motor_param.d" -MT"Core/Libs/motor_param.o" --specs=nano.specs -mfpu=fpv4-sp-d16 -mfloat-abi=hard -mthumb -o "Core/Libs/motor_param.o"
arm-none-eabi-g++ -o "bldc_driver_controller_runj.elf" @"objects.list"   -mcpu=cortex-m4 -T"C:\Users\WINDOWS 11\Documents\Robotics-RunJ\bldc_driver\control\bldc_driver_controller_runj\STM32G491KEUX_FLASH.ld" --specs=nosys.specs -Wl,-Map="bldc_driver_controller_runj.map" -Wl,--gc-sections -static --specs=nano.specs -mfpu=fpv4-sp-d16 -mfloat-abi=hard -mthumb -Wl,--start-group -lc -lm -lstdc++ -lsupc++ -Wl,--end-group
Finished building target: bldc_driver_controller_runj.elf
 
arm-none-eabi-size  bldc_driver_controller_runj.elf 
arm-none-eabi-objdump -h -S bldc_driver_controller_runj.elf  > "bldc_driver_controller_runj.list"
   text	   data	    bss	    dec	    hex	filename
  57316	    352	   3672	  61340	   ef9c	bldc_driver_controller_runj.elf
Finished building: default.size.stdout
 
Finished building: bldc_driver_controller_runj.list
 
00:55:50 **** Incremental Build of configuration Debug for project bldc_driver_controller_runj ****
make -j16 all 
arm-none-eabi-g++ "../Core/Libs/motor_param.cpp" -mcpu=cortex-m4 -std=gnu++14 -g3 -DDEBUG -DUSE_HAL_DRIVER -DSTM32G491xx -c -I../Core/Inc -I../Drivers/STM32G4xx_HAL_Driver/Inc -I../Drivers/STM32G4xx_HAL_Driver/Inc/Legacy -I../Drivers/CMSIS/Device/ST/STM32G4xx/Include -I../Drivers/CMSIS/Include -I"C:/Users/WINDOWS 11/Documents/Robotics-RunJ/bldc_driver/control/bldc_driver_controller_runj/Core/Libs" -O0 -ffunction-sections -fdata-sections -fno-exceptions -fno-rtti -fno-use-cxa-atexit -Wall -fstack-usage -fcyclomatic-complexity -MMD -MP -MF"Core/Libs/motor_param.d" -MT"Core/Libs/motor_param.o" --specs=nano.specs -mfpu=fpv4-sp-d16 -mfloat-abi=hard -mthumb -o "Core/Libs/motor_param.o"
arm-none-eabi-g++ -o "bldc_driver_controller_runj.elf" @"objects.list"   -mcpu=cortex-m4 -T"C:\Users\WINDOWS 11\Documents\Robotics-RunJ\bldc_driver\control\bldc_driver_controller_runj\STM32G491KEUX_FLASH.ld" --specs=nosys.specs -Wl,-Map="bldc_driver_controller_runj.map" -Wl,--gc-sections -static --specs=nano.specs -mfpu=fpv4-sp-d16 -mfloat-abi=hard -mthumb -Wl,--start-group -lc -lm -lstdc++ -lsupc++ -Wl,--end-group
Finished building target: bldc_driver_controller_runj.elf
 
arm-none-eabi-size  bldc_driver_controller_runj.elf 
arm-none-eabi-objdump -h -S bldc_driver_controller_runj.elf  > "bldc_driver_controller_runj.list"
   text	   data	    bss	    dec	    hex	filename
  57316	    352	   3672	  61340	   ef9c	bldc_driver_controller_runj.elf
Finished building: default.size.stdout
 
Finished building: bldc_driver_controller_runj.list
 
00:56:46 **** Incremental Build of configuration Debug for project bldc_driver_controller_runj ****
make -j16 all 
arm-none-eabi-g++ "../Core/Libs/motor_param.cpp" -mcpu=cortex-m4 -std=gnu++14 -g3 -DDEBUG -DUSE_HAL_DRIVER -DSTM32G491xx -c -I../Core/Inc -I../Drivers/STM32G4xx_HAL_Driver/Inc -I../Drivers/STM32G4xx_HAL_Driver/Inc/Legacy -I../Drivers/CMSIS/Device/ST/STM32G4xx/Include -I../Drivers/CMSIS/Include -I"C:/Users/WINDOWS 11/Documents/Robotics-RunJ/bldc_driver/control/bldc_driver_controller_runj/Core/Libs" -O0 -ffunction-sections -fdata-sections -fno-exceptions -fno-rtti -fno-use-cxa-atexit -Wall -fstack-usage -fcyclomatic-complexity -MMD -MP -MF"Core/Libs/motor_param.d" -MT"Core/Libs/motor_param.o" --specs=nano.specs -mfpu=fpv4-sp-d16 -mfloat-abi=hard -mthumb -o "Core/Libs/motor_param.o"
arm-none-eabi-g++ -o "bldc_driver_controller_runj.elf" @"objects.list"   -mcpu=cortex-m4 -T"C:\Users\WINDOWS 11\Documents\Robotics-RunJ\bldc_driver\control\bldc_driver_controller_runj\STM32G491KEUX_FLASH.ld" --specs=nosys.specs -Wl,-Map="bldc_driver_controller_runj.map" -Wl,--gc-sections -static --specs=nano.specs -mfpu=fpv4-sp-d16 -mfloat-abi=hard -mthumb -Wl,--start-group -lc -lm -lstdc++ -lsupc++ -Wl,--end-group
Finished building target: bldc_driver_controller_runj.elf
 
arm-none-eabi-size  bldc_driver_controller_runj.elf 
arm-none-eabi-objdump -h -S bldc_driver_controller_runj.elf  > "bldc_driver_controller_runj.list"
   text	   data	    bss	    dec	    hex	filename
  57316	    352	   3672	  61340	   ef9c	bldc_driver_controller_runj.elf
Finished building: default.size.stdout
 
Finished building: bldc_driver_controller_runj.list
 
00:57:11 **** Incremental Build of configuration Debug for project bldc_driver_controller_runj ****
make -j16 all 
arm-none-eabi-size  bldc_driver_controller_runj.elf 
   text	   data	    bss	    dec	    hex	filename
  57316	    352	   3672	  61340	   ef9c	bldc_driver_controller_runj.elf
Finished building: default.size.stdout
 
00:57:39 **** Incremental Build of configuration Debug for project bldc_driver_controller_runj ****
make -j16 all 
arm-none-eabi-g++ "../Core/Libs/motor_param.cpp" -mcpu=cortex-m4 -std=gnu++14 -g3 -DDEBUG -DUSE_HAL_DRIVER -DSTM32G491xx -c -I../Core/Inc -I../Drivers/STM32G4xx_HAL_Driver/Inc -I../Drivers/STM32G4xx_HAL_Driver/Inc/Legacy -I../Drivers/CMSIS/Device/ST/STM32G4xx/Include -I../Drivers/CMSIS/Include -I"C:/Users/WINDOWS 11/Documents/Robotics-RunJ/bldc_driver/control/bldc_driver_controller_runj/Core/Libs" -O0 -ffunction-sections -fdata-sections -fno-exceptions -fno-rtti -fno-use-cxa-atexit -Wall -fstack-usage -fcyclomatic-complexity -MMD -MP -MF"Core/Libs/motor_param.d" -MT"Core/Libs/motor_param.o" --specs=nano.specs -mfpu=fpv4-sp-d16 -mfloat-abi=hard -mthumb -o "Core/Libs/motor_param.o"
arm-none-eabi-g++ -o "bldc_driver_controller_runj.elf" @"objects.list"   -mcpu=cortex-m4 -T"C:\Users\WINDOWS 11\Documents\Robotics-RunJ\bldc_driver\control\bldc_driver_controller_runj\STM32G491KEUX_FLASH.ld" --specs=nosys.specs -Wl,-Map="bldc_driver_controller_runj.map" -Wl,--gc-sections -static --specs=nano.specs -mfpu=fpv4-sp-d16 -mfloat-abi=hard -mthumb -Wl,--start-group -lc -lm -lstdc++ -lsupc++ -Wl,--end-group
Finished building target: bldc_driver_controller_runj.elf
 
arm-none-eabi-size  bldc_driver_controller_runj.elf 
arm-none-eabi-objdump -h -S bldc_driver_controller_runj.elf  > "bldc_driver_controller_runj.list"
   text	   data	    bss	    dec	    hex	filename
  57316	    352	   3672	  61340	   ef9c	bldc_driver_controller_runj.elf
Finished building: default.size.stdout
 
Finished building: bldc_driver_controller_runj.list
 
00:57:54 **** Incremental Build of configuration Debug for project bldc_driver_controller_runj ****
make -j16 all 
arm-none-eabi-size  bldc_driver_controller_runj.elf 
   text	   data	    bss	    dec	    hex	filename
  57316	    352	   3672	  61340	   ef9c	bldc_driver_controller_runj.elf
Finished building: default.size.stdout
 
00:58:43 **** Incremental Build of configuration Debug for project bldc_driver_controller_runj ****
make -j16 all 
arm-none-eabi-size  bldc_driver_controller_runj.elf 
   text	   data	    bss	    dec	    hex	filename
  57316	    352	   3672	  61340	   ef9c	bldc_driver_controller_runj.elf
Finished building: default.size.stdout
 
00:59:29 **** Incremental Build of configuration Debug for project bldc_driver_controller_runj ****
make -j16 all 
arm-none-eabi-g++ "../Core/Libs/motor_param.cpp" -mcpu=cortex-m4 -std=gnu++14 -g3 -DDEBUG -DUSE_HAL_DRIVER -DSTM32G491xx -c -I../Core/Inc -I../Drivers/STM32G4xx_HAL_Driver/Inc -I../Drivers/STM32G4xx_HAL_Driver/Inc/Legacy -I../Drivers/CMSIS/Device/ST/STM32G4xx/Include -I../Drivers/CMSIS/Include -I"C:/Users/WINDOWS 11/Documents/Robotics-RunJ/bldc_driver/control/bldc_driver_controller_runj/Core/Libs" -O0 -ffunction-sections -fdata-sections -fno-exceptions -fno-rtti -fno-use-cxa-atexit -Wall -fstack-usage -fcyclomatic-complexity -MMD -MP -MF"Core/Libs/motor_param.d" -MT"Core/Libs/motor_param.o" --specs=nano.specs -mfpu=fpv4-sp-d16 -mfloat-abi=hard -mthumb -o "Core/Libs/motor_param.o"
arm-none-eabi-g++ -o "bldc_driver_controller_runj.elf" @"objects.list"   -mcpu=cortex-m4 -T"C:\Users\WINDOWS 11\Documents\Robotics-RunJ\bldc_driver\control\bldc_driver_controller_runj\STM32G491KEUX_FLASH.ld" --specs=nosys.specs -Wl,-Map="bldc_driver_controller_runj.map" -Wl,--gc-sections -static --specs=nano.specs -mfpu=fpv4-sp-d16 -mfloat-abi=hard -mthumb -Wl,--start-group -lc -lm -lstdc++ -lsupc++ -Wl,--end-group
Finished building target: bldc_driver_controller_runj.elf
 
arm-none-eabi-size  bldc_driver_controller_runj.elf 
arm-none-eabi-objdump -h -S bldc_driver_controller_runj.elf  > "bldc_driver_controller_runj.list"
   text	   data	    bss	    dec	    hex	filename
  57316	    352	   3672	  61340	   ef9c	bldc_driver_controller_runj.elf
Finished building: default.size.stdout
 
Finished building: bldc_driver_controller_runj.list
 
01:00:06 **** Incremental Build of configuration Debug for project bldc_driver_controller_runj ****
make -j16 all 
arm-none-eabi-g++ "../Core/Libs/motor_param.cpp" -mcpu=cortex-m4 -std=gnu++14 -g3 -DDEBUG -DUSE_HAL_DRIVER -DSTM32G491xx -c -I../Core/Inc -I../Drivers/STM32G4xx_HAL_Driver/Inc -I../Drivers/STM32G4xx_HAL_Driver/Inc/Legacy -I../Drivers/CMSIS/Device/ST/STM32G4xx/Include -I../Drivers/CMSIS/Include -I"C:/Users/WINDOWS 11/Documents/Robotics-RunJ/bldc_driver/control/bldc_driver_controller_runj/Core/Libs" -O0 -ffunction-sections -fdata-sections -fno-exceptions -fno-rtti -fno-use-cxa-atexit -Wall -fstack-usage -fcyclomatic-complexity -MMD -MP -MF"Core/Libs/motor_param.d" -MT"Core/Libs/motor_param.o" --specs=nano.specs -mfpu=fpv4-sp-d16 -mfloat-abi=hard -mthumb -o "Core/Libs/motor_param.o"
arm-none-eabi-g++ -o "bldc_driver_controller_runj.elf" @"objects.list"   -mcpu=cortex-m4 -T"C:\Users\WINDOWS 11\Documents\Robotics-RunJ\bldc_driver\control\bldc_driver_controller_runj\STM32G491KEUX_FLASH.ld" --specs=nosys.specs -Wl,-Map="bldc_driver_controller_runj.map" -Wl,--gc-sections -static --specs=nano.specs -mfpu=fpv4-sp-d16 -mfloat-abi=hard -mthumb -Wl,--start-group -lc -lm -lstdc++ -lsupc++ -Wl,--end-group
Finished building target: bldc_driver_controller_runj.elf
 
arm-none-eabi-size  bldc_driver_controller_runj.elf 
arm-none-eabi-objdump -h -S bldc_driver_controller_runj.elf  > "bldc_driver_controller_runj.list"
   text	   data	    bss	    dec	    hex	filename
  57316	    352	   3672	  61340	   ef9c	bldc_driver_controller_runj.elf
Finished building: default.size.stdout
 
Finished building: bldc_driver_controller_runj.list
 
01:01:16 **** Incremental Build of configuration Debug for project bldc_driver_controller_runj ****
make -j16 all 
arm-none-eabi-g++ "../Core/Libs/motor_param.cpp" -mcpu=cortex-m4 -std=gnu++14 -g3 -DDEBUG -DUSE_HAL_DRIVER -DSTM32G491xx -c -I../Core/Inc -I../Drivers/STM32G4xx_HAL_Driver/Inc -I../Drivers/STM32G4xx_HAL_Driver/Inc/Legacy -I../Drivers/CMSIS/Device/ST/STM32G4xx/Include -I../Drivers/CMSIS/Include -I"C:/Users/WINDOWS 11/Documents/Robotics-RunJ/bldc_driver/control/bldc_driver_controller_runj/Core/Libs" -O0 -ffunction-sections -fdata-sections -fno-exceptions -fno-rtti -fno-use-cxa-atexit -Wall -fstack-usage -fcyclomatic-complexity -MMD -MP -MF"Core/Libs/motor_param.d" -MT"Core/Libs/motor_param.o" --specs=nano.specs -mfpu=fpv4-sp-d16 -mfloat-abi=hard -mthumb -o "Core/Libs/motor_param.o"
arm-none-eabi-g++ -o "bldc_driver_controller_runj.elf" @"objects.list"   -mcpu=cortex-m4 -T"C:\Users\WINDOWS 11\Documents\Robotics-RunJ\bldc_driver\control\bldc_driver_controller_runj\STM32G491KEUX_FLASH.ld" --specs=nosys.specs -Wl,-Map="bldc_driver_controller_runj.map" -Wl,--gc-sections -static --specs=nano.specs -mfpu=fpv4-sp-d16 -mfloat-abi=hard -mthumb -Wl,--start-group -lc -lm -lstdc++ -lsupc++ -Wl,--end-group
Finished building target: bldc_driver_controller_runj.elf
 
arm-none-eabi-size  bldc_driver_controller_runj.elf 
arm-none-eabi-objdump -h -S bldc_driver_controller_runj.elf  > "bldc_driver_controller_runj.list"
   text	   data	    bss	    dec	    hex	filename
  57316	    352	   3672	  61340	   ef9c	bldc_driver_controller_runj.elf
Finished building: default.size.stdout
 
Finished building: bldc_driver_controller_runj.list
 
01:01:40 **** Incremental Build of configuration Debug for project bldc_driver_controller_runj ****
make -j16 all 
arm-none-eabi-g++ "../Core/Libs/motor_param.cpp" -mcpu=cortex-m4 -std=gnu++14 -g3 -DDEBUG -DUSE_HAL_DRIVER -DSTM32G491xx -c -I../Core/Inc -I../Drivers/STM32G4xx_HAL_Driver/Inc -I../Drivers/STM32G4xx_HAL_Driver/Inc/Legacy -I../Drivers/CMSIS/Device/ST/STM32G4xx/Include -I../Drivers/CMSIS/Include -I"C:/Users/WINDOWS 11/Documents/Robotics-RunJ/bldc_driver/control/bldc_driver_controller_runj/Core/Libs" -O0 -ffunction-sections -fdata-sections -fno-exceptions -fno-rtti -fno-use-cxa-atexit -Wall -fstack-usage -fcyclomatic-complexity -MMD -MP -MF"Core/Libs/motor_param.d" -MT"Core/Libs/motor_param.o" --specs=nano.specs -mfpu=fpv4-sp-d16 -mfloat-abi=hard -mthumb -o "Core/Libs/motor_param.o"
arm-none-eabi-g++ -o "bldc_driver_controller_runj.elf" @"objects.list"   -mcpu=cortex-m4 -T"C:\Users\WINDOWS 11\Documents\Robotics-RunJ\bldc_driver\control\bldc_driver_controller_runj\STM32G491KEUX_FLASH.ld" --specs=nosys.specs -Wl,-Map="bldc_driver_controller_runj.map" -Wl,--gc-sections -static --specs=nano.specs -mfpu=fpv4-sp-d16 -mfloat-abi=hard -mthumb -Wl,--start-group -lc -lm -lstdc++ -lsupc++ -Wl,--end-group
Finished building target: bldc_driver_controller_runj.elf
 
arm-none-eabi-size  bldc_driver_controller_runj.elf 
arm-none-eabi-objdump -h -S bldc_driver_controller_runj.elf  > "bldc_driver_controller_runj.list"
   text	   data	    bss	    dec	    hex	filename
  57316	    352	   3672	  61340	   ef9c	bldc_driver_controller_runj.elf
Finished building: default.size.stdout
 
Finished building: bldc_driver_controller_runj.list
 
01:01:55 **** Incremental Build of configuration Debug for project bldc_driver_controller_runj ****
make -j16 all 
arm-none-eabi-g++ "../Core/Libs/motor_param.cpp" -mcpu=cortex-m4 -std=gnu++14 -g3 -DDEBUG -DUSE_HAL_DRIVER -DSTM32G491xx -c -I../Core/Inc -I../Drivers/STM32G4xx_HAL_Driver/Inc -I../Drivers/STM32G4xx_HAL_Driver/Inc/Legacy -I../Drivers/CMSIS/Device/ST/STM32G4xx/Include -I../Drivers/CMSIS/Include -I"C:/Users/WINDOWS 11/Documents/Robotics-RunJ/bldc_driver/control/bldc_driver_controller_runj/Core/Libs" -O0 -ffunction-sections -fdata-sections -fno-exceptions -fno-rtti -fno-use-cxa-atexit -Wall -fstack-usage -fcyclomatic-complexity -MMD -MP -MF"Core/Libs/motor_param.d" -MT"Core/Libs/motor_param.o" --specs=nano.specs -mfpu=fpv4-sp-d16 -mfloat-abi=hard -mthumb -o "Core/Libs/motor_param.o"
arm-none-eabi-g++ -o "bldc_driver_controller_runj.elf" @"objects.list"   -mcpu=cortex-m4 -T"C:\Users\WINDOWS 11\Documents\Robotics-RunJ\bldc_driver\control\bldc_driver_controller_runj\STM32G491KEUX_FLASH.ld" --specs=nosys.specs -Wl,-Map="bldc_driver_controller_runj.map" -Wl,--gc-sections -static --specs=nano.specs -mfpu=fpv4-sp-d16 -mfloat-abi=hard -mthumb -Wl,--start-group -lc -lm -lstdc++ -lsupc++ -Wl,--end-group
Finished building target: bldc_driver_controller_runj.elf
 
arm-none-eabi-size  bldc_driver_controller_runj.elf 
arm-none-eabi-objdump -h -S bldc_driver_controller_runj.elf  > "bldc_driver_controller_runj.list"
   text	   data	    bss	    dec	    hex	filename
  57316	    352	   3672	  61340	   ef9c	bldc_driver_controller_runj.elf
Finished building: default.size.stdout
 
Finished building: bldc_driver_controller_runj.list
 
01:02:18 **** Incremental Build of configuration Debug for project bldc_driver_controller_runj ****
make -j16 all 
arm-none-eabi-size  bldc_driver_controller_runj.elf 
   text	   data	    bss	    dec	    hex	filename
  57316	    352	   3672	  61340	   ef9c	bldc_driver_controller_runj.elf
Finished building: default.size.stdout
 
