23:47:58 **** Incremental Build of configuration Debug for project bldc_driver_controller_runj ****
make -j16 all 
arm-none-eabi-size  bldc_driver_controller_runj.elf 
   text	   data	    bss	    dec	    hex	filename
  51428	    296	   3584	  55308	   d80c	bldc_driver_controller_runj.elf
Finished building: default.size.stdout
 
23:48:01 **** Incremental Build of configuration Debug for project bldc_driver_controller_runj ****
make -j16 all 
arm-none-eabi-size  bldc_driver_controller_runj.elf 
   text	   data	    bss	    dec	    hex	filename
  51428	    296	   3584	  55308	   d80c	bldc_driver_controller_runj.elf
Finished building: default.size.stdout
 
23:48:52 **** Incremental Build of configuration Debug for project bldc_driver_controller_runj ****
make -j16 all 
arm-none-eabi-size  bldc_driver_controller_runj.elf 
   text	   data	    bss	    dec	    hex	filename
  51428	    296	   3584	  55308	   d80c	bldc_driver_controller_runj.elf
Finished building: default.size.stdout
 
10:38:53 **** Incremental Build of configuration Debug for project bldc_driver_controller_runj ****
make -j16 all 
arm-none-eabi-size  bldc_driver_controller_runj.elf 
   text	   data	    bss	    dec	    hex	filename
  51428	    296	   3584	  55308	   d80c	bldc_driver_controller_runj.elf
Finished building: default.size.stdout
 
20:40:07 **** Incremental Build of configuration Debug for project bldc_driver_controller_runj ****
make -j16 all 
arm-none-eabi-size  bldc_driver_controller_runj.elf 
   text	   data	    bss	    dec	    hex	filename
  51428	    296	   3584	  55308	   d80c	bldc_driver_controller_runj.elf
Finished building: default.size.stdout
 
21:12:58 **** Incremental Build of configuration Debug for project bldc_driver_controller_runj ****
make -j16 all 
arm-none-eabi-g++ "../Core/Src/main.cpp" -mcpu=cortex-m4 -std=gnu++14 -g3 -DDEBUG -DUSE_HAL_DRIVER -DSTM32G491xx -c -I../Core/Inc -I../Drivers/STM32G4xx_HAL_Driver/Inc -I../Drivers/STM32G4xx_HAL_Driver/Inc/Legacy -I../Drivers/CMSIS/Device/ST/STM32G4xx/Include -I../Drivers/CMSIS/Include -I"C:/Users/WINDOWS 11/Documents/Robotics-RunJ/bldc_driver/control/bldc_driver_controller_runj/Core/Libs" -O0 -ffunction-sections -fdata-sections -fno-exceptions -fno-rtti -fno-use-cxa-atexit -Wall -fstack-usage -fcyclomatic-complexity -MMD -MP -MF"Core/Src/main.d" -MT"Core/Src/main.o" --specs=nano.specs -mfpu=fpv4-sp-d16 -mfloat-abi=hard -mthumb -o "Core/Src/main.o"
arm-none-eabi-g++ "../Core/Libs/AS5048Ainterface.cpp" -mcpu=cortex-m4 -std=gnu++14 -g3 -DDEBUG -DUSE_HAL_DRIVER -DSTM32G491xx -c -I../Core/Inc -I../Drivers/STM32G4xx_HAL_Driver/Inc -I../Drivers/STM32G4xx_HAL_Driver/Inc/Legacy -I../Drivers/CMSIS/Device/ST/STM32G4xx/Include -I../Drivers/CMSIS/Include -I"C:/Users/WINDOWS 11/Documents/Robotics-RunJ/bldc_driver/control/bldc_driver_controller_runj/Core/Libs" -O0 -ffunction-sections -fdata-sections -fno-exceptions -fno-rtti -fno-use-cxa-atexit -Wall -fstack-usage -fcyclomatic-complexity -MMD -MP -MF"Core/Libs/AS5048Ainterface.d" -MT"Core/Libs/AS5048Ainterface.o" --specs=nano.specs -mfpu=fpv4-sp-d16 -mfloat-abi=hard -mthumb -o "Core/Libs/AS5048Ainterface.o"
arm-none-eabi-g++ "../Core/Libs/CurrentSense.cpp" -mcpu=cortex-m4 -std=gnu++14 -g3 -DDEBUG -DUSE_HAL_DRIVER -DSTM32G491xx -c -I../Core/Inc -I../Drivers/STM32G4xx_HAL_Driver/Inc -I../Drivers/STM32G4xx_HAL_Driver/Inc/Legacy -I../Drivers/CMSIS/Device/ST/STM32G4xx/Include -I../Drivers/CMSIS/Include -I"C:/Users/WINDOWS 11/Documents/Robotics-RunJ/bldc_driver/control/bldc_driver_controller_runj/Core/Libs" -O0 -ffunction-sections -fdata-sections -fno-exceptions -fno-rtti -fno-use-cxa-atexit -Wall -fstack-usage -fcyclomatic-complexity -MMD -MP -MF"Core/Libs/CurrentSense.d" -MT"Core/Libs/CurrentSense.o" --specs=nano.specs -mfpu=fpv4-sp-d16 -mfloat-abi=hard -mthumb -o "Core/Libs/CurrentSense.o"
arm-none-eabi-g++ "../Core/Libs/can_fd.cpp" -mcpu=cortex-m4 -std=gnu++14 -g3 -DDEBUG -DUSE_HAL_DRIVER -DSTM32G491xx -c -I../Core/Inc -I../Drivers/STM32G4xx_HAL_Driver/Inc -I../Drivers/STM32G4xx_HAL_Driver/Inc/Legacy -I../Drivers/CMSIS/Device/ST/STM32G4xx/Include -I../Drivers/CMSIS/Include -I"C:/Users/WINDOWS 11/Documents/Robotics-RunJ/bldc_driver/control/bldc_driver_controller_runj/Core/Libs" -O0 -ffunction-sections -fdata-sections -fno-exceptions -fno-rtti -fno-use-cxa-atexit -Wall -fstack-usage -fcyclomatic-complexity -MMD -MP -MF"Core/Libs/can_fd.d" -MT"Core/Libs/can_fd.o" --specs=nano.specs -mfpu=fpv4-sp-d16 -mfloat-abi=hard -mthumb -o "Core/Libs/can_fd.o"
arm-none-eabi-g++ "../Core/Libs/ekf.cpp" -mcpu=cortex-m4 -std=gnu++14 -g3 -DDEBUG -DUSE_HAL_DRIVER -DSTM32G491xx -c -I../Core/Inc -I../Drivers/STM32G4xx_HAL_Driver/Inc -I../Drivers/STM32G4xx_HAL_Driver/Inc/Legacy -I../Drivers/CMSIS/Device/ST/STM32G4xx/Include -I../Drivers/CMSIS/Include -I"C:/Users/WINDOWS 11/Documents/Robotics-RunJ/bldc_driver/control/bldc_driver_controller_runj/Core/Libs" -O0 -ffunction-sections -fdata-sections -fno-exceptions -fno-rtti -fno-use-cxa-atexit -Wall -fstack-usage -fcyclomatic-complexity -MMD -MP -MF"Core/Libs/ekf.d" -MT"Core/Libs/ekf.o" --specs=nano.specs -mfpu=fpv4-sp-d16 -mfloat-abi=hard -mthumb -o "Core/Libs/ekf.o"
arm-none-eabi-g++ "../Core/Libs/foc_utils.cpp" -mcpu=cortex-m4 -std=gnu++14 -g3 -DDEBUG -DUSE_HAL_DRIVER -DSTM32G491xx -c -I../Core/Inc -I../Drivers/STM32G4xx_HAL_Driver/Inc -I../Drivers/STM32G4xx_HAL_Driver/Inc/Legacy -I../Drivers/CMSIS/Device/ST/STM32G4xx/Include -I../Drivers/CMSIS/Include -I"C:/Users/WINDOWS 11/Documents/Robotics-RunJ/bldc_driver/control/bldc_driver_controller_runj/Core/Libs" -O0 -ffunction-sections -fdata-sections -fno-exceptions -fno-rtti -fno-use-cxa-atexit -Wall -fstack-usage -fcyclomatic-complexity -MMD -MP -MF"Core/Libs/foc_utils.d" -MT"Core/Libs/foc_utils.o" --specs=nano.specs -mfpu=fpv4-sp-d16 -mfloat-abi=hard -mthumb -o "Core/Libs/foc_utils.o"
arm-none-eabi-g++ "../Core/Libs/lowpass_filter.cpp" -mcpu=cortex-m4 -std=gnu++14 -g3 -DDEBUG -DUSE_HAL_DRIVER -DSTM32G491xx -c -I../Core/Inc -I../Drivers/STM32G4xx_HAL_Driver/Inc -I../Drivers/STM32G4xx_HAL_Driver/Inc/Legacy -I../Drivers/CMSIS/Device/ST/STM32G4xx/Include -I../Drivers/CMSIS/Include -I"C:/Users/WINDOWS 11/Documents/Robotics-RunJ/bldc_driver/control/bldc_driver_controller_runj/Core/Libs" -O0 -ffunction-sections -fdata-sections -fno-exceptions -fno-rtti -fno-use-cxa-atexit -Wall -fstack-usage -fcyclomatic-complexity -MMD -MP -MF"Core/Libs/lowpass_filter.d" -MT"Core/Libs/lowpass_filter.o" --specs=nano.specs -mfpu=fpv4-sp-d16 -mfloat-abi=hard -mthumb -o "Core/Libs/lowpass_filter.o"
arm-none-eabi-g++ "../Core/Libs/motor_param.cpp" -mcpu=cortex-m4 -std=gnu++14 -g3 -DDEBUG -DUSE_HAL_DRIVER -DSTM32G491xx -c -I../Core/Inc -I../Drivers/STM32G4xx_HAL_Driver/Inc -I../Drivers/STM32G4xx_HAL_Driver/Inc/Legacy -I../Drivers/CMSIS/Device/ST/STM32G4xx/Include -I../Drivers/CMSIS/Include -I"C:/Users/WINDOWS 11/Documents/Robotics-RunJ/bldc_driver/control/bldc_driver_controller_runj/Core/Libs" -O0 -ffunction-sections -fdata-sections -fno-exceptions -fno-rtti -fno-use-cxa-atexit -Wall -fstack-usage -fcyclomatic-complexity -MMD -MP -MF"Core/Libs/motor_param.d" -MT"Core/Libs/motor_param.o" --specs=nano.specs -mfpu=fpv4-sp-d16 -mfloat-abi=hard -mthumb -o "Core/Libs/motor_param.o"
arm-none-eabi-g++ "../Core/Libs/pid.cpp" -mcpu=cortex-m4 -std=gnu++14 -g3 -DDEBUG -DUSE_HAL_DRIVER -DSTM32G491xx -c -I../Core/Inc -I../Drivers/STM32G4xx_HAL_Driver/Inc -I../Drivers/STM32G4xx_HAL_Driver/Inc/Legacy -I../Drivers/CMSIS/Device/ST/STM32G4xx/Include -I../Drivers/CMSIS/Include -I"C:/Users/WINDOWS 11/Documents/Robotics-RunJ/bldc_driver/control/bldc_driver_controller_runj/Core/Libs" -O0 -ffunction-sections -fdata-sections -fno-exceptions -fno-rtti -fno-use-cxa-atexit -Wall -fstack-usage -fcyclomatic-complexity -MMD -MP -MF"Core/Libs/pid.d" -MT"Core/Libs/pid.o" --specs=nano.specs -mfpu=fpv4-sp-d16 -mfloat-abi=hard -mthumb -o "Core/Libs/pid.o"
arm-none-eabi-g++ "../Core/Libs/pwm_drivers.cpp" -mcpu=cortex-m4 -std=gnu++14 -g3 -DDEBUG -DUSE_HAL_DRIVER -DSTM32G491xx -c -I../Core/Inc -I../Drivers/STM32G4xx_HAL_Driver/Inc -I../Drivers/STM32G4xx_HAL_Driver/Inc/Legacy -I../Drivers/CMSIS/Device/ST/STM32G4xx/Include -I../Drivers/CMSIS/Include -I"C:/Users/WINDOWS 11/Documents/Robotics-RunJ/bldc_driver/control/bldc_driver_controller_runj/Core/Libs" -O0 -ffunction-sections -fdata-sections -fno-exceptions -fno-rtti -fno-use-cxa-atexit -Wall -fstack-usage -fcyclomatic-complexity -MMD -MP -MF"Core/Libs/pwm_drivers.d" -MT"Core/Libs/pwm_drivers.o" --specs=nano.specs -mfpu=fpv4-sp-d16 -mfloat-abi=hard -mthumb -o "Core/Libs/pwm_drivers.o"
arm-none-eabi-g++ "../Core/Libs/simpleFOC.cpp" -mcpu=cortex-m4 -std=gnu++14 -g3 -DDEBUG -DUSE_HAL_DRIVER -DSTM32G491xx -c -I../Core/Inc -I../Drivers/STM32G4xx_HAL_Driver/Inc -I../Drivers/STM32G4xx_HAL_Driver/Inc/Legacy -I../Drivers/CMSIS/Device/ST/STM32G4xx/Include -I../Drivers/CMSIS/Include -I"C:/Users/WINDOWS 11/Documents/Robotics-RunJ/bldc_driver/control/bldc_driver_controller_runj/Core/Libs" -O0 -ffunction-sections -fdata-sections -fno-exceptions -fno-rtti -fno-use-cxa-atexit -Wall -fstack-usage -fcyclomatic-complexity -MMD -MP -MF"Core/Libs/simpleFOC.d" -MT"Core/Libs/simpleFOC.o" --specs=nano.specs -mfpu=fpv4-sp-d16 -mfloat-abi=hard -mthumb -o "Core/Libs/simpleFOC.o"
../Core/Src/main.cpp: In function 'void HAL_FDCAN_RxFifo0Callback(FDCAN_HandleTypeDef*, uint32_t)':
../Core/Src/main.cpp:143:42: warning: format '%X' expects argument of type 'unsigned int', but argument 2 has type 'uint32_t' {aka 'long unsigned int'} [-Wformat=]
  143 |         printf("Received message: ID: 0x%X, DLC: %d, Data: ",
      |                                         ~^
      |                                          |
      |                                          unsigned int
      |                                         %lX
  144 |                rxHeader.Identifier, rxHeader.DataLength >> 16);
      |                ~~~~~~~~~~~~~~~~~~~        
      |                         |
      |                         uint32_t {aka long unsigned int}
../Core/Src/main.cpp:143:51: warning: format '%d' expects argument of type 'int', but argument 3 has type 'uint32_t' {aka 'long unsigned int'} [-Wformat=]
  143 |         printf("Received message: ID: 0x%X, DLC: %d, Data: ",
      |                                                  ~^
      |                                                   |
      |                                                   int
      |                                                  %ld
  144 |                rxHeader.Identifier, rxHeader.DataLength >> 16);
      |                                     ~~~~~~~~~~~~~~~~~~~~~~~~~
      |                                                         |
      |                                                         uint32_t {aka long unsigned int}
../Core/Src/main.cpp:145:27: warning: comparison of integer expressions of different signedness: 'int' and 'uint32_t' {aka 'long unsigned int'} [-Wsign-compare]
  145 |         for (int i = 0; i < (rxHeader.DataLength >> 16); i++)
      |                         ~~^~~~~~~~~~~~~~~~~~~~~~~~~~~~~
arm-none-eabi-g++ -o "bldc_driver_controller_runj.elf" @"objects.list"   -mcpu=cortex-m4 -T"C:\Users\WINDOWS 11\Documents\Robotics-RunJ\bldc_driver\control\bldc_driver_controller_runj\STM32G491KEUX_FLASH.ld" --specs=nosys.specs -Wl,-Map="bldc_driver_controller_runj.map" -Wl,--gc-sections -static --specs=nano.specs -mfpu=fpv4-sp-d16 -mfloat-abi=hard -mthumb -Wl,--start-group -lc -lm -lstdc++ -lsupc++ -Wl,--end-group
Finished building target: bldc_driver_controller_runj.elf
 
arm-none-eabi-size  bldc_driver_controller_runj.elf 
arm-none-eabi-objdump -h -S bldc_driver_controller_runj.elf  > "bldc_driver_controller_runj.list"
   text	   data	    bss	    dec	    hex	filename
  56592	    308	   3592	  60492	   ec4c	bldc_driver_controller_runj.elf
Finished building: default.size.stdout
 
Finished building: bldc_driver_controller_runj.list
 
15:37:55 **** Incremental Build of configuration Debug for project bldc_driver_controller_runj ****
make -j16 all 
arm-none-eabi-size  bldc_driver_controller_runj.elf 
   text	   data	    bss	    dec	    hex	filename
  56592	    308	   3592	  60492	   ec4c	bldc_driver_controller_runj.elf
Finished building: default.size.stdout
 
15:38:43 **** Incremental Build of configuration Debug for project bldc_driver_controller_runj ****
make -j16 all 
arm-none-eabi-size  bldc_driver_controller_runj.elf 
   text	   data	    bss	    dec	    hex	filename
  56592	    308	   3592	  60492	   ec4c	bldc_driver_controller_runj.elf
Finished building: default.size.stdout
 
15:45:23 **** Incremental Build of configuration Debug for project bldc_driver_controller_runj ****
make -j16 all 
arm-none-eabi-size  bldc_driver_controller_runj.elf 
   text	   data	    bss	    dec	    hex	filename
  56592	    308	   3592	  60492	   ec4c	bldc_driver_controller_runj.elf
Finished building: default.size.stdout
 
15:52:32 **** Incremental Build of configuration Debug for project bldc_driver_controller_runj ****
make -j16 all 
arm-none-eabi-g++ "../Core/Src/main.cpp" -mcpu=cortex-m4 -std=gnu++14 -g3 -DDEBUG -DUSE_HAL_DRIVER -DSTM32G491xx -c -I../Core/Inc -I../Drivers/STM32G4xx_HAL_Driver/Inc -I../Drivers/STM32G4xx_HAL_Driver/Inc/Legacy -I../Drivers/CMSIS/Device/ST/STM32G4xx/Include -I../Drivers/CMSIS/Include -I"C:/Users/WINDOWS 11/Documents/Robotics-RunJ/bldc_driver/control/bldc_driver_controller_runj/Core/Libs" -O0 -ffunction-sections -fdata-sections -fno-exceptions -fno-rtti -fno-use-cxa-atexit -Wall -fstack-usage -fcyclomatic-complexity -MMD -MP -MF"Core/Src/main.d" -MT"Core/Src/main.o" --specs=nano.specs -mfpu=fpv4-sp-d16 -mfloat-abi=hard -mthumb -o "Core/Src/main.o"
../Core/Src/main.cpp: In function 'void HAL_FDCAN_RxFifo0Callback(FDCAN_HandleTypeDef*, uint32_t)':
../Core/Src/main.cpp:143:42: warning: format '%X' expects argument of type 'unsigned int', but argument 2 has type 'uint32_t' {aka 'long unsigned int'} [-Wformat=]
  143 |         printf("Received message: ID: 0x%X, DLC: %d, Data: ",
      |                                         ~^
      |                                          |
      |                                          unsigned int
      |                                         %lX
  144 |                rxHeader.Identifier, rxHeader.DataLength >> 16);
      |                ~~~~~~~~~~~~~~~~~~~        
      |                         |
      |                         uint32_t {aka long unsigned int}
../Core/Src/main.cpp:143:51: warning: format '%d' expects argument of type 'int', but argument 3 has type 'uint32_t' {aka 'long unsigned int'} [-Wformat=]
  143 |         printf("Received message: ID: 0x%X, DLC: %d, Data: ",
      |                                                  ~^
      |                                                   |
      |                                                   int
      |                                                  %ld
  144 |                rxHeader.Identifier, rxHeader.DataLength >> 16);
      |                                     ~~~~~~~~~~~~~~~~~~~~~~~~~
      |                                                         |
      |                                                         uint32_t {aka long unsigned int}
../Core/Src/main.cpp:145:27: warning: comparison of integer expressions of different signedness: 'int' and 'uint32_t' {aka 'long unsigned int'} [-Wsign-compare]
  145 |         for (int i = 0; i < (rxHeader.DataLength >> 16); i++)
      |                         ~~^~~~~~~~~~~~~~~~~~~~~~~~~~~~~
arm-none-eabi-g++ -o "bldc_driver_controller_runj.elf" @"objects.list"   -mcpu=cortex-m4 -T"C:\Users\WINDOWS 11\Documents\Robotics-RunJ\bldc_driver\control\bldc_driver_controller_runj\STM32G491KEUX_FLASH.ld" --specs=nosys.specs -Wl,-Map="bldc_driver_controller_runj.map" -Wl,--gc-sections -static --specs=nano.specs -mfpu=fpv4-sp-d16 -mfloat-abi=hard -mthumb -Wl,--start-group -lc -lm -lstdc++ -lsupc++ -Wl,--end-group
Finished building target: bldc_driver_controller_runj.elf
 
arm-none-eabi-size  bldc_driver_controller_runj.elf 
   text	   data	    bss	    dec	    hex	filename
  56592	    308	   3592	  60492	   ec4c	bldc_driver_controller_runj.elf
Finished building: default.size.stdout
 
15:59:18 **** Incremental Build of configuration Debug for project bldc_driver_controller_runj ****
make -j16 all 
arm-none-eabi-g++ -o "bldc_driver_controller_runj.elf" @"objects.list"   -mcpu=cortex-m4 -T"C:\Users\WINDOWS 11\Documents\Robotics-RunJ\bldc_driver\control\bldc_driver_controller_runj\STM32G491KEUX_FLASH.ld" --specs=nosys.specs -Wl,-Map="bldc_driver_controller_runj.map" -Wl,--gc-sections -static --specs=nano.specs -mfpu=fpv4-sp-d16 -mfloat-abi=hard -mthumb -Wl,--start-group -lc -lm -lstdc++ -lsupc++ -Wl,--end-group
Finished building target: bldc_driver_controller_runj.elf
 
arm-none-eabi-size  bldc_driver_controller_runj.elf 
   text	   data	    bss	    dec	    hex	filename
  56592	    308	   3592	  60492	   ec4c	bldc_driver_controller_runj.elf
Finished building: default.size.stdout
 
16:05:20 **** Incremental Build of configuration Debug for project bldc_driver_controller_runj ****
make -j16 all 
arm-none-eabi-g++ "../Core/Src/main.cpp" -mcpu=cortex-m4 -std=gnu++14 -g3 -DDEBUG -DUSE_HAL_DRIVER -DSTM32G491xx -c -I../Core/Inc -I../Drivers/STM32G4xx_HAL_Driver/Inc -I../Drivers/STM32G4xx_HAL_Driver/Inc/Legacy -I../Drivers/CMSIS/Device/ST/STM32G4xx/Include -I../Drivers/CMSIS/Include -I"C:/Users/WINDOWS 11/Documents/Robotics-RunJ/bldc_driver/control/bldc_driver_controller_runj/Core/Libs" -O0 -ffunction-sections -fdata-sections -fno-exceptions -fno-rtti -fno-use-cxa-atexit -Wall -fstack-usage -fcyclomatic-complexity -MMD -MP -MF"Core/Src/main.d" -MT"Core/Src/main.o" --specs=nano.specs -mfpu=fpv4-sp-d16 -mfloat-abi=hard -mthumb -o "Core/Src/main.o"
../Core/Src/main.cpp: In function 'void HAL_FDCAN_RxFifo0Callback(FDCAN_HandleTypeDef*, uint32_t)':
../Core/Src/main.cpp:145:42: warning: format '%X' expects argument of type 'unsigned int', but argument 2 has type 'uint32_t' {aka 'long unsigned int'} [-Wformat=]
  145 |         printf("Received message: ID: 0x%X, DLC: %d, Data: ",
      |                                         ~^
      |                                          |
      |                                          unsigned int
      |                                         %lX
  146 |                rxHeader.Identifier, rxHeader.DataLength >> 16);
      |                ~~~~~~~~~~~~~~~~~~~        
      |                         |
      |                         uint32_t {aka long unsigned int}
../Core/Src/main.cpp:145:51: warning: format '%d' expects argument of type 'int', but argument 3 has type 'uint32_t' {aka 'long unsigned int'} [-Wformat=]
  145 |         printf("Received message: ID: 0x%X, DLC: %d, Data: ",
      |                                                  ~^
      |                                                   |
      |                                                   int
      |                                                  %ld
  146 |                rxHeader.Identifier, rxHeader.DataLength >> 16);
      |                                     ~~~~~~~~~~~~~~~~~~~~~~~~~
      |                                                         |
      |                                                         uint32_t {aka long unsigned int}
../Core/Src/main.cpp:147:27: warning: comparison of integer expressions of different signedness: 'int' and 'uint32_t' {aka 'long unsigned int'} [-Wsign-compare]
  147 |         for (int i = 0; i < (rxHeader.DataLength >> 16); i++)
      |                         ~~^~~~~~~~~~~~~~~~~~~~~~~~~~~~~
arm-none-eabi-g++ -o "bldc_driver_controller_runj.elf" @"objects.list"   -mcpu=cortex-m4 -T"C:\Users\WINDOWS 11\Documents\Robotics-RunJ\bldc_driver\control\bldc_driver_controller_runj\STM32G491KEUX_FLASH.ld" --specs=nosys.specs -Wl,-Map="bldc_driver_controller_runj.map" -Wl,--gc-sections -static --specs=nano.specs -mfpu=fpv4-sp-d16 -mfloat-abi=hard -mthumb -Wl,--start-group -lc -lm -lstdc++ -lsupc++ -Wl,--end-group
Finished building target: bldc_driver_controller_runj.elf
 
arm-none-eabi-size  bldc_driver_controller_runj.elf 
   text	   data	    bss	    dec	    hex	filename
  56600	    308	   3616	  60524	   ec6c	bldc_driver_controller_runj.elf
Finished building: default.size.stdout
 
16:06:35 **** Incremental Build of configuration Debug for project bldc_driver_controller_runj ****
make -j16 all 
arm-none-eabi-g++ "../Core/Src/main.cpp" -mcpu=cortex-m4 -std=gnu++14 -g3 -DDEBUG -DUSE_HAL_DRIVER -DSTM32G491xx -c -I../Core/Inc -I../Drivers/STM32G4xx_HAL_Driver/Inc -I../Drivers/STM32G4xx_HAL_Driver/Inc/Legacy -I../Drivers/CMSIS/Device/ST/STM32G4xx/Include -I../Drivers/CMSIS/Include -I"C:/Users/WINDOWS 11/Documents/Robotics-RunJ/bldc_driver/control/bldc_driver_controller_runj/Core/Libs" -O0 -ffunction-sections -fdata-sections -fno-exceptions -fno-rtti -fno-use-cxa-atexit -Wall -fstack-usage -fcyclomatic-complexity -MMD -MP -MF"Core/Src/main.d" -MT"Core/Src/main.o" --specs=nano.specs -mfpu=fpv4-sp-d16 -mfloat-abi=hard -mthumb -o "Core/Src/main.o"
../Core/Src/main.cpp: In function 'void HAL_FDCAN_RxFifo0Callback(FDCAN_HandleTypeDef*, uint32_t)':
../Core/Src/main.cpp:145:42: warning: format '%X' expects argument of type 'unsigned int', but argument 2 has type 'uint32_t' {aka 'long unsigned int'} [-Wformat=]
  145 |         printf("Received message: ID: 0x%X, DLC: %d, Data: ",
      |                                         ~^
      |                                          |
      |                                          unsigned int
      |                                         %lX
  146 |                rxHeader.Identifier, rxHeader.DataLength >> 16);
      |                ~~~~~~~~~~~~~~~~~~~        
      |                         |
      |                         uint32_t {aka long unsigned int}
../Core/Src/main.cpp:145:51: warning: format '%d' expects argument of type 'int', but argument 3 has type 'uint32_t' {aka 'long unsigned int'} [-Wformat=]
  145 |         printf("Received message: ID: 0x%X, DLC: %d, Data: ",
      |                                                  ~^
      |                                                   |
      |                                                   int
      |                                                  %ld
  146 |                rxHeader.Identifier, rxHeader.DataLength >> 16);
      |                                     ~~~~~~~~~~~~~~~~~~~~~~~~~
      |                                                         |
      |                                                         uint32_t {aka long unsigned int}
../Core/Src/main.cpp:147:27: warning: comparison of integer expressions of different signedness: 'int' and 'uint32_t' {aka 'long unsigned int'} [-Wsign-compare]
  147 |         for (int i = 0; i < (rxHeader.DataLength >> 16); i++)
      |                         ~~^~~~~~~~~~~~~~~~~~~~~~~~~~~~~
arm-none-eabi-g++ -o "bldc_driver_controller_runj.elf" @"objects.list"   -mcpu=cortex-m4 -T"C:\Users\WINDOWS 11\Documents\Robotics-RunJ\bldc_driver\control\bldc_driver_controller_runj\STM32G491KEUX_FLASH.ld" --specs=nosys.specs -Wl,-Map="bldc_driver_controller_runj.map" -Wl,--gc-sections -static --specs=nano.specs -mfpu=fpv4-sp-d16 -mfloat-abi=hard -mthumb -Wl,--start-group -lc -lm -lstdc++ -lsupc++ -Wl,--end-group
Finished building target: bldc_driver_controller_runj.elf
 
arm-none-eabi-size  bldc_driver_controller_runj.elf 
   text	   data	    bss	    dec	    hex	filename
  56600	    308	   3616	  60524	   ec6c	bldc_driver_controller_runj.elf
Finished building: default.size.stdout
 
16:09:28 **** Incremental Build of configuration Debug for project bldc_driver_controller_runj ****
make -j16 all 
arm-none-eabi-g++ "../Core/Src/main.cpp" -mcpu=cortex-m4 -std=gnu++14 -g3 -DDEBUG -DUSE_HAL_DRIVER -DSTM32G491xx -c -I../Core/Inc -I../Drivers/STM32G4xx_HAL_Driver/Inc -I../Drivers/STM32G4xx_HAL_Driver/Inc/Legacy -I../Drivers/CMSIS/Device/ST/STM32G4xx/Include -I../Drivers/CMSIS/Include -I"C:/Users/WINDOWS 11/Documents/Robotics-RunJ/bldc_driver/control/bldc_driver_controller_runj/Core/Libs" -O0 -ffunction-sections -fdata-sections -fno-exceptions -fno-rtti -fno-use-cxa-atexit -Wall -fstack-usage -fcyclomatic-complexity -MMD -MP -MF"Core/Src/main.d" -MT"Core/Src/main.o" --specs=nano.specs -mfpu=fpv4-sp-d16 -mfloat-abi=hard -mthumb -o "Core/Src/main.o"
../Core/Src/main.cpp: In function 'void HAL_FDCAN_RxFifo0Callback(FDCAN_HandleTypeDef*, uint32_t)':
../Core/Src/main.cpp:145:42: warning: format '%X' expects argument of type 'unsigned int', but argument 2 has type 'uint32_t' {aka 'long unsigned int'} [-Wformat=]
  145 |         printf("Received message: ID: 0x%X, DLC: %d, Data: ",
      |                                         ~^
      |                                          |
      |                                          unsigned int
      |                                         %lX
  146 |                rxHeader.Identifier, rxHeader.DataLength >> 16);
      |                ~~~~~~~~~~~~~~~~~~~        
      |                         |
      |                         uint32_t {aka long unsigned int}
../Core/Src/main.cpp:145:51: warning: format '%d' expects argument of type 'int', but argument 3 has type 'uint32_t' {aka 'long unsigned int'} [-Wformat=]
  145 |         printf("Received message: ID: 0x%X, DLC: %d, Data: ",
      |                                                  ~^
      |                                                   |
      |                                                   int
      |                                                  %ld
  146 |                rxHeader.Identifier, rxHeader.DataLength >> 16);
      |                                     ~~~~~~~~~~~~~~~~~~~~~~~~~
      |                                                         |
      |                                                         uint32_t {aka long unsigned int}
../Core/Src/main.cpp:147:27: warning: comparison of integer expressions of different signedness: 'int' and 'uint32_t' {aka 'long unsigned int'} [-Wsign-compare]
  147 |         for (int i = 0; i < (rxHeader.DataLength >> 16); i++)
      |                         ~~^~~~~~~~~~~~~~~~~~~~~~~~~~~~~
arm-none-eabi-g++ -o "bldc_driver_controller_runj.elf" @"objects.list"   -mcpu=cortex-m4 -T"C:\Users\WINDOWS 11\Documents\Robotics-RunJ\bldc_driver\control\bldc_driver_controller_runj\STM32G491KEUX_FLASH.ld" --specs=nosys.specs -Wl,-Map="bldc_driver_controller_runj.map" -Wl,--gc-sections -static --specs=nano.specs -mfpu=fpv4-sp-d16 -mfloat-abi=hard -mthumb -Wl,--start-group -lc -lm -lstdc++ -lsupc++ -Wl,--end-group
Finished building target: bldc_driver_controller_runj.elf
 
arm-none-eabi-size  bldc_driver_controller_runj.elf 
   text	   data	    bss	    dec	    hex	filename
  56608	    308	   3656	  60572	   ec9c	bldc_driver_controller_runj.elf
Finished building: default.size.stdout
 
16:18:47 **** Incremental Build of configuration Debug for project bldc_driver_controller_runj ****
make -j16 all 
arm-none-eabi-g++ "../Core/Src/main.cpp" -mcpu=cortex-m4 -std=gnu++14 -g3 -DDEBUG -DUSE_HAL_DRIVER -DSTM32G491xx -c -I../Core/Inc -I../Drivers/STM32G4xx_HAL_Driver/Inc -I../Drivers/STM32G4xx_HAL_Driver/Inc/Legacy -I../Drivers/CMSIS/Device/ST/STM32G4xx/Include -I../Drivers/CMSIS/Include -I"C:/Users/WINDOWS 11/Documents/Robotics-RunJ/bldc_driver/control/bldc_driver_controller_runj/Core/Libs" -O0 -ffunction-sections -fdata-sections -fno-exceptions -fno-rtti -fno-use-cxa-atexit -Wall -fstack-usage -fcyclomatic-complexity -MMD -MP -MF"Core/Src/main.d" -MT"Core/Src/main.o" --specs=nano.specs -mfpu=fpv4-sp-d16 -mfloat-abi=hard -mthumb -o "Core/Src/main.o"
../Core/Src/main.cpp: In function 'void HAL_FDCAN_RxFifo0Callback(FDCAN_HandleTypeDef*, uint32_t)':
../Core/Src/main.cpp:145:42: warning: format '%X' expects argument of type 'unsigned int', but argument 2 has type 'uint32_t' {aka 'long unsigned int'} [-Wformat=]
  145 |         printf("Received message: ID: 0x%X, DLC: %d, Data: ",
      |                                         ~^
      |                                          |
      |                                          unsigned int
      |                                         %lX
  146 |                rxHeader.Identifier, rxHeader.DataLength >> 16);
      |                ~~~~~~~~~~~~~~~~~~~        
      |                         |
      |                         uint32_t {aka long unsigned int}
../Core/Src/main.cpp:145:51: warning: format '%d' expects argument of type 'int', but argument 3 has type 'uint32_t' {aka 'long unsigned int'} [-Wformat=]
  145 |         printf("Received message: ID: 0x%X, DLC: %d, Data: ",
      |                                                  ~^
      |                                                   |
      |                                                   int
      |                                                  %ld
  146 |                rxHeader.Identifier, rxHeader.DataLength >> 16);
      |                                     ~~~~~~~~~~~~~~~~~~~~~~~~~
      |                                                         |
      |                                                         uint32_t {aka long unsigned int}
../Core/Src/main.cpp:147:27: warning: comparison of integer expressions of different signedness: 'int' and 'uint32_t' {aka 'long unsigned int'} [-Wsign-compare]
  147 |         for (int i = 0; i < (rxHeader.DataLength >> 16); i++)
      |                         ~~^~~~~~~~~~~~~~~~~~~~~~~~~~~~~
arm-none-eabi-g++ -o "bldc_driver_controller_runj.elf" @"objects.list"   -mcpu=cortex-m4 -T"C:\Users\WINDOWS 11\Documents\Robotics-RunJ\bldc_driver\control\bldc_driver_controller_runj\STM32G491KEUX_FLASH.ld" --specs=nosys.specs -Wl,-Map="bldc_driver_controller_runj.map" -Wl,--gc-sections -static --specs=nano.specs -mfpu=fpv4-sp-d16 -mfloat-abi=hard -mthumb -Wl,--start-group -lc -lm -lstdc++ -lsupc++ -Wl,--end-group
Finished building target: bldc_driver_controller_runj.elf
 
arm-none-eabi-size  bldc_driver_controller_runj.elf 
   text	   data	    bss	    dec	    hex	filename
  56608	    308	   3656	  60572	   ec9c	bldc_driver_controller_runj.elf
Finished building: default.size.stdout
 
16:28:45 **** Incremental Build of configuration Debug for project bldc_driver_controller_runj ****
make -j16 all 
arm-none-eabi-g++ "../Core/Src/main.cpp" -mcpu=cortex-m4 -std=gnu++14 -g3 -DDEBUG -DUSE_HAL_DRIVER -DSTM32G491xx -c -I../Core/Inc -I../Drivers/STM32G4xx_HAL_Driver/Inc -I../Drivers/STM32G4xx_HAL_Driver/Inc/Legacy -I../Drivers/CMSIS/Device/ST/STM32G4xx/Include -I../Drivers/CMSIS/Include -I"C:/Users/WINDOWS 11/Documents/Robotics-RunJ/bldc_driver/control/bldc_driver_controller_runj/Core/Libs" -O0 -ffunction-sections -fdata-sections -fno-exceptions -fno-rtti -fno-use-cxa-atexit -Wall -fstack-usage -fcyclomatic-complexity -MMD -MP -MF"Core/Src/main.d" -MT"Core/Src/main.o" --specs=nano.specs -mfpu=fpv4-sp-d16 -mfloat-abi=hard -mthumb -o "Core/Src/main.o"
../Core/Src/main.cpp: In function 'void HAL_FDCAN_RxFifo0Callback(FDCAN_HandleTypeDef*, uint32_t)':
../Core/Src/main.cpp:145:42: warning: format '%X' expects argument of type 'unsigned int', but argument 2 has type 'uint32_t' {aka 'long unsigned int'} [-Wformat=]
  145 |         printf("Received message: ID: 0x%X, DLC: %d, Data: ",
      |                                         ~^
      |                                          |
      |                                          unsigned int
      |                                         %lX
  146 |                rxHeader.Identifier, rxHeader.DataLength >> 16);
      |                ~~~~~~~~~~~~~~~~~~~        
      |                         |
      |                         uint32_t {aka long unsigned int}
../Core/Src/main.cpp:145:51: warning: format '%d' expects argument of type 'int', but argument 3 has type 'uint32_t' {aka 'long unsigned int'} [-Wformat=]
  145 |         printf("Received message: ID: 0x%X, DLC: %d, Data: ",
      |                                                  ~^
      |                                                   |
      |                                                   int
      |                                                  %ld
  146 |                rxHeader.Identifier, rxHeader.DataLength >> 16);
      |                                     ~~~~~~~~~~~~~~~~~~~~~~~~~
      |                                                         |
      |                                                         uint32_t {aka long unsigned int}
../Core/Src/main.cpp:147:27: warning: comparison of integer expressions of different signedness: 'int' and 'uint32_t' {aka 'long unsigned int'} [-Wsign-compare]
  147 |         for (int i = 0; i < (rxHeader.DataLength >> 16); i++)
      |                         ~~^~~~~~~~~~~~~~~~~~~~~~~~~~~~~
arm-none-eabi-g++ -o "bldc_driver_controller_runj.elf" @"objects.list"   -mcpu=cortex-m4 -T"C:\Users\WINDOWS 11\Documents\Robotics-RunJ\bldc_driver\control\bldc_driver_controller_runj\STM32G491KEUX_FLASH.ld" --specs=nosys.specs -Wl,-Map="bldc_driver_controller_runj.map" -Wl,--gc-sections -static --specs=nano.specs -mfpu=fpv4-sp-d16 -mfloat-abi=hard -mthumb -Wl,--start-group -lc -lm -lstdc++ -lsupc++ -Wl,--end-group
Finished building target: bldc_driver_controller_runj.elf
 
arm-none-eabi-size  bldc_driver_controller_runj.elf 
   text	   data	    bss	    dec	    hex	filename
  56608	    308	   3656	  60572	   ec9c	bldc_driver_controller_runj.elf
Finished building: default.size.stdout
 
16:32:30 **** Incremental Build of configuration Debug for project bldc_driver_controller_runj ****
make -j16 all 
arm-none-eabi-g++ "../Core/Src/main.cpp" -mcpu=cortex-m4 -std=gnu++14 -g3 -DDEBUG -DUSE_HAL_DRIVER -DSTM32G491xx -c -I../Core/Inc -I../Drivers/STM32G4xx_HAL_Driver/Inc -I../Drivers/STM32G4xx_HAL_Driver/Inc/Legacy -I../Drivers/CMSIS/Device/ST/STM32G4xx/Include -I../Drivers/CMSIS/Include -I"C:/Users/WINDOWS 11/Documents/Robotics-RunJ/bldc_driver/control/bldc_driver_controller_runj/Core/Libs" -O0 -ffunction-sections -fdata-sections -fno-exceptions -fno-rtti -fno-use-cxa-atexit -Wall -fstack-usage -fcyclomatic-complexity -MMD -MP -MF"Core/Src/main.d" -MT"Core/Src/main.o" --specs=nano.specs -mfpu=fpv4-sp-d16 -mfloat-abi=hard -mthumb -o "Core/Src/main.o"
../Core/Src/main.cpp: In function 'void HAL_FDCAN_RxFifo0Callback(FDCAN_HandleTypeDef*, uint32_t)':
../Core/Src/main.cpp:145:42: warning: format '%X' expects argument of type 'unsigned int', but argument 2 has type 'uint32_t' {aka 'long unsigned int'} [-Wformat=]
  145 |         printf("Received message: ID: 0x%X, DLC: %d, Data: ",
      |                                         ~^
      |                                          |
      |                                          unsigned int
      |                                         %lX
  146 |                rxHeader.Identifier, rxHeader.DataLength >> 16);
      |                ~~~~~~~~~~~~~~~~~~~        
      |                         |
      |                         uint32_t {aka long unsigned int}
../Core/Src/main.cpp:145:51: warning: format '%d' expects argument of type 'int', but argument 3 has type 'uint32_t' {aka 'long unsigned int'} [-Wformat=]
  145 |         printf("Received message: ID: 0x%X, DLC: %d, Data: ",
      |                                                  ~^
      |                                                   |
      |                                                   int
      |                                                  %ld
  146 |                rxHeader.Identifier, rxHeader.DataLength >> 16);
      |                                     ~~~~~~~~~~~~~~~~~~~~~~~~~
      |                                                         |
      |                                                         uint32_t {aka long unsigned int}
../Core/Src/main.cpp:147:27: warning: comparison of integer expressions of different signedness: 'int' and 'uint32_t' {aka 'long unsigned int'} [-Wsign-compare]
  147 |         for (int i = 0; i < (rxHeader.DataLength >> 16); i++)
      |                         ~~^~~~~~~~~~~~~~~~~~~~~~~~~~~~~
arm-none-eabi-g++ -o "bldc_driver_controller_runj.elf" @"objects.list"   -mcpu=cortex-m4 -T"C:\Users\WINDOWS 11\Documents\Robotics-RunJ\bldc_driver\control\bldc_driver_controller_runj\STM32G491KEUX_FLASH.ld" --specs=nosys.specs -Wl,-Map="bldc_driver_controller_runj.map" -Wl,--gc-sections -static --specs=nano.specs -mfpu=fpv4-sp-d16 -mfloat-abi=hard -mthumb -Wl,--start-group -lc -lm -lstdc++ -lsupc++ -Wl,--end-group
Finished building target: bldc_driver_controller_runj.elf
 
arm-none-eabi-size  bldc_driver_controller_runj.elf 
   text	   data	    bss	    dec	    hex	filename
  56608	    308	   3656	  60572	   ec9c	bldc_driver_controller_runj.elf
Finished building: default.size.stdout
 
16:33:45 **** Incremental Build of configuration Debug for project bldc_driver_controller_runj ****
make -j16 all 
arm-none-eabi-g++ "../Core/Src/main.cpp" -mcpu=cortex-m4 -std=gnu++14 -g3 -DDEBUG -DUSE_HAL_DRIVER -DSTM32G491xx -c -I../Core/Inc -I../Drivers/STM32G4xx_HAL_Driver/Inc -I../Drivers/STM32G4xx_HAL_Driver/Inc/Legacy -I../Drivers/CMSIS/Device/ST/STM32G4xx/Include -I../Drivers/CMSIS/Include -I"C:/Users/WINDOWS 11/Documents/Robotics-RunJ/bldc_driver/control/bldc_driver_controller_runj/Core/Libs" -O0 -ffunction-sections -fdata-sections -fno-exceptions -fno-rtti -fno-use-cxa-atexit -Wall -fstack-usage -fcyclomatic-complexity -MMD -MP -MF"Core/Src/main.d" -MT"Core/Src/main.o" --specs=nano.specs -mfpu=fpv4-sp-d16 -mfloat-abi=hard -mthumb -o "Core/Src/main.o"
../Core/Src/main.cpp: In function 'void HAL_FDCAN_RxFifo0Callback(FDCAN_HandleTypeDef*, uint32_t)':
../Core/Src/main.cpp:145:42: warning: format '%X' expects argument of type 'unsigned int', but argument 2 has type 'uint32_t' {aka 'long unsigned int'} [-Wformat=]
  145 |         printf("Received message: ID: 0x%X, DLC: %d, Data: ",
      |                                         ~^
      |                                          |
      |                                          unsigned int
      |                                         %lX
  146 |                rxHeader.Identifier, rxHeader.DataLength >> 16);
      |                ~~~~~~~~~~~~~~~~~~~        
      |                         |
      |                         uint32_t {aka long unsigned int}
../Core/Src/main.cpp:145:51: warning: format '%d' expects argument of type 'int', but argument 3 has type 'uint32_t' {aka 'long unsigned int'} [-Wformat=]
  145 |         printf("Received message: ID: 0x%X, DLC: %d, Data: ",
      |                                                  ~^
      |                                                   |
      |                                                   int
      |                                                  %ld
  146 |                rxHeader.Identifier, rxHeader.DataLength >> 16);
      |                                     ~~~~~~~~~~~~~~~~~~~~~~~~~
      |                                                         |
      |                                                         uint32_t {aka long unsigned int}
../Core/Src/main.cpp:147:27: warning: comparison of integer expressions of different signedness: 'int' and 'uint32_t' {aka 'long unsigned int'} [-Wsign-compare]
  147 |         for (int i = 0; i < (rxHeader.DataLength >> 16); i++)
      |                         ~~^~~~~~~~~~~~~~~~~~~~~~~~~~~~~
arm-none-eabi-g++ -o "bldc_driver_controller_runj.elf" @"objects.list"   -mcpu=cortex-m4 -T"C:\Users\WINDOWS 11\Documents\Robotics-RunJ\bldc_driver\control\bldc_driver_controller_runj\STM32G491KEUX_FLASH.ld" --specs=nosys.specs -Wl,-Map="bldc_driver_controller_runj.map" -Wl,--gc-sections -static --specs=nano.specs -mfpu=fpv4-sp-d16 -mfloat-abi=hard -mthumb -Wl,--start-group -lc -lm -lstdc++ -lsupc++ -Wl,--end-group
Finished building target: bldc_driver_controller_runj.elf
 
arm-none-eabi-size  bldc_driver_controller_runj.elf 
   text	   data	    bss	    dec	    hex	filename
  56608	    308	   3656	  60572	   ec9c	bldc_driver_controller_runj.elf
Finished building: default.size.stdout
 
16:36:08 **** Incremental Build of configuration Debug for project bldc_driver_controller_runj ****
make -j16 all 
arm-none-eabi-g++ "../Core/Src/main.cpp" -mcpu=cortex-m4 -std=gnu++14 -g3 -DDEBUG -DUSE_HAL_DRIVER -DSTM32G491xx -c -I../Core/Inc -I../Drivers/STM32G4xx_HAL_Driver/Inc -I../Drivers/STM32G4xx_HAL_Driver/Inc/Legacy -I../Drivers/CMSIS/Device/ST/STM32G4xx/Include -I../Drivers/CMSIS/Include -I"C:/Users/WINDOWS 11/Documents/Robotics-RunJ/bldc_driver/control/bldc_driver_controller_runj/Core/Libs" -O0 -ffunction-sections -fdata-sections -fno-exceptions -fno-rtti -fno-use-cxa-atexit -Wall -fstack-usage -fcyclomatic-complexity -MMD -MP -MF"Core/Src/main.d" -MT"Core/Src/main.o" --specs=nano.specs -mfpu=fpv4-sp-d16 -mfloat-abi=hard -mthumb -o "Core/Src/main.o"
../Core/Src/main.cpp: In function 'void FDCAN1_Config()':
../Core/Src/main.cpp:109:5: error: expected ';' before 'filterConfig'
  109 |     filterConfig.FilterConfig = FDCAN_FILTER_TO_RXFIFO0;
      |     ^~~~~~~~~~~~
In file included from ../Core/Inc/stm32g4xx_hal_conf.h:256,
                 from ../Drivers/STM32G4xx_HAL_Driver/Inc/stm32g4xx_hal.h:29,
                 from ../Core/Inc/main.h:30,
                 from ../Core/Src/main.cpp:20:
../Drivers/STM32G4xx_HAL_Driver/Inc/stm32g4xx_hal_fdcan.h:672:37: warning: statement has no effect [-Wunused-value]
  672 | #define FDCAN_FILTER_RANGE_NO_EIDM ((uint32_t)0x00000003U) /*!< Range filter from FilterID1 to FilterID2, EIDM mask not applied */
      |                                    ~^~~~~~~~~~~~~~~~~~~~~~
../Core/Src/main.cpp:108:50: note: in expansion of macro 'FDCAN_FILTER_RANGE_NO_EIDM'
  108 |     filterConfig.FilterType = FDCAN_FILTER_MASK; FDCAN_FILTER_RANGE_NO_EIDM
      |                                                  ^~~~~~~~~~~~~~~~~~~~~~~~~~
../Core/Src/main.cpp: In function 'void HAL_FDCAN_RxFifo0Callback(FDCAN_HandleTypeDef*, uint32_t)':
../Core/Src/main.cpp:143:42: warning: format '%X' expects argument of type 'unsigned int', but argument 2 has type 'uint32_t' {aka 'long unsigned int'} [-Wformat=]
  143 |         printf("Received message: ID: 0x%X, DLC: %d, Data: ",
      |                                         ~^
      |                                          |
      |                                          unsigned int
      |                                         %lX
  144 |                rxHeader.Identifier, rxHeader.DataLength >> 16);
      |                ~~~~~~~~~~~~~~~~~~~        
      |                         |
      |                         uint32_t {aka long unsigned int}
../Core/Src/main.cpp:143:51: warning: format '%d' expects argument of type 'int', but argument 3 has type 'uint32_t' {aka 'long unsigned int'} [-Wformat=]
  143 |         printf("Received message: ID: 0x%X, DLC: %d, Data: ",
      |                                                  ~^
      |                                                   |
      |                                                   int
      |                                                  %ld
  144 |                rxHeader.Identifier, rxHeader.DataLength >> 16);
      |                                     ~~~~~~~~~~~~~~~~~~~~~~~~~
      |                                                         |
      |                                                         uint32_t {aka long unsigned int}
../Core/Src/main.cpp:145:27: warning: comparison of integer expressions of different signedness: 'int' and 'uint32_t' {aka 'long unsigned int'} [-Wsign-compare]
  145 |         for (int i = 0; i < (rxHeader.DataLength >> 16); i++)
      |                         ~~^~~~~~~~~~~~~~~~~~~~~~~~~~~~~
make: *** [Core/Src/subdir.mk:43: Core/Src/main.o] Error 1
"make -j16 all" terminated with exit code 2. Build might be incomplete.
16:36:38 **** Incremental Build of configuration Debug for project bldc_driver_controller_runj ****
make -j16 all 
arm-none-eabi-g++ "../Core/Src/main.cpp" -mcpu=cortex-m4 -std=gnu++14 -g3 -DDEBUG -DUSE_HAL_DRIVER -DSTM32G491xx -c -I../Core/Inc -I../Drivers/STM32G4xx_HAL_Driver/Inc -I../Drivers/STM32G4xx_HAL_Driver/Inc/Legacy -I../Drivers/CMSIS/Device/ST/STM32G4xx/Include -I../Drivers/CMSIS/Include -I"C:/Users/WINDOWS 11/Documents/Robotics-RunJ/bldc_driver/control/bldc_driver_controller_runj/Core/Libs" -O0 -ffunction-sections -fdata-sections -fno-exceptions -fno-rtti -fno-use-cxa-atexit -Wall -fstack-usage -fcyclomatic-complexity -MMD -MP -MF"Core/Src/main.d" -MT"Core/Src/main.o" --specs=nano.specs -mfpu=fpv4-sp-d16 -mfloat-abi=hard -mthumb -o "Core/Src/main.o"
../Core/Src/main.cpp: In function 'void HAL_FDCAN_RxFifo0Callback(FDCAN_HandleTypeDef*, uint32_t)':
../Core/Src/main.cpp:143:42: warning: format '%X' expects argument of type 'unsigned int', but argument 2 has type 'uint32_t' {aka 'long unsigned int'} [-Wformat=]
  143 |         printf("Received message: ID: 0x%X, DLC: %d, Data: ",
      |                                         ~^
      |                                          |
      |                                          unsigned int
      |                                         %lX
  144 |                rxHeader.Identifier, rxHeader.DataLength >> 16);
      |                ~~~~~~~~~~~~~~~~~~~        
      |                         |
      |                         uint32_t {aka long unsigned int}
../Core/Src/main.cpp:143:51: warning: format '%d' expects argument of type 'int', but argument 3 has type 'uint32_t' {aka 'long unsigned int'} [-Wformat=]
  143 |         printf("Received message: ID: 0x%X, DLC: %d, Data: ",
      |                                                  ~^
      |                                                   |
      |                                                   int
      |                                                  %ld
  144 |                rxHeader.Identifier, rxHeader.DataLength >> 16);
      |                                     ~~~~~~~~~~~~~~~~~~~~~~~~~
      |                                                         |
      |                                                         uint32_t {aka long unsigned int}
../Core/Src/main.cpp:145:27: warning: comparison of integer expressions of different signedness: 'int' and 'uint32_t' {aka 'long unsigned int'} [-Wsign-compare]
  145 |         for (int i = 0; i < (rxHeader.DataLength >> 16); i++)
      |                         ~~^~~~~~~~~~~~~~~~~~~~~~~~~~~~~
arm-none-eabi-g++ -o "bldc_driver_controller_runj.elf" @"objects.list"   -mcpu=cortex-m4 -T"C:\Users\WINDOWS 11\Documents\Robotics-RunJ\bldc_driver\control\bldc_driver_controller_runj\STM32G491KEUX_FLASH.ld" --specs=nosys.specs -Wl,-Map="bldc_driver_controller_runj.map" -Wl,--gc-sections -static --specs=nano.specs -mfpu=fpv4-sp-d16 -mfloat-abi=hard -mthumb -Wl,--start-group -lc -lm -lstdc++ -lsupc++ -Wl,--end-group
Finished building target: bldc_driver_controller_runj.elf
 
arm-none-eabi-size  bldc_driver_controller_runj.elf 
   text	   data	    bss	    dec	    hex	filename
  56608	    308	   3656	  60572	   ec9c	bldc_driver_controller_runj.elf
Finished building: default.size.stdout
 
16:40:07 **** Incremental Build of configuration Debug for project bldc_driver_controller_runj ****
make -j16 all 
arm-none-eabi-g++ "../Core/Src/main.cpp" -mcpu=cortex-m4 -std=gnu++14 -g3 -DDEBUG -DUSE_HAL_DRIVER -DSTM32G491xx -c -I../Core/Inc -I../Drivers/STM32G4xx_HAL_Driver/Inc -I../Drivers/STM32G4xx_HAL_Driver/Inc/Legacy -I../Drivers/CMSIS/Device/ST/STM32G4xx/Include -I../Drivers/CMSIS/Include -I"C:/Users/WINDOWS 11/Documents/Robotics-RunJ/bldc_driver/control/bldc_driver_controller_runj/Core/Libs" -O0 -ffunction-sections -fdata-sections -fno-exceptions -fno-rtti -fno-use-cxa-atexit -Wall -fstack-usage -fcyclomatic-complexity -MMD -MP -MF"Core/Src/main.d" -MT"Core/Src/main.o" --specs=nano.specs -mfpu=fpv4-sp-d16 -mfloat-abi=hard -mthumb -o "Core/Src/main.o"
../Core/Src/main.cpp: In function 'void HAL_FDCAN_RxFifo0Callback(FDCAN_HandleTypeDef*, uint32_t)':
../Core/Src/main.cpp:149:42: warning: format '%X' expects argument of type 'unsigned int', but argument 2 has type 'uint32_t' {aka 'long unsigned int'} [-Wformat=]
  149 |         printf("Received message: ID: 0x%X, DLC: %d, Data: ",
      |                                         ~^
      |                                          |
      |                                          unsigned int
      |                                         %lX
  150 |                rxHeader.Identifier, rxHeader.DataLength >> 16);
      |                ~~~~~~~~~~~~~~~~~~~        
      |                         |
      |                         uint32_t {aka long unsigned int}
../Core/Src/main.cpp:149:51: warning: format '%d' expects argument of type 'int', but argument 3 has type 'uint32_t' {aka 'long unsigned int'} [-Wformat=]
  149 |         printf("Received message: ID: 0x%X, DLC: %d, Data: ",
      |                                                  ~^
      |                                                   |
      |                                                   int
      |                                                  %ld
  150 |                rxHeader.Identifier, rxHeader.DataLength >> 16);
      |                                     ~~~~~~~~~~~~~~~~~~~~~~~~~
      |                                                         |
      |                                                         uint32_t {aka long unsigned int}
../Core/Src/main.cpp:151:27: warning: comparison of integer expressions of different signedness: 'int' and 'uint32_t' {aka 'long unsigned int'} [-Wsign-compare]
  151 |         for (int i = 0; i < (rxHeader.DataLength >> 16); i++)
      |                         ~~^~~~~~~~~~~~~~~~~~~~~~~~~~~~~
arm-none-eabi-g++ -o "bldc_driver_controller_runj.elf" @"objects.list"   -mcpu=cortex-m4 -T"C:\Users\WINDOWS 11\Documents\Robotics-RunJ\bldc_driver\control\bldc_driver_controller_runj\STM32G491KEUX_FLASH.ld" --specs=nosys.specs -Wl,-Map="bldc_driver_controller_runj.map" -Wl,--gc-sections -static --specs=nano.specs -mfpu=fpv4-sp-d16 -mfloat-abi=hard -mthumb -Wl,--start-group -lc -lm -lstdc++ -lsupc++ -Wl,--end-group
Finished building target: bldc_driver_controller_runj.elf
 
arm-none-eabi-size  bldc_driver_controller_runj.elf 
   text	   data	    bss	    dec	    hex	filename
  56632	    308	   3656	  60596	   ecb4	bldc_driver_controller_runj.elf
Finished building: default.size.stdout
 
16:41:50 **** Incremental Build of configuration Debug for project bldc_driver_controller_runj ****
make -j16 all 
arm-none-eabi-g++ "../Core/Src/main.cpp" -mcpu=cortex-m4 -std=gnu++14 -g3 -DDEBUG -DUSE_HAL_DRIVER -DSTM32G491xx -c -I../Core/Inc -I../Drivers/STM32G4xx_HAL_Driver/Inc -I../Drivers/STM32G4xx_HAL_Driver/Inc/Legacy -I../Drivers/CMSIS/Device/ST/STM32G4xx/Include -I../Drivers/CMSIS/Include -I"C:/Users/WINDOWS 11/Documents/Robotics-RunJ/bldc_driver/control/bldc_driver_controller_runj/Core/Libs" -O0 -ffunction-sections -fdata-sections -fno-exceptions -fno-rtti -fno-use-cxa-atexit -Wall -fstack-usage -fcyclomatic-complexity -MMD -MP -MF"Core/Src/main.d" -MT"Core/Src/main.o" --specs=nano.specs -mfpu=fpv4-sp-d16 -mfloat-abi=hard -mthumb -o "Core/Src/main.o"
../Core/Src/main.cpp: In function 'void HAL_FDCAN_RxFifo0Callback(FDCAN_HandleTypeDef*, uint32_t)':
../Core/Src/main.cpp:149:42: warning: format '%X' expects argument of type 'unsigned int', but argument 2 has type 'uint32_t' {aka 'long unsigned int'} [-Wformat=]
  149 |         printf("Received message: ID: 0x%X, DLC: %d, Data: ",
      |                                         ~^
      |                                          |
      |                                          unsigned int
      |                                         %lX
  150 |                rxHeader.Identifier, rxHeader.DataLength >> 16);
      |                ~~~~~~~~~~~~~~~~~~~        
      |                         |
      |                         uint32_t {aka long unsigned int}
../Core/Src/main.cpp:149:51: warning: format '%d' expects argument of type 'int', but argument 3 has type 'uint32_t' {aka 'long unsigned int'} [-Wformat=]
  149 |         printf("Received message: ID: 0x%X, DLC: %d, Data: ",
      |                                                  ~^
      |                                                   |
      |                                                   int
      |                                                  %ld
  150 |                rxHeader.Identifier, rxHeader.DataLength >> 16);
      |                                     ~~~~~~~~~~~~~~~~~~~~~~~~~
      |                                                         |
      |                                                         uint32_t {aka long unsigned int}
../Core/Src/main.cpp:151:27: warning: comparison of integer expressions of different signedness: 'int' and 'uint32_t' {aka 'long unsigned int'} [-Wsign-compare]
  151 |         for (int i = 0; i < (rxHeader.DataLength >> 16); i++)
      |                         ~~^~~~~~~~~~~~~~~~~~~~~~~~~~~~~
arm-none-eabi-g++ -o "bldc_driver_controller_runj.elf" @"objects.list"   -mcpu=cortex-m4 -T"C:\Users\WINDOWS 11\Documents\Robotics-RunJ\bldc_driver\control\bldc_driver_controller_runj\STM32G491KEUX_FLASH.ld" --specs=nosys.specs -Wl,-Map="bldc_driver_controller_runj.map" -Wl,--gc-sections -static --specs=nano.specs -mfpu=fpv4-sp-d16 -mfloat-abi=hard -mthumb -Wl,--start-group -lc -lm -lstdc++ -lsupc++ -Wl,--end-group
Finished building target: bldc_driver_controller_runj.elf
 
arm-none-eabi-size  bldc_driver_controller_runj.elf 
   text	   data	    bss	    dec	    hex	filename
  56608	    308	   3656	  60572	   ec9c	bldc_driver_controller_runj.elf
Finished building: default.size.stdout
 
16:46:31 **** Incremental Build of configuration Debug for project bldc_driver_controller_runj ****
make -j16 all 
arm-none-eabi-g++ "../Core/Src/main.cpp" -mcpu=cortex-m4 -std=gnu++14 -g3 -DDEBUG -DUSE_HAL_DRIVER -DSTM32G491xx -c -I../Core/Inc -I../Drivers/STM32G4xx_HAL_Driver/Inc -I../Drivers/STM32G4xx_HAL_Driver/Inc/Legacy -I../Drivers/CMSIS/Device/ST/STM32G4xx/Include -I../Drivers/CMSIS/Include -I"C:/Users/WINDOWS 11/Documents/Robotics-RunJ/bldc_driver/control/bldc_driver_controller_runj/Core/Libs" -O0 -ffunction-sections -fdata-sections -fno-exceptions -fno-rtti -fno-use-cxa-atexit -Wall -fstack-usage -fcyclomatic-complexity -MMD -MP -MF"Core/Src/main.d" -MT"Core/Src/main.o" --specs=nano.specs -mfpu=fpv4-sp-d16 -mfloat-abi=hard -mthumb -o "Core/Src/main.o"
../Core/Src/main.cpp: In function 'void HAL_FDCAN_RxFifo0Callback(FDCAN_HandleTypeDef*, uint32_t)':
../Core/Src/main.cpp:149:42: warning: format '%X' expects argument of type 'unsigned int', but argument 2 has type 'uint32_t' {aka 'long unsigned int'} [-Wformat=]
  149 |         printf("Received message: ID: 0x%X, DLC: %d, Data: ",
      |                                         ~^
      |                                          |
      |                                          unsigned int
      |                                         %lX
  150 |                rxHeader.Identifier, rxHeader.DataLength >> 16);
      |                ~~~~~~~~~~~~~~~~~~~        
      |                         |
      |                         uint32_t {aka long unsigned int}
../Core/Src/main.cpp:149:51: warning: format '%d' expects argument of type 'int', but argument 3 has type 'uint32_t' {aka 'long unsigned int'} [-Wformat=]
  149 |         printf("Received message: ID: 0x%X, DLC: %d, Data: ",
      |                                                  ~^
      |                                                   |
      |                                                   int
      |                                                  %ld
  150 |                rxHeader.Identifier, rxHeader.DataLength >> 16);
      |                                     ~~~~~~~~~~~~~~~~~~~~~~~~~
      |                                                         |
      |                                                         uint32_t {aka long unsigned int}
../Core/Src/main.cpp:151:27: warning: comparison of integer expressions of different signedness: 'int' and 'uint32_t' {aka 'long unsigned int'} [-Wsign-compare]
  151 |         for (int i = 0; i < (rxHeader.DataLength >> 16); i++)
      |                         ~~^~~~~~~~~~~~~~~~~~~~~~~~~~~~~
arm-none-eabi-g++ -o "bldc_driver_controller_runj.elf" @"objects.list"   -mcpu=cortex-m4 -T"C:\Users\WINDOWS 11\Documents\Robotics-RunJ\bldc_driver\control\bldc_driver_controller_runj\STM32G491KEUX_FLASH.ld" --specs=nosys.specs -Wl,-Map="bldc_driver_controller_runj.map" -Wl,--gc-sections -static --specs=nano.specs -mfpu=fpv4-sp-d16 -mfloat-abi=hard -mthumb -Wl,--start-group -lc -lm -lstdc++ -lsupc++ -Wl,--end-group
Finished building target: bldc_driver_controller_runj.elf
 
arm-none-eabi-size  bldc_driver_controller_runj.elf 
   text	   data	    bss	    dec	    hex	filename
  56608	    308	   3656	  60572	   ec9c	bldc_driver_controller_runj.elf
Finished building: default.size.stdout
 
17:07:59 **** Clean-only build of configuration Debug for project bldc_driver_controller_runj ****
make -j16 clean 
rm -rf ./Drivers/STM32G4xx_HAL_Driver/Src/stm32g4xx_hal.cyclo ./Drivers/STM32G4xx_HAL_Driver/Src/stm32g4xx_hal.d ./Drivers/STM32G4xx_HAL_Driver/Src/stm32g4xx_hal.o ./Drivers/STM32G4xx_HAL_Driver/Src/stm32g4xx_hal.su ./Drivers/STM32G4xx_HAL_Driver/Src/stm32g4xx_hal_adc.cyclo ./Drivers/STM32G4xx_HAL_Driver/Src/stm32g4xx_hal_adc.d ./Drivers/STM32G4xx_HAL_Driver/Src/stm32g4xx_hal_adc.o ./Drivers/STM32G4xx_HAL_Driver/Src/stm32g4xx_hal_adc.su ./Drivers/STM32G4xx_HAL_Driver/Src/stm32g4xx_hal_adc_ex.cyclo ./Drivers/STM32G4xx_HAL_Driver/Src/stm32g4xx_hal_adc_ex.d ./Drivers/STM32G4xx_HAL_Driver/Src/stm32g4xx_hal_adc_ex.o ./Drivers/STM32G4xx_HAL_Driver/Src/stm32g4xx_hal_adc_ex.su ./Drivers/STM32G4xx_HAL_Driver/Src/stm32g4xx_hal_cordic.cyclo ./Drivers/STM32G4xx_HAL_Driver/Src/stm32g4xx_hal_cordic.d ./Drivers/STM32G4xx_HAL_Driver/Src/stm32g4xx_hal_cordic.o ./Drivers/STM32G4xx_HAL_Driver/Src/stm32g4xx_hal_cordic.su ./Drivers/STM32G4xx_HAL_Driver/Src/stm32g4xx_hal_cortex.cyclo ./Drivers/STM32G4xx_HAL_Driver/Src/stm32g4xx_hal_cortex.d ./Drivers/STM32G4xx_HAL_Driver/Src/stm32g4xx_hal_cortex.o ./Drivers/STM32G4xx_HAL_Driver/Src/stm32g4xx_hal_cortex.su ./Drivers/STM32G4xx_HAL_Driver/Src/stm32g4xx_hal_crc.cyclo ./Drivers/STM32G4xx_HAL_Driver/Src/stm32g4xx_hal_crc.d ./Drivers/STM32G4xx_HAL_Driver/Src/stm32g4xx_hal_crc.o ./Drivers/STM32G4xx_HAL_Driver/Src/stm32g4xx_hal_crc.su ./Drivers/STM32G4xx_HAL_Driver/Src/stm32g4xx_hal_crc_ex.cyclo ./Drivers/STM32G4xx_HAL_Driver/Src/stm32g4xx_hal_crc_ex.d ./Drivers/STM32G4xx_HAL_Driver/Src/stm32g4xx_hal_crc_ex.o ./Drivers/STM32G4xx_HAL_Driver/Src/stm32g4xx_hal_crc_ex.su ./Drivers/STM32G4xx_HAL_Driver/Src/stm32g4xx_hal_dma.cyclo ./Drivers/STM32G4xx_HAL_Driver/Src/stm32g4xx_hal_dma.d ./Drivers/STM32G4xx_HAL_Driver/Src/stm32g4xx_hal_dma.o ./Drivers/STM32G4xx_HAL_Driver/Src/stm32g4xx_hal_dma.su ./Drivers/STM32G4xx_HAL_Driver/Src/stm32g4xx_hal_dma_ex.cyclo ./Drivers/STM32G4xx_HAL_Driver/Src/stm32g4xx_hal_dma_ex.d ./Drivers/STM32G4xx_HAL_Driver/Src/stm32g4xx_hal_dma_ex.o ./Drivers/STM32G4xx_HAL_Driver/Src/stm32g4xx_hal_dma_ex.su ./Drivers/STM32G4xx_HAL_Driver/Src/stm32g4xx_hal_exti.cyclo ./Drivers/STM32G4xx_HAL_Driver/Src/stm32g4xx_hal_exti.d ./Drivers/STM32G4xx_HAL_Driver/Src/stm32g4xx_hal_exti.o ./Drivers/STM32G4xx_HAL_Driver/Src/stm32g4xx_hal_exti.su ./Drivers/STM32G4xx_HAL_Driver/Src/stm32g4xx_hal_fdcan.cyclo ./Drivers/STM32G4xx_HAL_Driver/Src/stm32g4xx_hal_fdcan.d ./Drivers/STM32G4xx_HAL_Driver/Src/stm32g4xx_hal_fdcan.o ./Drivers/STM32G4xx_HAL_Driver/Src/stm32g4xx_hal_fdcan.su ./Drivers/STM32G4xx_HAL_Driver/Src/stm32g4xx_hal_flash.cyclo ./Drivers/STM32G4xx_HAL_Driver/Src/stm32g4xx_hal_flash.d ./Drivers/STM32G4xx_HAL_Driver/Src/stm32g4xx_hal_flash.o ./Drivers/STM32G4xx_HAL_Driver/Src/stm32g4xx_hal_flash.su ./Drivers/STM32G4xx_HAL_Driver/Src/stm32g4xx_hal_flash_ex.cyclo ./Drivers/STM32G4xx_HAL_Driver/Src/stm32g4xx_hal_flash_ex.d ./Drivers/STM32G4xx_HAL_Driver/Src/stm32g4xx_hal_flash_ex.o ./Drivers/STM32G4xx_HAL_Driver/Src/stm32g4xx_hal_flash_ex.su ./Drivers/STM32G4xx_HAL_Driver/Src/stm32g4xx_hal_flash_ramfunc.cyclo ./Drivers/STM32G4xx_HAL_Driver/Src/stm32g4xx_hal_flash_ramfunc.d ./Drivers/STM32G4xx_HAL_Driver/Src/stm32g4xx_hal_flash_ramfunc.o ./Drivers/STM32G4xx_HAL_Driver/Src/stm32g4xx_hal_flash_ramfunc.su ./Drivers/STM32G4xx_HAL_Driver/Src/stm32g4xx_hal_fmac.cyclo ./Drivers/STM32G4xx_HAL_Driver/Src/stm32g4xx_hal_fmac.d ./Drivers/STM32G4xx_HAL_Driver/Src/stm32g4xx_hal_fmac.o ./Drivers/STM32G4xx_HAL_Driver/Src/stm32g4xx_hal_fmac.su ./Drivers/STM32G4xx_HAL_Driver/Src/stm32g4xx_hal_gpio.cyclo ./Drivers/STM32G4xx_HAL_Driver/Src/stm32g4xx_hal_gpio.d ./Drivers/STM32G4xx_HAL_Driver/Src/stm32g4xx_hal_gpio.o ./Drivers/STM32G4xx_HAL_Driver/Src/stm32g4xx_hal_gpio.su ./Drivers/STM32G4xx_HAL_Driver/Src/stm32g4xx_hal_pwr.cyclo ./Drivers/STM32G4xx_HAL_Driver/Src/stm32g4xx_hal_pwr.d ./Drivers/STM32G4xx_HAL_Driver/Src/stm32g4xx_hal_pwr.o ./Drivers/STM32G4xx_HAL_Driver/Src/stm32g4xx_hal_pwr.su ./Drivers/STM32G4xx_HAL_Driver/Src/stm32g4xx_hal_pwr_ex.cyclo ./Drivers/STM32G4xx_HAL_Driver/Src/stm32g4xx_hal_pwr_ex.d ./Drivers/STM32G4xx_HAL_Driver/Src/stm32g4xx_hal_pwr_ex.o ./Drivers/STM32G4xx_HAL_Driver/Src/stm32g4xx_hal_pwr_ex.su ./Drivers/STM32G4xx_HAL_Driver/Src/stm32g4xx_hal_rcc.cyclo ./Drivers/STM32G4xx_HAL_Driver/Src/stm32g4xx_hal_rcc.d ./Drivers/STM32G4xx_HAL_Driver/Src/stm32g4xx_hal_rcc.o ./Drivers/STM32G4xx_HAL_Driver/Src/stm32g4xx_hal_rcc.su ./Drivers/STM32G4xx_HAL_Driver/Src/stm32g4xx_hal_rcc_ex.cyclo ./Drivers/STM32G4xx_HAL_Driver/Src/stm32g4xx_hal_rcc_ex.d ./Drivers/STM32G4xx_HAL_Driver/Src/stm32g4xx_hal_rcc_ex.o ./Drivers/STM32G4xx_HAL_Driver/Src/stm32g4xx_hal_rcc_ex.su ./Drivers/STM32G4xx_HAL_Driver/Src/stm32g4xx_hal_spi.cyclo ./Drivers/STM32G4xx_HAL_Driver/Src/stm32g4xx_hal_spi.d ./Drivers/STM32G4xx_HAL_Driver/Src/stm32g4xx_hal_spi.o ./Drivers/STM32G4xx_HAL_Driver/Src/stm32g4xx_hal_spi.su ./Drivers/STM32G4xx_HAL_Driver/Src/stm32g4xx_hal_spi_ex.cyclo ./Drivers/STM32G4xx_HAL_Driver/Src/stm32g4xx_hal_spi_ex.d ./Drivers/STM32G4xx_HAL_Driver/Src/stm32g4xx_hal_spi_ex.o ./Drivers/STM32G4xx_HAL_Driver/Src/stm32g4xx_hal_spi_ex.su ./Drivers/STM32G4xx_HAL_Driver/Src/stm32g4xx_hal_tim.cyclo ./Drivers/STM32G4xx_HAL_Driver/Src/stm32g4xx_hal_tim.d ./Drivers/STM32G4xx_HAL_Driver/Src/stm32g4xx_hal_tim.o ./Drivers/STM32G4xx_HAL_Driver/Src/stm32g4xx_hal_tim.su ./Drivers/STM32G4xx_HAL_Driver/Src/stm32g4xx_hal_tim_ex.cyclo ./Drivers/STM32G4xx_HAL_Driver/Src/stm32g4xx_hal_tim_ex.d ./Drivers/STM32G4xx_HAL_Driver/Src/stm32g4xx_hal_tim_ex.o ./Drivers/STM32G4xx_HAL_Driver/Src/stm32g4xx_hal_tim_ex.su ./Drivers/STM32G4xx_HAL_Driver/Src/stm32g4xx_ll_adc.cyclo ./Drivers/STM32G4xx_HAL_Driver/Src/stm32g4xx_ll_adc.d ./Drivers/STM32G4xx_HAL_Driver/Src/stm32g4xx_ll_adc.o ./Drivers/STM32G4xx_HAL_Driver/Src/stm32g4xx_ll_adc.su
rm -rf ./Core/Startup/startup_stm32g491keux.d ./Core/Startup/startup_stm32g491keux.o
rm -rf ./Core/Src/cordic.cyclo ./Core/Src/cordic.d ./Core/Src/cordic.o ./Core/Src/cordic.su ./Core/Src/main.cyclo ./Core/Src/main.d ./Core/Src/main.o ./Core/Src/main.su ./Core/Src/stm32g4xx_hal_msp.cyclo ./Core/Src/stm32g4xx_hal_msp.d ./Core/Src/stm32g4xx_hal_msp.o ./Core/Src/stm32g4xx_hal_msp.su ./Core/Src/stm32g4xx_it.cyclo ./Core/Src/stm32g4xx_it.d ./Core/Src/stm32g4xx_it.o ./Core/Src/stm32g4xx_it.su ./Core/Src/syscalls.cyclo ./Core/Src/syscalls.d ./Core/Src/syscalls.o ./Core/Src/syscalls.su ./Core/Src/sysmem.cyclo ./Core/Src/sysmem.d ./Core/Src/sysmem.o ./Core/Src/sysmem.su ./Core/Src/system_stm32g4xx.cyclo ./Core/Src/system_stm32g4xx.d ./Core/Src/system_stm32g4xx.o ./Core/Src/system_stm32g4xx.su
rm -rf ./Core/Libs/AS5048Ainterface.cyclo ./Core/Libs/AS5048Ainterface.d ./Core/Libs/AS5048Ainterface.o ./Core/Libs/AS5048Ainterface.su ./Core/Libs/CurrentSense.cyclo ./Core/Libs/CurrentSense.d ./Core/Libs/CurrentSense.o ./Core/Libs/CurrentSense.su ./Core/Libs/can_fd.cyclo ./Core/Libs/can_fd.d ./Core/Libs/can_fd.o ./Core/Libs/can_fd.su ./Core/Libs/ekf.cyclo ./Core/Libs/ekf.d ./Core/Libs/ekf.o ./Core/Libs/ekf.su ./Core/Libs/foc_utils.cyclo ./Core/Libs/foc_utils.d ./Core/Libs/foc_utils.o ./Core/Libs/foc_utils.su ./Core/Libs/lowpass_filter.cyclo ./Core/Libs/lowpass_filter.d ./Core/Libs/lowpass_filter.o ./Core/Libs/lowpass_filter.su ./Core/Libs/motor_param.cyclo ./Core/Libs/motor_param.d ./Core/Libs/motor_param.o ./Core/Libs/motor_param.su ./Core/Libs/pid.cyclo ./Core/Libs/pid.d ./Core/Libs/pid.o ./Core/Libs/pid.su ./Core/Libs/pwm_drivers.cyclo ./Core/Libs/pwm_drivers.d ./Core/Libs/pwm_drivers.o ./Core/Libs/pwm_drivers.su ./Core/Libs/simpleFOC.cyclo ./Core/Libs/simpleFOC.d ./Core/Libs/simpleFOC.o ./Core/Libs/simpleFOC.su
rm -rf bldc_driver_controller_runj.elf bldc_driver_controller_runj.list bldc_driver_controller_runj.map default.size.stdout
 
17:08:00 **** Incremental Build of configuration Debug for project bldc_driver_controller_runj ****
make -j16 all 
arm-none-eabi-gcc "../Drivers/STM32G4xx_HAL_Driver/Src/stm32g4xx_hal.c" -mcpu=cortex-m4 -std=gnu11 -g3 -DDEBUG -DUSE_HAL_DRIVER -DSTM32G491xx -c -I../Core/Inc -I../Drivers/STM32G4xx_HAL_Driver/Inc -I../Drivers/STM32G4xx_HAL_Driver/Inc/Legacy -I../Drivers/CMSIS/Device/ST/STM32G4xx/Include -I../Drivers/CMSIS/Include -I"C:/Users/WINDOWS 11/Documents/Robotics-RunJ/bldc_driver/control/bldc_driver_controller_runj/Core/Libs" -O0 -ffunction-sections -fdata-sections -Wall -fstack-usage -fcyclomatic-complexity -MMD -MP -MF"Drivers/STM32G4xx_HAL_Driver/Src/stm32g4xx_hal.d" -MT"Drivers/STM32G4xx_HAL_Driver/Src/stm32g4xx_hal.o" --specs=nano.specs -mfpu=fpv4-sp-d16 -mfloat-abi=hard -mthumb -o "Drivers/STM32G4xx_HAL_Driver/Src/stm32g4xx_hal.o"
arm-none-eabi-gcc "../Drivers/STM32G4xx_HAL_Driver/Src/stm32g4xx_hal_adc.c" -mcpu=cortex-m4 -std=gnu11 -g3 -DDEBUG -DUSE_HAL_DRIVER -DSTM32G491xx -c -I../Core/Inc -I../Drivers/STM32G4xx_HAL_Driver/Inc -I../Drivers/STM32G4xx_HAL_Driver/Inc/Legacy -I../Drivers/CMSIS/Device/ST/STM32G4xx/Include -I../Drivers/CMSIS/Include -I"C:/Users/WINDOWS 11/Documents/Robotics-RunJ/bldc_driver/control/bldc_driver_controller_runj/Core/Libs" -O0 -ffunction-sections -fdata-sections -Wall -fstack-usage -fcyclomatic-complexity -MMD -MP -MF"Drivers/STM32G4xx_HAL_Driver/Src/stm32g4xx_hal_adc.d" -MT"Drivers/STM32G4xx_HAL_Driver/Src/stm32g4xx_hal_adc.o" --specs=nano.specs -mfpu=fpv4-sp-d16 -mfloat-abi=hard -mthumb -o "Drivers/STM32G4xx_HAL_Driver/Src/stm32g4xx_hal_adc.o"
arm-none-eabi-gcc "../Drivers/STM32G4xx_HAL_Driver/Src/stm32g4xx_hal_adc_ex.c" -mcpu=cortex-m4 -std=gnu11 -g3 -DDEBUG -DUSE_HAL_DRIVER -DSTM32G491xx -c -I../Core/Inc -I../Drivers/STM32G4xx_HAL_Driver/Inc -I../Drivers/STM32G4xx_HAL_Driver/Inc/Legacy -I../Drivers/CMSIS/Device/ST/STM32G4xx/Include -I../Drivers/CMSIS/Include -I"C:/Users/WINDOWS 11/Documents/Robotics-RunJ/bldc_driver/control/bldc_driver_controller_runj/Core/Libs" -O0 -ffunction-sections -fdata-sections -Wall -fstack-usage -fcyclomatic-complexity -MMD -MP -MF"Drivers/STM32G4xx_HAL_Driver/Src/stm32g4xx_hal_adc_ex.d" -MT"Drivers/STM32G4xx_HAL_Driver/Src/stm32g4xx_hal_adc_ex.o" --specs=nano.specs -mfpu=fpv4-sp-d16 -mfloat-abi=hard -mthumb -o "Drivers/STM32G4xx_HAL_Driver/Src/stm32g4xx_hal_adc_ex.o"
arm-none-eabi-gcc "../Drivers/STM32G4xx_HAL_Driver/Src/stm32g4xx_hal_cordic.c" -mcpu=cortex-m4 -std=gnu11 -g3 -DDEBUG -DUSE_HAL_DRIVER -DSTM32G491xx -c -I../Core/Inc -I../Drivers/STM32G4xx_HAL_Driver/Inc -I../Drivers/STM32G4xx_HAL_Driver/Inc/Legacy -I../Drivers/CMSIS/Device/ST/STM32G4xx/Include -I../Drivers/CMSIS/Include -I"C:/Users/WINDOWS 11/Documents/Robotics-RunJ/bldc_driver/control/bldc_driver_controller_runj/Core/Libs" -O0 -ffunction-sections -fdata-sections -Wall -fstack-usage -fcyclomatic-complexity -MMD -MP -MF"Drivers/STM32G4xx_HAL_Driver/Src/stm32g4xx_hal_cordic.d" -MT"Drivers/STM32G4xx_HAL_Driver/Src/stm32g4xx_hal_cordic.o" --specs=nano.specs -mfpu=fpv4-sp-d16 -mfloat-abi=hard -mthumb -o "Drivers/STM32G4xx_HAL_Driver/Src/stm32g4xx_hal_cordic.o"
arm-none-eabi-gcc "../Drivers/STM32G4xx_HAL_Driver/Src/stm32g4xx_hal_cortex.c" -mcpu=cortex-m4 -std=gnu11 -g3 -DDEBUG -DUSE_HAL_DRIVER -DSTM32G491xx -c -I../Core/Inc -I../Drivers/STM32G4xx_HAL_Driver/Inc -I../Drivers/STM32G4xx_HAL_Driver/Inc/Legacy -I../Drivers/CMSIS/Device/ST/STM32G4xx/Include -I../Drivers/CMSIS/Include -I"C:/Users/WINDOWS 11/Documents/Robotics-RunJ/bldc_driver/control/bldc_driver_controller_runj/Core/Libs" -O0 -ffunction-sections -fdata-sections -Wall -fstack-usage -fcyclomatic-complexity -MMD -MP -MF"Drivers/STM32G4xx_HAL_Driver/Src/stm32g4xx_hal_cortex.d" -MT"Drivers/STM32G4xx_HAL_Driver/Src/stm32g4xx_hal_cortex.o" --specs=nano.specs -mfpu=fpv4-sp-d16 -mfloat-abi=hard -mthumb -o "Drivers/STM32G4xx_HAL_Driver/Src/stm32g4xx_hal_cortex.o"
arm-none-eabi-gcc "../Drivers/STM32G4xx_HAL_Driver/Src/stm32g4xx_hal_crc.c" -mcpu=cortex-m4 -std=gnu11 -g3 -DDEBUG -DUSE_HAL_DRIVER -DSTM32G491xx -c -I../Core/Inc -I../Drivers/STM32G4xx_HAL_Driver/Inc -I../Drivers/STM32G4xx_HAL_Driver/Inc/Legacy -I../Drivers/CMSIS/Device/ST/STM32G4xx/Include -I../Drivers/CMSIS/Include -I"C:/Users/WINDOWS 11/Documents/Robotics-RunJ/bldc_driver/control/bldc_driver_controller_runj/Core/Libs" -O0 -ffunction-sections -fdata-sections -Wall -fstack-usage -fcyclomatic-complexity -MMD -MP -MF"Drivers/STM32G4xx_HAL_Driver/Src/stm32g4xx_hal_crc.d" -MT"Drivers/STM32G4xx_HAL_Driver/Src/stm32g4xx_hal_crc.o" --specs=nano.specs -mfpu=fpv4-sp-d16 -mfloat-abi=hard -mthumb -o "Drivers/STM32G4xx_HAL_Driver/Src/stm32g4xx_hal_crc.o"
arm-none-eabi-gcc "../Drivers/STM32G4xx_HAL_Driver/Src/stm32g4xx_hal_crc_ex.c" -mcpu=cortex-m4 -std=gnu11 -g3 -DDEBUG -DUSE_HAL_DRIVER -DSTM32G491xx -c -I../Core/Inc -I../Drivers/STM32G4xx_HAL_Driver/Inc -I../Drivers/STM32G4xx_HAL_Driver/Inc/Legacy -I../Drivers/CMSIS/Device/ST/STM32G4xx/Include -I../Drivers/CMSIS/Include -I"C:/Users/WINDOWS 11/Documents/Robotics-RunJ/bldc_driver/control/bldc_driver_controller_runj/Core/Libs" -O0 -ffunction-sections -fdata-sections -Wall -fstack-usage -fcyclomatic-complexity -MMD -MP -MF"Drivers/STM32G4xx_HAL_Driver/Src/stm32g4xx_hal_crc_ex.d" -MT"Drivers/STM32G4xx_HAL_Driver/Src/stm32g4xx_hal_crc_ex.o" --specs=nano.specs -mfpu=fpv4-sp-d16 -mfloat-abi=hard -mthumb -o "Drivers/STM32G4xx_HAL_Driver/Src/stm32g4xx_hal_crc_ex.o"
arm-none-eabi-gcc "../Drivers/STM32G4xx_HAL_Driver/Src/stm32g4xx_hal_dma.c" -mcpu=cortex-m4 -std=gnu11 -g3 -DDEBUG -DUSE_HAL_DRIVER -DSTM32G491xx -c -I../Core/Inc -I../Drivers/STM32G4xx_HAL_Driver/Inc -I../Drivers/STM32G4xx_HAL_Driver/Inc/Legacy -I../Drivers/CMSIS/Device/ST/STM32G4xx/Include -I../Drivers/CMSIS/Include -I"C:/Users/WINDOWS 11/Documents/Robotics-RunJ/bldc_driver/control/bldc_driver_controller_runj/Core/Libs" -O0 -ffunction-sections -fdata-sections -Wall -fstack-usage -fcyclomatic-complexity -MMD -MP -MF"Drivers/STM32G4xx_HAL_Driver/Src/stm32g4xx_hal_dma.d" -MT"Drivers/STM32G4xx_HAL_Driver/Src/stm32g4xx_hal_dma.o" --specs=nano.specs -mfpu=fpv4-sp-d16 -mfloat-abi=hard -mthumb -o "Drivers/STM32G4xx_HAL_Driver/Src/stm32g4xx_hal_dma.o"
arm-none-eabi-gcc "../Drivers/STM32G4xx_HAL_Driver/Src/stm32g4xx_hal_dma_ex.c" -mcpu=cortex-m4 -std=gnu11 -g3 -DDEBUG -DUSE_HAL_DRIVER -DSTM32G491xx -c -I../Core/Inc -I../Drivers/STM32G4xx_HAL_Driver/Inc -I../Drivers/STM32G4xx_HAL_Driver/Inc/Legacy -I../Drivers/CMSIS/Device/ST/STM32G4xx/Include -I../Drivers/CMSIS/Include -I"C:/Users/WINDOWS 11/Documents/Robotics-RunJ/bldc_driver/control/bldc_driver_controller_runj/Core/Libs" -O0 -ffunction-sections -fdata-sections -Wall -fstack-usage -fcyclomatic-complexity -MMD -MP -MF"Drivers/STM32G4xx_HAL_Driver/Src/stm32g4xx_hal_dma_ex.d" -MT"Drivers/STM32G4xx_HAL_Driver/Src/stm32g4xx_hal_dma_ex.o" --specs=nano.specs -mfpu=fpv4-sp-d16 -mfloat-abi=hard -mthumb -o "Drivers/STM32G4xx_HAL_Driver/Src/stm32g4xx_hal_dma_ex.o"
arm-none-eabi-gcc "../Drivers/STM32G4xx_HAL_Driver/Src/stm32g4xx_hal_exti.c" -mcpu=cortex-m4 -std=gnu11 -g3 -DDEBUG -DUSE_HAL_DRIVER -DSTM32G491xx -c -I../Core/Inc -I../Drivers/STM32G4xx_HAL_Driver/Inc -I../Drivers/STM32G4xx_HAL_Driver/Inc/Legacy -I../Drivers/CMSIS/Device/ST/STM32G4xx/Include -I../Drivers/CMSIS/Include -I"C:/Users/WINDOWS 11/Documents/Robotics-RunJ/bldc_driver/control/bldc_driver_controller_runj/Core/Libs" -O0 -ffunction-sections -fdata-sections -Wall -fstack-usage -fcyclomatic-complexity -MMD -MP -MF"Drivers/STM32G4xx_HAL_Driver/Src/stm32g4xx_hal_exti.d" -MT"Drivers/STM32G4xx_HAL_Driver/Src/stm32g4xx_hal_exti.o" --specs=nano.specs -mfpu=fpv4-sp-d16 -mfloat-abi=hard -mthumb -o "Drivers/STM32G4xx_HAL_Driver/Src/stm32g4xx_hal_exti.o"
arm-none-eabi-gcc "../Drivers/STM32G4xx_HAL_Driver/Src/stm32g4xx_hal_fdcan.c" -mcpu=cortex-m4 -std=gnu11 -g3 -DDEBUG -DUSE_HAL_DRIVER -DSTM32G491xx -c -I../Core/Inc -I../Drivers/STM32G4xx_HAL_Driver/Inc -I../Drivers/STM32G4xx_HAL_Driver/Inc/Legacy -I../Drivers/CMSIS/Device/ST/STM32G4xx/Include -I../Drivers/CMSIS/Include -I"C:/Users/WINDOWS 11/Documents/Robotics-RunJ/bldc_driver/control/bldc_driver_controller_runj/Core/Libs" -O0 -ffunction-sections -fdata-sections -Wall -fstack-usage -fcyclomatic-complexity -MMD -MP -MF"Drivers/STM32G4xx_HAL_Driver/Src/stm32g4xx_hal_fdcan.d" -MT"Drivers/STM32G4xx_HAL_Driver/Src/stm32g4xx_hal_fdcan.o" --specs=nano.specs -mfpu=fpv4-sp-d16 -mfloat-abi=hard -mthumb -o "Drivers/STM32G4xx_HAL_Driver/Src/stm32g4xx_hal_fdcan.o"
arm-none-eabi-gcc "../Drivers/STM32G4xx_HAL_Driver/Src/stm32g4xx_hal_flash.c" -mcpu=cortex-m4 -std=gnu11 -g3 -DDEBUG -DUSE_HAL_DRIVER -DSTM32G491xx -c -I../Core/Inc -I../Drivers/STM32G4xx_HAL_Driver/Inc -I../Drivers/STM32G4xx_HAL_Driver/Inc/Legacy -I../Drivers/CMSIS/Device/ST/STM32G4xx/Include -I../Drivers/CMSIS/Include -I"C:/Users/WINDOWS 11/Documents/Robotics-RunJ/bldc_driver/control/bldc_driver_controller_runj/Core/Libs" -O0 -ffunction-sections -fdata-sections -Wall -fstack-usage -fcyclomatic-complexity -MMD -MP -MF"Drivers/STM32G4xx_HAL_Driver/Src/stm32g4xx_hal_flash.d" -MT"Drivers/STM32G4xx_HAL_Driver/Src/stm32g4xx_hal_flash.o" --specs=nano.specs -mfpu=fpv4-sp-d16 -mfloat-abi=hard -mthumb -o "Drivers/STM32G4xx_HAL_Driver/Src/stm32g4xx_hal_flash.o"
arm-none-eabi-gcc "../Drivers/STM32G4xx_HAL_Driver/Src/stm32g4xx_hal_flash_ex.c" -mcpu=cortex-m4 -std=gnu11 -g3 -DDEBUG -DUSE_HAL_DRIVER -DSTM32G491xx -c -I../Core/Inc -I../Drivers/STM32G4xx_HAL_Driver/Inc -I../Drivers/STM32G4xx_HAL_Driver/Inc/Legacy -I../Drivers/CMSIS/Device/ST/STM32G4xx/Include -I../Drivers/CMSIS/Include -I"C:/Users/WINDOWS 11/Documents/Robotics-RunJ/bldc_driver/control/bldc_driver_controller_runj/Core/Libs" -O0 -ffunction-sections -fdata-sections -Wall -fstack-usage -fcyclomatic-complexity -MMD -MP -MF"Drivers/STM32G4xx_HAL_Driver/Src/stm32g4xx_hal_flash_ex.d" -MT"Drivers/STM32G4xx_HAL_Driver/Src/stm32g4xx_hal_flash_ex.o" --specs=nano.specs -mfpu=fpv4-sp-d16 -mfloat-abi=hard -mthumb -o "Drivers/STM32G4xx_HAL_Driver/Src/stm32g4xx_hal_flash_ex.o"
arm-none-eabi-gcc "../Drivers/STM32G4xx_HAL_Driver/Src/stm32g4xx_hal_flash_ramfunc.c" -mcpu=cortex-m4 -std=gnu11 -g3 -DDEBUG -DUSE_HAL_DRIVER -DSTM32G491xx -c -I../Core/Inc -I../Drivers/STM32G4xx_HAL_Driver/Inc -I../Drivers/STM32G4xx_HAL_Driver/Inc/Legacy -I../Drivers/CMSIS/Device/ST/STM32G4xx/Include -I../Drivers/CMSIS/Include -I"C:/Users/WINDOWS 11/Documents/Robotics-RunJ/bldc_driver/control/bldc_driver_controller_runj/Core/Libs" -O0 -ffunction-sections -fdata-sections -Wall -fstack-usage -fcyclomatic-complexity -MMD -MP -MF"Drivers/STM32G4xx_HAL_Driver/Src/stm32g4xx_hal_flash_ramfunc.d" -MT"Drivers/STM32G4xx_HAL_Driver/Src/stm32g4xx_hal_flash_ramfunc.o" --specs=nano.specs -mfpu=fpv4-sp-d16 -mfloat-abi=hard -mthumb -o "Drivers/STM32G4xx_HAL_Driver/Src/stm32g4xx_hal_flash_ramfunc.o"
arm-none-eabi-gcc "../Drivers/STM32G4xx_HAL_Driver/Src/stm32g4xx_hal_fmac.c" -mcpu=cortex-m4 -std=gnu11 -g3 -DDEBUG -DUSE_HAL_DRIVER -DSTM32G491xx -c -I../Core/Inc -I../Drivers/STM32G4xx_HAL_Driver/Inc -I../Drivers/STM32G4xx_HAL_Driver/Inc/Legacy -I../Drivers/CMSIS/Device/ST/STM32G4xx/Include -I../Drivers/CMSIS/Include -I"C:/Users/WINDOWS 11/Documents/Robotics-RunJ/bldc_driver/control/bldc_driver_controller_runj/Core/Libs" -O0 -ffunction-sections -fdata-sections -Wall -fstack-usage -fcyclomatic-complexity -MMD -MP -MF"Drivers/STM32G4xx_HAL_Driver/Src/stm32g4xx_hal_fmac.d" -MT"Drivers/STM32G4xx_HAL_Driver/Src/stm32g4xx_hal_fmac.o" --specs=nano.specs -mfpu=fpv4-sp-d16 -mfloat-abi=hard -mthumb -o "Drivers/STM32G4xx_HAL_Driver/Src/stm32g4xx_hal_fmac.o"
arm-none-eabi-gcc "../Drivers/STM32G4xx_HAL_Driver/Src/stm32g4xx_hal_gpio.c" -mcpu=cortex-m4 -std=gnu11 -g3 -DDEBUG -DUSE_HAL_DRIVER -DSTM32G491xx -c -I../Core/Inc -I../Drivers/STM32G4xx_HAL_Driver/Inc -I../Drivers/STM32G4xx_HAL_Driver/Inc/Legacy -I../Drivers/CMSIS/Device/ST/STM32G4xx/Include -I../Drivers/CMSIS/Include -I"C:/Users/WINDOWS 11/Documents/Robotics-RunJ/bldc_driver/control/bldc_driver_controller_runj/Core/Libs" -O0 -ffunction-sections -fdata-sections -Wall -fstack-usage -fcyclomatic-complexity -MMD -MP -MF"Drivers/STM32G4xx_HAL_Driver/Src/stm32g4xx_hal_gpio.d" -MT"Drivers/STM32G4xx_HAL_Driver/Src/stm32g4xx_hal_gpio.o" --specs=nano.specs -mfpu=fpv4-sp-d16 -mfloat-abi=hard -mthumb -o "Drivers/STM32G4xx_HAL_Driver/Src/stm32g4xx_hal_gpio.o"
arm-none-eabi-gcc "../Drivers/STM32G4xx_HAL_Driver/Src/stm32g4xx_hal_pwr.c" -mcpu=cortex-m4 -std=gnu11 -g3 -DDEBUG -DUSE_HAL_DRIVER -DSTM32G491xx -c -I../Core/Inc -I../Drivers/STM32G4xx_HAL_Driver/Inc -I../Drivers/STM32G4xx_HAL_Driver/Inc/Legacy -I../Drivers/CMSIS/Device/ST/STM32G4xx/Include -I../Drivers/CMSIS/Include -I"C:/Users/WINDOWS 11/Documents/Robotics-RunJ/bldc_driver/control/bldc_driver_controller_runj/Core/Libs" -O0 -ffunction-sections -fdata-sections -Wall -fstack-usage -fcyclomatic-complexity -MMD -MP -MF"Drivers/STM32G4xx_HAL_Driver/Src/stm32g4xx_hal_pwr.d" -MT"Drivers/STM32G4xx_HAL_Driver/Src/stm32g4xx_hal_pwr.o" --specs=nano.specs -mfpu=fpv4-sp-d16 -mfloat-abi=hard -mthumb -o "Drivers/STM32G4xx_HAL_Driver/Src/stm32g4xx_hal_pwr.o"
arm-none-eabi-gcc "../Drivers/STM32G4xx_HAL_Driver/Src/stm32g4xx_hal_pwr_ex.c" -mcpu=cortex-m4 -std=gnu11 -g3 -DDEBUG -DUSE_HAL_DRIVER -DSTM32G491xx -c -I../Core/Inc -I../Drivers/STM32G4xx_HAL_Driver/Inc -I../Drivers/STM32G4xx_HAL_Driver/Inc/Legacy -I../Drivers/CMSIS/Device/ST/STM32G4xx/Include -I../Drivers/CMSIS/Include -I"C:/Users/WINDOWS 11/Documents/Robotics-RunJ/bldc_driver/control/bldc_driver_controller_runj/Core/Libs" -O0 -ffunction-sections -fdata-sections -Wall -fstack-usage -fcyclomatic-complexity -MMD -MP -MF"Drivers/STM32G4xx_HAL_Driver/Src/stm32g4xx_hal_pwr_ex.d" -MT"Drivers/STM32G4xx_HAL_Driver/Src/stm32g4xx_hal_pwr_ex.o" --specs=nano.specs -mfpu=fpv4-sp-d16 -mfloat-abi=hard -mthumb -o "Drivers/STM32G4xx_HAL_Driver/Src/stm32g4xx_hal_pwr_ex.o"
arm-none-eabi-gcc "../Drivers/STM32G4xx_HAL_Driver/Src/stm32g4xx_hal_rcc.c" -mcpu=cortex-m4 -std=gnu11 -g3 -DDEBUG -DUSE_HAL_DRIVER -DSTM32G491xx -c -I../Core/Inc -I../Drivers/STM32G4xx_HAL_Driver/Inc -I../Drivers/STM32G4xx_HAL_Driver/Inc/Legacy -I../Drivers/CMSIS/Device/ST/STM32G4xx/Include -I../Drivers/CMSIS/Include -I"C:/Users/WINDOWS 11/Documents/Robotics-RunJ/bldc_driver/control/bldc_driver_controller_runj/Core/Libs" -O0 -ffunction-sections -fdata-sections -Wall -fstack-usage -fcyclomatic-complexity -MMD -MP -MF"Drivers/STM32G4xx_HAL_Driver/Src/stm32g4xx_hal_rcc.d" -MT"Drivers/STM32G4xx_HAL_Driver/Src/stm32g4xx_hal_rcc.o" --specs=nano.specs -mfpu=fpv4-sp-d16 -mfloat-abi=hard -mthumb -o "Drivers/STM32G4xx_HAL_Driver/Src/stm32g4xx_hal_rcc.o"
[...]
arm-none-eabi-g++ "../Core/Libs/pwm_drivers.cpp" -mcpu=cortex-m4 -std=gnu++14 -g3 -DDEBUG -DUSE_HAL_DRIVER -DSTM32G491xx -c -I../Core/Inc -I../Drivers/STM32G4xx_HAL_Driver/Inc -I../Drivers/STM32G4xx_HAL_Driver/Inc/Legacy -I../Drivers/CMSIS/Device/ST/STM32G4xx/Include -I../Drivers/CMSIS/Include -I"C:/Users/WINDOWS 11/Documents/Robotics-RunJ/bldc_driver/control/bldc_driver_controller_runj/Core/Libs" -O0 -ffunction-sections -fdata-sections -fno-exceptions -fno-rtti -fno-use-cxa-atexit -Wall -fstack-usage -fcyclomatic-complexity -MMD -MP -MF"Core/Libs/pwm_drivers.d" -MT"Core/Libs/pwm_drivers.o" --specs=nano.specs -mfpu=fpv4-sp-d16 -mfloat-abi=hard -mthumb -o "Core/Libs/pwm_drivers.o"
arm-none-eabi-g++ "../Core/Libs/simpleFOC.cpp" -mcpu=cortex-m4 -std=gnu++14 -g3 -DDEBUG -DUSE_HAL_DRIVER -DSTM32G491xx -c -I../Core/Inc -I../Drivers/STM32G4xx_HAL_Driver/Inc -I../Drivers/STM32G4xx_HAL_Driver/Inc/Legacy -I../Drivers/CMSIS/Device/ST/STM32G4xx/Include -I../Drivers/CMSIS/Include -I"C:/Users/WINDOWS 11/Documents/Robotics-RunJ/bldc_driver/control/bldc_driver_controller_runj/Core/Libs" -O0 -ffunction-sections -fdata-sections -fno-exceptions -fno-rtti -fno-use-cxa-atexit -Wall -fstack-usage -fcyclomatic-complexity -MMD -MP -MF"Core/Libs/simpleFOC.d" -MT"Core/Libs/simpleFOC.o" --specs=nano.specs -mfpu=fpv4-sp-d16 -mfloat-abi=hard -mthumb -o "Core/Libs/simpleFOC.o"
../Core/Src/main.cpp: In function 'float limit_value(float, float, float)':
../Core/Src/main.cpp:141:17: error: 'clamp' is not a member of 'std'
  141 |     return std::clamp(value, min_value, max_value);
      |                 ^~~~~
../Core/Src/main.cpp: In function 'void HAL_FDCAN_RxFifo0Callback(FDCAN_HandleTypeDef*, uint32_t)':
../Core/Src/main.cpp:185:31: warning: comparison of integer expressions of different signedness: 'int' and 'uint32_t' {aka 'long unsigned int'} [-Wsign-compare]
  185 |             for (int i = 0; i < rxHeader.DataLength; i++)
      |                             ~~^~~~~~~~~~~~~~~~~~~~~
../Core/Src/main.cpp: At global scope:
../Core/Src/main.cpp:144:21: warning: 'unsigned int float_to_uint(float, float, float, int)' defined but not used [-Wunused-function]
  144 | static unsigned int float_to_uint(float x, float x_min, float x_max, int num_bits)
      |                     ^~~~~~~~~~~~~
make: *** [Core/Src/subdir.mk:43: Core/Src/main.o] Error 1
make: *** Waiting for unfinished jobs....
"make -j16 all" terminated with exit code 2. Build might be incomplete.
19:49:28 **** Incremental Build of configuration Debug for project bldc_driver_controller_runj ****
make -j16 all 
arm-none-eabi-g++ "../Core/Src/main.cpp" -mcpu=cortex-m4 -std=gnu++14 -g3 -DDEBUG -DUSE_HAL_DRIVER -DSTM32G491xx -c -I../Core/Inc -I../Drivers/STM32G4xx_HAL_Driver/Inc -I../Drivers/STM32G4xx_HAL_Driver/Inc/Legacy -I../Drivers/CMSIS/Device/ST/STM32G4xx/Include -I../Drivers/CMSIS/Include -I"C:/Users/WINDOWS 11/Documents/Robotics-RunJ/bldc_driver/control/bldc_driver_controller_runj/Core/Libs" -O0 -ffunction-sections -fdata-sections -fno-exceptions -fno-rtti -fno-use-cxa-atexit -Wall -fstack-usage -fcyclomatic-complexity -MMD -MP -MF"Core/Src/main.d" -MT"Core/Src/main.o" --specs=nano.specs -mfpu=fpv4-sp-d16 -mfloat-abi=hard -mthumb -o "Core/Src/main.o"
arm-none-eabi-g++ "../Core/Libs/AS5048Ainterface.cpp" -mcpu=cortex-m4 -std=gnu++14 -g3 -DDEBUG -DUSE_HAL_DRIVER -DSTM32G491xx -c -I../Core/Inc -I../Drivers/STM32G4xx_HAL_Driver/Inc -I../Drivers/STM32G4xx_HAL_Driver/Inc/Legacy -I../Drivers/CMSIS/Device/ST/STM32G4xx/Include -I../Drivers/CMSIS/Include -I"C:/Users/WINDOWS 11/Documents/Robotics-RunJ/bldc_driver/control/bldc_driver_controller_runj/Core/Libs" -O0 -ffunction-sections -fdata-sections -fno-exceptions -fno-rtti -fno-use-cxa-atexit -Wall -fstack-usage -fcyclomatic-complexity -MMD -MP -MF"Core/Libs/AS5048Ainterface.d" -MT"Core/Libs/AS5048Ainterface.o" --specs=nano.specs -mfpu=fpv4-sp-d16 -mfloat-abi=hard -mthumb -o "Core/Libs/AS5048Ainterface.o"
arm-none-eabi-g++ "../Core/Libs/CurrentSense.cpp" -mcpu=cortex-m4 -std=gnu++14 -g3 -DDEBUG -DUSE_HAL_DRIVER -DSTM32G491xx -c -I../Core/Inc -I../Drivers/STM32G4xx_HAL_Driver/Inc -I../Drivers/STM32G4xx_HAL_Driver/Inc/Legacy -I../Drivers/CMSIS/Device/ST/STM32G4xx/Include -I../Drivers/CMSIS/Include -I"C:/Users/WINDOWS 11/Documents/Robotics-RunJ/bldc_driver/control/bldc_driver_controller_runj/Core/Libs" -O0 -ffunction-sections -fdata-sections -fno-exceptions -fno-rtti -fno-use-cxa-atexit -Wall -fstack-usage -fcyclomatic-complexity -MMD -MP -MF"Core/Libs/CurrentSense.d" -MT"Core/Libs/CurrentSense.o" --specs=nano.specs -mfpu=fpv4-sp-d16 -mfloat-abi=hard -mthumb -o "Core/Libs/CurrentSense.o"
arm-none-eabi-g++ "../Core/Libs/can_fd.cpp" -mcpu=cortex-m4 -std=gnu++14 -g3 -DDEBUG -DUSE_HAL_DRIVER -DSTM32G491xx -c -I../Core/Inc -I../Drivers/STM32G4xx_HAL_Driver/Inc -I../Drivers/STM32G4xx_HAL_Driver/Inc/Legacy -I../Drivers/CMSIS/Device/ST/STM32G4xx/Include -I../Drivers/CMSIS/Include -I"C:/Users/WINDOWS 11/Documents/Robotics-RunJ/bldc_driver/control/bldc_driver_controller_runj/Core/Libs" -O0 -ffunction-sections -fdata-sections -fno-exceptions -fno-rtti -fno-use-cxa-atexit -Wall -fstack-usage -fcyclomatic-complexity -MMD -MP -MF"Core/Libs/can_fd.d" -MT"Core/Libs/can_fd.o" --specs=nano.specs -mfpu=fpv4-sp-d16 -mfloat-abi=hard -mthumb -o "Core/Libs/can_fd.o"
arm-none-eabi-g++ "../Core/Libs/ekf.cpp" -mcpu=cortex-m4 -std=gnu++14 -g3 -DDEBUG -DUSE_HAL_DRIVER -DSTM32G491xx -c -I../Core/Inc -I../Drivers/STM32G4xx_HAL_Driver/Inc -I../Drivers/STM32G4xx_HAL_Driver/Inc/Legacy -I../Drivers/CMSIS/Device/ST/STM32G4xx/Include -I../Drivers/CMSIS/Include -I"C:/Users/WINDOWS 11/Documents/Robotics-RunJ/bldc_driver/control/bldc_driver_controller_runj/Core/Libs" -O0 -ffunction-sections -fdata-sections -fno-exceptions -fno-rtti -fno-use-cxa-atexit -Wall -fstack-usage -fcyclomatic-complexity -MMD -MP -MF"Core/Libs/ekf.d" -MT"Core/Libs/ekf.o" --specs=nano.specs -mfpu=fpv4-sp-d16 -mfloat-abi=hard -mthumb -o "Core/Libs/ekf.o"
arm-none-eabi-g++ "../Core/Libs/foc_utils.cpp" -mcpu=cortex-m4 -std=gnu++14 -g3 -DDEBUG -DUSE_HAL_DRIVER -DSTM32G491xx -c -I../Core/Inc -I../Drivers/STM32G4xx_HAL_Driver/Inc -I../Drivers/STM32G4xx_HAL_Driver/Inc/Legacy -I../Drivers/CMSIS/Device/ST/STM32G4xx/Include -I../Drivers/CMSIS/Include -I"C:/Users/WINDOWS 11/Documents/Robotics-RunJ/bldc_driver/control/bldc_driver_controller_runj/Core/Libs" -O0 -ffunction-sections -fdata-sections -fno-exceptions -fno-rtti -fno-use-cxa-atexit -Wall -fstack-usage -fcyclomatic-complexity -MMD -MP -MF"Core/Libs/foc_utils.d" -MT"Core/Libs/foc_utils.o" --specs=nano.specs -mfpu=fpv4-sp-d16 -mfloat-abi=hard -mthumb -o "Core/Libs/foc_utils.o"
arm-none-eabi-g++ "../Core/Libs/lowpass_filter.cpp" -mcpu=cortex-m4 -std=gnu++14 -g3 -DDEBUG -DUSE_HAL_DRIVER -DSTM32G491xx -c -I../Core/Inc -I../Drivers/STM32G4xx_HAL_Driver/Inc -I../Drivers/STM32G4xx_HAL_Driver/Inc/Legacy -I../Drivers/CMSIS/Device/ST/STM32G4xx/Include -I../Drivers/CMSIS/Include -I"C:/Users/WINDOWS 11/Documents/Robotics-RunJ/bldc_driver/control/bldc_driver_controller_runj/Core/Libs" -O0 -ffunction-sections -fdata-sections -fno-exceptions -fno-rtti -fno-use-cxa-atexit -Wall -fstack-usage -fcyclomatic-complexity -MMD -MP -MF"Core/Libs/lowpass_filter.d" -MT"Core/Libs/lowpass_filter.o" --specs=nano.specs -mfpu=fpv4-sp-d16 -mfloat-abi=hard -mthumb -o "Core/Libs/lowpass_filter.o"
arm-none-eabi-g++ "../Core/Libs/motor_param.cpp" -mcpu=cortex-m4 -std=gnu++14 -g3 -DDEBUG -DUSE_HAL_DRIVER -DSTM32G491xx -c -I../Core/Inc -I../Drivers/STM32G4xx_HAL_Driver/Inc -I../Drivers/STM32G4xx_HAL_Driver/Inc/Legacy -I../Drivers/CMSIS/Device/ST/STM32G4xx/Include -I../Drivers/CMSIS/Include -I"C:/Users/WINDOWS 11/Documents/Robotics-RunJ/bldc_driver/control/bldc_driver_controller_runj/Core/Libs" -O0 -ffunction-sections -fdata-sections -fno-exceptions -fno-rtti -fno-use-cxa-atexit -Wall -fstack-usage -fcyclomatic-complexity -MMD -MP -MF"Core/Libs/motor_param.d" -MT"Core/Libs/motor_param.o" --specs=nano.specs -mfpu=fpv4-sp-d16 -mfloat-abi=hard -mthumb -o "Core/Libs/motor_param.o"
arm-none-eabi-g++ "../Core/Libs/pid.cpp" -mcpu=cortex-m4 -std=gnu++14 -g3 -DDEBUG -DUSE_HAL_DRIVER -DSTM32G491xx -c -I../Core/Inc -I../Drivers/STM32G4xx_HAL_Driver/Inc -I../Drivers/STM32G4xx_HAL_Driver/Inc/Legacy -I../Drivers/CMSIS/Device/ST/STM32G4xx/Include -I../Drivers/CMSIS/Include -I"C:/Users/WINDOWS 11/Documents/Robotics-RunJ/bldc_driver/control/bldc_driver_controller_runj/Core/Libs" -O0 -ffunction-sections -fdata-sections -fno-exceptions -fno-rtti -fno-use-cxa-atexit -Wall -fstack-usage -fcyclomatic-complexity -MMD -MP -MF"Core/Libs/pid.d" -MT"Core/Libs/pid.o" --specs=nano.specs -mfpu=fpv4-sp-d16 -mfloat-abi=hard -mthumb -o "Core/Libs/pid.o"
arm-none-eabi-g++ "../Core/Libs/pwm_drivers.cpp" -mcpu=cortex-m4 -std=gnu++14 -g3 -DDEBUG -DUSE_HAL_DRIVER -DSTM32G491xx -c -I../Core/Inc -I../Drivers/STM32G4xx_HAL_Driver/Inc -I../Drivers/STM32G4xx_HAL_Driver/Inc/Legacy -I../Drivers/CMSIS/Device/ST/STM32G4xx/Include -I../Drivers/CMSIS/Include -I"C:/Users/WINDOWS 11/Documents/Robotics-RunJ/bldc_driver/control/bldc_driver_controller_runj/Core/Libs" -O0 -ffunction-sections -fdata-sections -fno-exceptions -fno-rtti -fno-use-cxa-atexit -Wall -fstack-usage -fcyclomatic-complexity -MMD -MP -MF"Core/Libs/pwm_drivers.d" -MT"Core/Libs/pwm_drivers.o" --specs=nano.specs -mfpu=fpv4-sp-d16 -mfloat-abi=hard -mthumb -o "Core/Libs/pwm_drivers.o"
arm-none-eabi-g++ "../Core/Libs/simpleFOC.cpp" -mcpu=cortex-m4 -std=gnu++14 -g3 -DDEBUG -DUSE_HAL_DRIVER -DSTM32G491xx -c -I../Core/Inc -I../Drivers/STM32G4xx_HAL_Driver/Inc -I../Drivers/STM32G4xx_HAL_Driver/Inc/Legacy -I../Drivers/CMSIS/Device/ST/STM32G4xx/Include -I../Drivers/CMSIS/Include -I"C:/Users/WINDOWS 11/Documents/Robotics-RunJ/bldc_driver/control/bldc_driver_controller_runj/Core/Libs" -O0 -ffunction-sections -fdata-sections -fno-exceptions -fno-rtti -fno-use-cxa-atexit -Wall -fstack-usage -fcyclomatic-complexity -MMD -MP -MF"Core/Libs/simpleFOC.d" -MT"Core/Libs/simpleFOC.o" --specs=nano.specs -mfpu=fpv4-sp-d16 -mfloat-abi=hard -mthumb -o "Core/Libs/simpleFOC.o"
../Core/Src/main.cpp: In function 'void HAL_FDCAN_RxFifo0Callback(FDCAN_HandleTypeDef*, uint32_t)':
../Core/Src/main.cpp:185:31: warning: comparison of integer expressions of different signedness: 'int' and 'uint32_t' {aka 'long unsigned int'} [-Wsign-compare]
  185 |             for (int i = 0; i < rxHeader.DataLength; i++)
      |                             ~~^~~~~~~~~~~~~~~~~~~~~
../Core/Src/main.cpp: At global scope:
../Core/Src/main.cpp:144:21: warning: 'unsigned int float_to_uint(float, float, float, int)' defined but not used [-Wunused-function]
  144 | static unsigned int float_to_uint(float x, float x_min, float x_max, int num_bits)
      |                     ^~~~~~~~~~~~~
arm-none-eabi-g++ -o "bldc_driver_controller_runj.elf" @"objects.list"   -mcpu=cortex-m4 -T"C:\Users\WINDOWS 11\Documents\Robotics-RunJ\bldc_driver\control\bldc_driver_controller_runj\STM32G491KEUX_FLASH.ld" --specs=nosys.specs -Wl,-Map="bldc_driver_controller_runj.map" -Wl,--gc-sections -static --specs=nano.specs -mfpu=fpv4-sp-d16 -mfloat-abi=hard -mthumb -Wl,--start-group -lc -lm -lstdc++ -lsupc++ -Wl,--end-group
Finished building target: bldc_driver_controller_runj.elf
 
arm-none-eabi-size  bldc_driver_controller_runj.elf 
arm-none-eabi-objdump -h -S bldc_driver_controller_runj.elf  > "bldc_driver_controller_runj.list"
   text	   data	    bss	    dec	    hex	filename
  53156	    352	   3616	  57124	   df24	bldc_driver_controller_runj.elf
Finished building: default.size.stdout
 
Finished building: bldc_driver_controller_runj.list
 
19:52:45 **** Incremental Build of configuration Debug for project bldc_driver_controller_runj ****
make -j16 all 
arm-none-eabi-g++ "../Core/Libs/AS5048Ainterface.cpp" -mcpu=cortex-m4 -std=gnu++14 -g3 -DDEBUG -DUSE_HAL_DRIVER -DSTM32G491xx -c -I../Core/Inc -I../Drivers/STM32G4xx_HAL_Driver/Inc -I../Drivers/STM32G4xx_HAL_Driver/Inc/Legacy -I../Drivers/CMSIS/Device/ST/STM32G4xx/Include -I../Drivers/CMSIS/Include -I"C:/Users/WINDOWS 11/Documents/Robotics-RunJ/bldc_driver/control/bldc_driver_controller_runj/Core/Libs" -O0 -ffunction-sections -fdata-sections -fno-exceptions -fno-rtti -fno-use-cxa-atexit -Wall -fstack-usage -fcyclomatic-complexity -MMD -MP -MF"Core/Libs/AS5048Ainterface.d" -MT"Core/Libs/AS5048Ainterface.o" --specs=nano.specs -mfpu=fpv4-sp-d16 -mfloat-abi=hard -mthumb -o "Core/Libs/AS5048Ainterface.o"
arm-none-eabi-g++ "../Core/Libs/CurrentSense.cpp" -mcpu=cortex-m4 -std=gnu++14 -g3 -DDEBUG -DUSE_HAL_DRIVER -DSTM32G491xx -c -I../Core/Inc -I../Drivers/STM32G4xx_HAL_Driver/Inc -I../Drivers/STM32G4xx_HAL_Driver/Inc/Legacy -I../Drivers/CMSIS/Device/ST/STM32G4xx/Include -I../Drivers/CMSIS/Include -I"C:/Users/WINDOWS 11/Documents/Robotics-RunJ/bldc_driver/control/bldc_driver_controller_runj/Core/Libs" -O0 -ffunction-sections -fdata-sections -fno-exceptions -fno-rtti -fno-use-cxa-atexit -Wall -fstack-usage -fcyclomatic-complexity -MMD -MP -MF"Core/Libs/CurrentSense.d" -MT"Core/Libs/CurrentSense.o" --specs=nano.specs -mfpu=fpv4-sp-d16 -mfloat-abi=hard -mthumb -o "Core/Libs/CurrentSense.o"
arm-none-eabi-g++ "../Core/Libs/can_fd.cpp" -mcpu=cortex-m4 -std=gnu++14 -g3 -DDEBUG -DUSE_HAL_DRIVER -DSTM32G491xx -c -I../Core/Inc -I../Drivers/STM32G4xx_HAL_Driver/Inc -I../Drivers/STM32G4xx_HAL_Driver/Inc/Legacy -I../Drivers/CMSIS/Device/ST/STM32G4xx/Include -I../Drivers/CMSIS/Include -I"C:/Users/WINDOWS 11/Documents/Robotics-RunJ/bldc_driver/control/bldc_driver_controller_runj/Core/Libs" -O0 -ffunction-sections -fdata-sections -fno-exceptions -fno-rtti -fno-use-cxa-atexit -Wall -fstack-usage -fcyclomatic-complexity -MMD -MP -MF"Core/Libs/can_fd.d" -MT"Core/Libs/can_fd.o" --specs=nano.specs -mfpu=fpv4-sp-d16 -mfloat-abi=hard -mthumb -o "Core/Libs/can_fd.o"
arm-none-eabi-g++ "../Core/Libs/ekf.cpp" -mcpu=cortex-m4 -std=gnu++14 -g3 -DDEBUG -DUSE_HAL_DRIVER -DSTM32G491xx -c -I../Core/Inc -I../Drivers/STM32G4xx_HAL_Driver/Inc -I../Drivers/STM32G4xx_HAL_Driver/Inc/Legacy -I../Drivers/CMSIS/Device/ST/STM32G4xx/Include -I../Drivers/CMSIS/Include -I"C:/Users/WINDOWS 11/Documents/Robotics-RunJ/bldc_driver/control/bldc_driver_controller_runj/Core/Libs" -O0 -ffunction-sections -fdata-sections -fno-exceptions -fno-rtti -fno-use-cxa-atexit -Wall -fstack-usage -fcyclomatic-complexity -MMD -MP -MF"Core/Libs/ekf.d" -MT"Core/Libs/ekf.o" --specs=nano.specs -mfpu=fpv4-sp-d16 -mfloat-abi=hard -mthumb -o "Core/Libs/ekf.o"
arm-none-eabi-g++ "../Core/Libs/foc_utils.cpp" -mcpu=cortex-m4 -std=gnu++14 -g3 -DDEBUG -DUSE_HAL_DRIVER -DSTM32G491xx -c -I../Core/Inc -I../Drivers/STM32G4xx_HAL_Driver/Inc -I../Drivers/STM32G4xx_HAL_Driver/Inc/Legacy -I../Drivers/CMSIS/Device/ST/STM32G4xx/Include -I../Drivers/CMSIS/Include -I"C:/Users/WINDOWS 11/Documents/Robotics-RunJ/bldc_driver/control/bldc_driver_controller_runj/Core/Libs" -O0 -ffunction-sections -fdata-sections -fno-exceptions -fno-rtti -fno-use-cxa-atexit -Wall -fstack-usage -fcyclomatic-complexity -MMD -MP -MF"Core/Libs/foc_utils.d" -MT"Core/Libs/foc_utils.o" --specs=nano.specs -mfpu=fpv4-sp-d16 -mfloat-abi=hard -mthumb -o "Core/Libs/foc_utils.o"
arm-none-eabi-g++ "../Core/Libs/lowpass_filter.cpp" -mcpu=cortex-m4 -std=gnu++14 -g3 -DDEBUG -DUSE_HAL_DRIVER -DSTM32G491xx -c -I../Core/Inc -I../Drivers/STM32G4xx_HAL_Driver/Inc -I../Drivers/STM32G4xx_HAL_Driver/Inc/Legacy -I../Drivers/CMSIS/Device/ST/STM32G4xx/Include -I../Drivers/CMSIS/Include -I"C:/Users/WINDOWS 11/Documents/Robotics-RunJ/bldc_driver/control/bldc_driver_controller_runj/Core/Libs" -O0 -ffunction-sections -fdata-sections -fno-exceptions -fno-rtti -fno-use-cxa-atexit -Wall -fstack-usage -fcyclomatic-complexity -MMD -MP -MF"Core/Libs/lowpass_filter.d" -MT"Core/Libs/lowpass_filter.o" --specs=nano.specs -mfpu=fpv4-sp-d16 -mfloat-abi=hard -mthumb -o "Core/Libs/lowpass_filter.o"
arm-none-eabi-g++ "../Core/Libs/motor_param.cpp" -mcpu=cortex-m4 -std=gnu++14 -g3 -DDEBUG -DUSE_HAL_DRIVER -DSTM32G491xx -c -I../Core/Inc -I../Drivers/STM32G4xx_HAL_Driver/Inc -I../Drivers/STM32G4xx_HAL_Driver/Inc/Legacy -I../Drivers/CMSIS/Device/ST/STM32G4xx/Include -I../Drivers/CMSIS/Include -I"C:/Users/WINDOWS 11/Documents/Robotics-RunJ/bldc_driver/control/bldc_driver_controller_runj/Core/Libs" -O0 -ffunction-sections -fdata-sections -fno-exceptions -fno-rtti -fno-use-cxa-atexit -Wall -fstack-usage -fcyclomatic-complexity -MMD -MP -MF"Core/Libs/motor_param.d" -MT"Core/Libs/motor_param.o" --specs=nano.specs -mfpu=fpv4-sp-d16 -mfloat-abi=hard -mthumb -o "Core/Libs/motor_param.o"
arm-none-eabi-g++ "../Core/Libs/pid.cpp" -mcpu=cortex-m4 -std=gnu++14 -g3 -DDEBUG -DUSE_HAL_DRIVER -DSTM32G491xx -c -I../Core/Inc -I../Drivers/STM32G4xx_HAL_Driver/Inc -I../Drivers/STM32G4xx_HAL_Driver/Inc/Legacy -I../Drivers/CMSIS/Device/ST/STM32G4xx/Include -I../Drivers/CMSIS/Include -I"C:/Users/WINDOWS 11/Documents/Robotics-RunJ/bldc_driver/control/bldc_driver_controller_runj/Core/Libs" -O0 -ffunction-sections -fdata-sections -fno-exceptions -fno-rtti -fno-use-cxa-atexit -Wall -fstack-usage -fcyclomatic-complexity -MMD -MP -MF"Core/Libs/pid.d" -MT"Core/Libs/pid.o" --specs=nano.specs -mfpu=fpv4-sp-d16 -mfloat-abi=hard -mthumb -o "Core/Libs/pid.o"
arm-none-eabi-g++ "../Core/Libs/pwm_drivers.cpp" -mcpu=cortex-m4 -std=gnu++14 -g3 -DDEBUG -DUSE_HAL_DRIVER -DSTM32G491xx -c -I../Core/Inc -I../Drivers/STM32G4xx_HAL_Driver/Inc -I../Drivers/STM32G4xx_HAL_Driver/Inc/Legacy -I../Drivers/CMSIS/Device/ST/STM32G4xx/Include -I../Drivers/CMSIS/Include -I"C:/Users/WINDOWS 11/Documents/Robotics-RunJ/bldc_driver/control/bldc_driver_controller_runj/Core/Libs" -O0 -ffunction-sections -fdata-sections -fno-exceptions -fno-rtti -fno-use-cxa-atexit -Wall -fstack-usage -fcyclomatic-complexity -MMD -MP -MF"Core/Libs/pwm_drivers.d" -MT"Core/Libs/pwm_drivers.o" --specs=nano.specs -mfpu=fpv4-sp-d16 -mfloat-abi=hard -mthumb -o "Core/Libs/pwm_drivers.o"
arm-none-eabi-g++ "../Core/Libs/simpleFOC.cpp" -mcpu=cortex-m4 -std=gnu++14 -g3 -DDEBUG -DUSE_HAL_DRIVER -DSTM32G491xx -c -I../Core/Inc -I../Drivers/STM32G4xx_HAL_Driver/Inc -I../Drivers/STM32G4xx_HAL_Driver/Inc/Legacy -I../Drivers/CMSIS/Device/ST/STM32G4xx/Include -I../Drivers/CMSIS/Include -I"C:/Users/WINDOWS 11/Documents/Robotics-RunJ/bldc_driver/control/bldc_driver_controller_runj/Core/Libs" -O0 -ffunction-sections -fdata-sections -fno-exceptions -fno-rtti -fno-use-cxa-atexit -Wall -fstack-usage -fcyclomatic-complexity -MMD -MP -MF"Core/Libs/simpleFOC.d" -MT"Core/Libs/simpleFOC.o" --specs=nano.specs -mfpu=fpv4-sp-d16 -mfloat-abi=hard -mthumb -o "Core/Libs/simpleFOC.o"
arm-none-eabi-g++ -o "bldc_driver_controller_runj.elf" @"objects.list"   -mcpu=cortex-m4 -T"C:\Users\WINDOWS 11\Documents\Robotics-RunJ\bldc_driver\control\bldc_driver_controller_runj\STM32G491KEUX_FLASH.ld" --specs=nosys.specs -Wl,-Map="bldc_driver_controller_runj.map" -Wl,--gc-sections -static --specs=nano.specs -mfpu=fpv4-sp-d16 -mfloat-abi=hard -mthumb -Wl,--start-group -lc -lm -lstdc++ -lsupc++ -Wl,--end-group
Finished building target: bldc_driver_controller_runj.elf
 
arm-none-eabi-size  bldc_driver_controller_runj.elf 
arm-none-eabi-objdump -h -S bldc_driver_controller_runj.elf  > "bldc_driver_controller_runj.list"
   text	   data	    bss	    dec	    hex	filename
  53156	    352	   3616	  57124	   df24	bldc_driver_controller_runj.elf
Finished building: default.size.stdout
 
Finished building: bldc_driver_controller_runj.list
 
