../Core/Src/main.cpp:104:5:int main()	8	static
../Core/Src/main.cpp:213:6:void SystemClock_Config()	88	static
../Core/Src/main.cpp:260:13:void MX_ADC1_Init()	56	static
../Core/Src/main.cpp:328:13:void MX_ADC2_Init()	40	static
../Core/Src/main.cpp:387:13:void MX_CORDIC_Init()	8	static
../Core/Src/main.cpp:413:13:void MX_CRC_Init()	8	static
../Core/Src/main.cpp:444:13:void MX_FDCAN1_Init()	8	static
../Core/Src/main.cpp:487:13:void MX_FMAC_Init()	8	static
../Core/Src/main.cpp:513:13:void MX_SPI1_Init()	8	static
../Core/Src/main.cpp:553:13:void MX_TIM1_Init()	120	static
../Core/Src/main.cpp:641:13:void MX_DMA_Init()	16	static
../Core/Src/main.cpp:663:13:void MX_GPIO_Init()	40	static
../Core/Src/main.cpp:700:22:void DWT_Init()	4	static
../Core/Src/main.cpp:704:26:uint32_t micros()	4	static
../Core/Src/main.cpp:714:6:void Error_Handler()	4	static,ignoring_inline_asm
../Core/Src/main.cpp:723:1:void __static_initialization_and_destruction_0(int, int)	16	static
../Core/Src/main.cpp:723:1:cpp)	8	static
../Core/Src/main.cpp:723:1:cpp)	8	static
