../Core/Src/main.cpp:100:6:void FDCAN1_Config()	32	static
../Core/Src/main.cpp:130:6:void HAL_FDCAN_RxFifo0Callback(FDCAN_HandleTypeDef*, uint32_t)	64	static
../Core/Src/main.cpp:171:5:int main()	8	static
../Core/Src/main.cpp:278:6:void SystemClock_Config()	88	static
../Core/Src/main.cpp:325:13:void MX_ADC1_Init()	56	static
../Core/Src/main.cpp:402:13:void MX_ADC2_Init()	40	static
../Core/Src/main.cpp:487:13:void MX_CRC_Init()	8	static
../Core/Src/main.cpp:518:13:void MX_FDCAN1_Init()	8	static
../Core/Src/main.cpp:561:13:void MX_FMAC_Init()	8	static
../Core/Src/main.cpp:587:13:void MX_SPI1_Init()	8	static
../Core/Src/main.cpp:627:13:void MX_TIM1_Init()	120	static
../Core/Src/main.cpp:727:13:void MX_TIM2_Init()	40	static
../Core/Src/main.cpp:770:13:void MX_DMA_Init()	16	static
../Core/Src/main.cpp:809:6:void DMA1_Channel1_IRQHandler()	8	static
../Core/Src/main.cpp:819:13:void MX_GPIO_Init()	40	static
../Core/Src/main.cpp:856:22:void DWT_Init()	4	static
../Core/Src/main.cpp:860:26:uint32_t micros()	4	static
../Core/Src/main.cpp:865:6:void HAL_TIM_PeriodElapsedCallback(TIM_HandleTypeDef*)	16	static
../Core/Src/main.cpp:881:6:void Error_Handler()	4	static,ignoring_inline_asm
../Core/Src/main.cpp:890:1:void __static_initialization_and_destruction_0(int, int)	16	static
../Core/Src/main.cpp:890:1:cpp)	8	static
../Core/Src/main.cpp:890:1:cpp)	8	static
