Archive member included to satisfy reference by file (symbol)

c:/st/stm32cubeide_1.8.0/stm32cubeide/plugins/com.st.stm32cube.ide.mcu.externaltools.gnu-tools-for-stm32.10.3-2021.10.win32_1.0.0.202111181127/tools/bin/../lib/gcc/arm-none-eabi/10.3.1/../../../../arm-none-eabi/lib/thumb/v7e-m+fp/hard\libc_nano.a(lib_a-errno.o)
                              ./Core/Src/syscalls.o (__errno)
c:/st/stm32cubeide_1.8.0/stm32cubeide/plugins/com.st.stm32cube.ide.mcu.externaltools.gnu-tools-for-stm32.10.3-2021.10.win32_1.0.0.202111181127/tools/bin/../lib/gcc/arm-none-eabi/10.3.1/../../../../arm-none-eabi/lib/thumb/v7e-m+fp/hard\libc_nano.a(lib_a-exit.o)
                              c:/st/stm32cubeide_1.8.0/stm32cubeide/plugins/com.st.stm32cube.ide.mcu.externaltools.gnu-tools-for-stm32.10.3-2021.10.win32_1.0.0.202111181127/tools/bin/../lib/gcc/arm-none-eabi/10.3.1/../../../../arm-none-eabi/lib/thumb/v7e-m+fp/hard/crt0.o (exit)
c:/st/stm32cubeide_1.8.0/stm32cubeide/plugins/com.st.stm32cube.ide.mcu.externaltools.gnu-tools-for-stm32.10.3-2021.10.win32_1.0.0.202111181127/tools/bin/../lib/gcc/arm-none-eabi/10.3.1/../../../../arm-none-eabi/lib/thumb/v7e-m+fp/hard\libc_nano.a(lib_a-impure.o)
                              c:/st/stm32cubeide_1.8.0/stm32cubeide/plugins/com.st.stm32cube.ide.mcu.externaltools.gnu-tools-for-stm32.10.3-2021.10.win32_1.0.0.202111181127/tools/bin/../lib/gcc/arm-none-eabi/10.3.1/../../../../arm-none-eabi/lib/thumb/v7e-m+fp/hard\libc_nano.a(lib_a-exit.o) (_global_impure_ptr)
c:/st/stm32cubeide_1.8.0/stm32cubeide/plugins/com.st.stm32cube.ide.mcu.externaltools.gnu-tools-for-stm32.10.3-2021.10.win32_1.0.0.202111181127/tools/bin/../lib/gcc/arm-none-eabi/10.3.1/../../../../arm-none-eabi/lib/thumb/v7e-m+fp/hard\libc_nano.a(lib_a-init.o)
                              c:/st/stm32cubeide_1.8.0/stm32cubeide/plugins/com.st.stm32cube.ide.mcu.externaltools.gnu-tools-for-stm32.10.3-2021.10.win32_1.0.0.202111181127/tools/bin/../lib/gcc/arm-none-eabi/10.3.1/../../../../arm-none-eabi/lib/thumb/v7e-m+fp/hard/crt0.o (__libc_init_array)
c:/st/stm32cubeide_1.8.0/stm32cubeide/plugins/com.st.stm32cube.ide.mcu.externaltools.gnu-tools-for-stm32.10.3-2021.10.win32_1.0.0.202111181127/tools/bin/../lib/gcc/arm-none-eabi/10.3.1/../../../../arm-none-eabi/lib/thumb/v7e-m+fp/hard\libc_nano.a(lib_a-memcpy-stub.o)
                              ./Core/Src/main.o (memcpy)
c:/st/stm32cubeide_1.8.0/stm32cubeide/plugins/com.st.stm32cube.ide.mcu.externaltools.gnu-tools-for-stm32.10.3-2021.10.win32_1.0.0.202111181127/tools/bin/../lib/gcc/arm-none-eabi/10.3.1/../../../../arm-none-eabi/lib/thumb/v7e-m+fp/hard\libc_nano.a(lib_a-memset.o)
                              c:/st/stm32cubeide_1.8.0/stm32cubeide/plugins/com.st.stm32cube.ide.mcu.externaltools.gnu-tools-for-stm32.10.3-2021.10.win32_1.0.0.202111181127/tools/bin/../lib/gcc/arm-none-eabi/10.3.1/../../../../arm-none-eabi/lib/thumb/v7e-m+fp/hard/crt0.o (memset)
c:/st/stm32cubeide_1.8.0/stm32cubeide/plugins/com.st.stm32cube.ide.mcu.externaltools.gnu-tools-for-stm32.10.3-2021.10.win32_1.0.0.202111181127/tools/bin/../lib/gcc/arm-none-eabi/10.3.1/../../../../arm-none-eabi/lib/thumb/v7e-m+fp/hard\libm.a(lib_a-w_fmod.o)
                              ./Core/Src/main.o (fmod)
c:/st/stm32cubeide_1.8.0/stm32cubeide/plugins/com.st.stm32cube.ide.mcu.externaltools.gnu-tools-for-stm32.10.3-2021.10.win32_1.0.0.202111181127/tools/bin/../lib/gcc/arm-none-eabi/10.3.1/../../../../arm-none-eabi/lib/thumb/v7e-m+fp/hard\libm.a(lib_a-w_pow.o)
                              ./Core/Src/main.o (pow)
c:/st/stm32cubeide_1.8.0/stm32cubeide/plugins/com.st.stm32cube.ide.mcu.externaltools.gnu-tools-for-stm32.10.3-2021.10.win32_1.0.0.202111181127/tools/bin/../lib/gcc/arm-none-eabi/10.3.1/../../../../arm-none-eabi/lib/thumb/v7e-m+fp/hard\libm.a(lib_a-wf_exp.o)
                              ./Core/Src/main.o (expf)
c:/st/stm32cubeide_1.8.0/stm32cubeide/plugins/com.st.stm32cube.ide.mcu.externaltools.gnu-tools-for-stm32.10.3-2021.10.win32_1.0.0.202111181127/tools/bin/../lib/gcc/arm-none-eabi/10.3.1/../../../../arm-none-eabi/lib/thumb/v7e-m+fp/hard\libm.a(lib_a-e_fmod.o)
                              c:/st/stm32cubeide_1.8.0/stm32cubeide/plugins/com.st.stm32cube.ide.mcu.externaltools.gnu-tools-for-stm32.10.3-2021.10.win32_1.0.0.202111181127/tools/bin/../lib/gcc/arm-none-eabi/10.3.1/../../../../arm-none-eabi/lib/thumb/v7e-m+fp/hard\libm.a(lib_a-w_fmod.o) (__ieee754_fmod)
c:/st/stm32cubeide_1.8.0/stm32cubeide/plugins/com.st.stm32cube.ide.mcu.externaltools.gnu-tools-for-stm32.10.3-2021.10.win32_1.0.0.202111181127/tools/bin/../lib/gcc/arm-none-eabi/10.3.1/../../../../arm-none-eabi/lib/thumb/v7e-m+fp/hard\libm.a(lib_a-e_pow.o)
                              c:/st/stm32cubeide_1.8.0/stm32cubeide/plugins/com.st.stm32cube.ide.mcu.externaltools.gnu-tools-for-stm32.10.3-2021.10.win32_1.0.0.202111181127/tools/bin/../lib/gcc/arm-none-eabi/10.3.1/../../../../arm-none-eabi/lib/thumb/v7e-m+fp/hard\libm.a(lib_a-w_pow.o) (__ieee754_pow)
[...]
Memory Configuration

Name             Origin             Length             Attributes
RAM              0x0000000020000000 0x000000000001c000 xrw
FLASH            0x0000000008000000 0x0000000000080000 xr
*default*        0x0000000000000000 0xffffffffffffffff

Linker script and memory map

LOAD c:/st/stm32cubeide_1.8.0/stm32cubeide/plugins/com.st.stm32cube.ide.mcu.externaltools.gnu-tools-for-stm32.10.3-2021.10.win32_1.0.0.202111181127/tools/bin/../lib/gcc/arm-none-eabi/10.3.1/thumb/v7e-m+fp/hard/crti.o
LOAD c:/st/stm32cubeide_1.8.0/stm32cubeide/plugins/com.st.stm32cube.ide.mcu.externaltools.gnu-tools-for-stm32.10.3-2021.10.win32_1.0.0.202111181127/tools/bin/../lib/gcc/arm-none-eabi/10.3.1/thumb/v7e-m+fp/hard/crtbegin.o
LOAD c:/st/stm32cubeide_1.8.0/stm32cubeide/plugins/com.st.stm32cube.ide.mcu.externaltools.gnu-tools-for-stm32.10.3-2021.10.win32_1.0.0.202111181127/tools/bin/../lib/gcc/arm-none-eabi/10.3.1/../../../../arm-none-eabi/lib/thumb/v7e-m+fp/hard/crt0.o
LOAD ./Core/Src/main.o
LOAD ./Core/Src/stm32g4xx_hal_msp.o
LOAD ./Core/Src/stm32g4xx_it.o
LOAD ./Core/Src/syscalls.o
LOAD ./Core/Src/sysmem.o
LOAD ./Core/Src/system_stm32g4xx.o
LOAD ./Core/Startup/startup_stm32g491keux.o
LOAD ./Drivers/STM32G4xx_HAL_Driver/Src/stm32g4xx_hal.o
LOAD ./Drivers/STM32G4xx_HAL_Driver/Src/stm32g4xx_hal_adc.o
LOAD ./Drivers/STM32G4xx_HAL_Driver/Src/stm32g4xx_hal_adc_ex.o
LOAD ./Drivers/STM32G4xx_HAL_Driver/Src/stm32g4xx_hal_cordic.o
LOAD ./Drivers/STM32G4xx_HAL_Driver/Src/stm32g4xx_hal_cortex.o
LOAD ./Drivers/STM32G4xx_HAL_Driver/Src/stm32g4xx_hal_crc.o
LOAD ./Drivers/STM32G4xx_HAL_Driver/Src/stm32g4xx_hal_crc_ex.o
LOAD ./Drivers/STM32G4xx_HAL_Driver/Src/stm32g4xx_hal_dma.o
LOAD ./Drivers/STM32G4xx_HAL_Driver/Src/stm32g4xx_hal_dma_ex.o
LOAD ./Drivers/STM32G4xx_HAL_Driver/Src/stm32g4xx_hal_exti.o
LOAD ./Drivers/STM32G4xx_HAL_Driver/Src/stm32g4xx_hal_fdcan.o
LOAD ./Drivers/STM32G4xx_HAL_Driver/Src/stm32g4xx_hal_flash.o
LOAD ./Drivers/STM32G4xx_HAL_Driver/Src/stm32g4xx_hal_flash_ex.o
LOAD ./Drivers/STM32G4xx_HAL_Driver/Src/stm32g4xx_hal_flash_ramfunc.o
LOAD ./Drivers/STM32G4xx_HAL_Driver/Src/stm32g4xx_hal_fmac.o
LOAD ./Drivers/STM32G4xx_HAL_Driver/Src/stm32g4xx_hal_gpio.o
LOAD ./Drivers/STM32G4xx_HAL_Driver/Src/stm32g4xx_hal_pwr.o
LOAD ./Drivers/STM32G4xx_HAL_Driver/Src/stm32g4xx_hal_pwr_ex.o
LOAD ./Drivers/STM32G4xx_HAL_Driver/Src/stm32g4xx_hal_rcc.o
LOAD ./Drivers/STM32G4xx_HAL_Driver/Src/stm32g4xx_hal_rcc_ex.o
LOAD ./Drivers/STM32G4xx_HAL_Driver/Src/stm32g4xx_hal_spi.o
LOAD ./Drivers/STM32G4xx_HAL_Driver/Src/stm32g4xx_hal_spi_ex.o
LOAD ./Drivers/STM32G4xx_HAL_Driver/Src/stm32g4xx_hal_tim.o
LOAD ./Drivers/STM32G4xx_HAL_Driver/Src/stm32g4xx_hal_tim_ex.o
LOAD ./Drivers/STM32G4xx_HAL_Driver/Src/stm32g4xx_ll_adc.o
START GROUP
LOAD c:/st/stm32cubeide_1.8.0/stm32cubeide/plugins/com.st.stm32cube.ide.mcu.externaltools.gnu-tools-for-stm32.10.3-2021.10.win32_1.0.0.202111181127/tools/bin/../lib/gcc/arm-none-eabi/10.3.1/../../../../arm-none-eabi/lib/thumb/v7e-m+fp/hard\libc_nano.a
LOAD c:/st/stm32cubeide_1.8.0/stm32cubeide/plugins/com.st.stm32cube.ide.mcu.externaltools.gnu-tools-for-stm32.10.3-2021.10.win32_1.0.0.202111181127/tools/bin/../lib/gcc/arm-none-eabi/10.3.1/../../../../arm-none-eabi/lib/thumb/v7e-m+fp/hard\libm.a
END GROUP
START GROUP
LOAD c:/st/stm32cubeide_1.8.0/stm32cubeide/plugins/com.st.stm32cube.ide.mcu.externaltools.gnu-tools-for-stm32.10.3-2021.10.win32_1.0.0.202111181127/tools/bin/../lib/gcc/arm-none-eabi/10.3.1/thumb/v7e-m+fp/hard\libgcc.a
LOAD c:/st/stm32cubeide_1.8.0/stm32cubeide/plugins/com.st.stm32cube.ide.mcu.externaltools.gnu-tools-for-stm32.10.3-2021.10.win32_1.0.0.202111181127/tools/bin/../lib/gcc/arm-none-eabi/10.3.1/../../../../arm-none-eabi/lib/thumb/v7e-m+fp/hard\libc_nano.a
END GROUP
START GROUP
LOAD c:/st/stm32cubeide_1.8.0/stm32cubeide/plugins/com.st.stm32cube.ide.mcu.externaltools.gnu-tools-for-stm32.10.3-2021.10.win32_1.0.0.202111181127/tools/bin/../lib/gcc/arm-none-eabi/10.3.1/thumb/v7e-m+fp/hard\libgcc.a
LOAD c:/st/stm32cubeide_1.8.0/stm32cubeide/plugins/com.st.stm32cube.ide.mcu.externaltools.gnu-tools-for-stm32.10.3-2021.10.win32_1.0.0.202111181127/tools/bin/../lib/gcc/arm-none-eabi/10.3.1/../../../../arm-none-eabi/lib/thumb/v7e-m+fp/hard\libc_nano.a
LOAD c:/st/stm32cubeide_1.8.0/stm32cubeide/plugins/com.st.stm32cube.ide.mcu.externaltools.gnu-tools-for-stm32.10.3-2021.10.win32_1.0.0.202111181127/tools/bin/../lib/gcc/arm-none-eabi/10.3.1/../../../../arm-none-eabi/lib/thumb/v7e-m+fp/hard\libnosys.a
END GROUP
START GROUP
LOAD c:/st/stm32cubeide_1.8.0/stm32cubeide/plugins/com.st.stm32cube.ide.mcu.externaltools.gnu-tools-for-stm32.10.3-2021.10.win32_1.0.0.202111181127/tools/bin/../lib/gcc/arm-none-eabi/10.3.1/thumb/v7e-m+fp/hard\libgcc.a
LOAD c:/st/stm32cubeide_1.8.0/stm32cubeide/plugins/com.st.stm32cube.ide.mcu.externaltools.gnu-tools-for-stm32.10.3-2021.10.win32_1.0.0.202111181127/tools/bin/../lib/gcc/arm-none-eabi/10.3.1/../../../../arm-none-eabi/lib/thumb/v7e-m+fp/hard\libc_nano.a
LOAD c:/st/stm32cubeide_1.8.0/stm32cubeide/plugins/com.st.stm32cube.ide.mcu.externaltools.gnu-tools-for-stm32.10.3-2021.10.win32_1.0.0.202111181127/tools/bin/../lib/gcc/arm-none-eabi/10.3.1/../../../../arm-none-eabi/lib/thumb/v7e-m+fp/hard\libnosys.a
END GROUP
LOAD c:/st/stm32cubeide_1.8.0/stm32cubeide/plugins/com.st.stm32cube.ide.mcu.externaltools.gnu-tools-for-stm32.10.3-2021.10.win32_1.0.0.202111181127/tools/bin/../lib/gcc/arm-none-eabi/10.3.1/thumb/v7e-m+fp/hard/crtend.o
LOAD c:/st/stm32cubeide_1.8.0/stm32cubeide/plugins/com.st.stm32cube.ide.mcu.externaltools.gnu-tools-for-stm32.10.3-2021.10.win32_1.0.0.202111181127/tools/bin/../lib/gcc/arm-none-eabi/10.3.1/thumb/v7e-m+fp/hard/crtn.o
                0x000000002001c000                _estack = (ORIGIN (RAM) + LENGTH (RAM))
                0x0000000000000200                _Min_Heap_Size = 0x200
                0x0000000000000400                _Min_Stack_Size = 0x400

.isr_vector     0x0000000008000000      0x1d8
                0x0000000008000000                . = ALIGN (0x4)
 *(.isr_vector)
 .isr_vector    0x0000000008000000      0x1d8 ./Core/Startup/startup_stm32g491keux.o
                0x0000000008000000                g_pfnVectors
                0x00000000080001d8                . = ALIGN (0x4)

.text           0x00000000080001d8     0xbf18
                0x00000000080001d8                . = ALIGN (0x4)
 *(.text)
 .text          0x00000000080001d8       0x40 c:/st/stm32cubeide_1.8.0/stm32cubeide/plugins/com.st.stm32cube.ide.mcu.externaltools.gnu-tools-for-stm32.10.3-2021.10.win32_1.0.0.202111181127/tools/bin/../lib/gcc/arm-none-eabi/10.3.1/thumb/v7e-m+fp/hard/crtbegin.o
 .text          0x0000000008000218      0x378 c:/st/stm32cubeide_1.8.0/stm32cubeide/plugins/com.st.stm32cube.ide.mcu.externaltools.gnu-tools-for-stm32.10.3-2021.10.win32_1.0.0.202111181127/tools/bin/../lib/gcc/arm-none-eabi/10.3.1/thumb/v7e-m+fp/hard\libgcc.a(_arm_addsubdf3.o)
                0x0000000008000218                __aeabi_drsub
                0x0000000008000220                __aeabi_dsub
                0x0000000008000220                __subdf3
                0x0000000008000224                __aeabi_dadd
                0x0000000008000224                __adddf3
                0x000000000800049c                __floatunsidf
                0x000000000800049c                __aeabi_ui2d
                0x00000000080004bc                __floatsidf
                0x00000000080004bc                __aeabi_i2d
                0x00000000080004e0                __aeabi_f2d
                0x00000000080004e0                __extendsfdf2
                0x0000000008000524                __floatundidf
                0x0000000008000524                __aeabi_ul2d
                0x0000000008000534                __floatdidf
                0x0000000008000534                __aeabi_l2d
 .text          0x0000000008000590      0x424 c:/st/stm32cubeide_1.8.0/stm32cubeide/plugins/com.st.stm32cube.ide.mcu.externaltools.gnu-tools-for-stm32.10.3-2021.10.win32_1.0.0.202111181127/tools/bin/../lib/gcc/arm-none-eabi/10.3.1/thumb/v7e-m+fp/hard\libgcc.a(_arm_muldivdf3.o)
                0x0000000008000590                __aeabi_dmul
                0x0000000008000590                __muldf3
                0x00000000080007e4                __divdf3
                0x00000000080007e4                __aeabi_ddiv
 .text          0x00000000080009b4      0x110 c:/st/stm32cubeide_1.8.0/stm32cubeide/plugins/com.st.stm32cube.ide.mcu.externaltools.gnu-tools-for-stm32.10.3-2021.10.win32_1.0.0.202111181127/tools/bin/../lib/gcc/arm-none-eabi/10.3.1/thumb/v7e-m+fp/hard\libgcc.a(_arm_cmpdf2.o)
                0x00000000080009b4                __gtdf2
                0x00000000080009b4                __gedf2
                0x00000000080009bc                __ltdf2
                0x00000000080009bc                __ledf2
                0x00000000080009c4                __nedf2
                0x00000000080009c4                __eqdf2
                0x00000000080009c4                __cmpdf2
                0x0000000008000a40                __aeabi_cdrcmple
                0x0000000008000a50                __aeabi_cdcmpeq
                0x0000000008000a50                __aeabi_cdcmple
                0x0000000008000a60                __aeabi_dcmpeq
                0x0000000008000a74                __aeabi_dcmplt
                0x0000000008000a88                __aeabi_dcmple
                0x0000000008000a9c                __aeabi_dcmpge
                0x0000000008000ab0                __aeabi_dcmpgt
 .text          0x0000000008000ac4       0x2c c:/st/stm32cubeide_1.8.0/stm32cubeide/plugins/com.st.stm32cube.ide.mcu.externaltools.gnu-tools-for-stm32.10.3-2021.10.win32_1.0.0.202111181127/tools/bin/../lib/gcc/arm-none-eabi/10.3.1/thumb/v7e-m+fp/hard\libgcc.a(_arm_unorddf2.o)
                0x0000000008000ac4                __unorddf2
                0x0000000008000ac4                __aeabi_dcmpun
 .text          0x0000000008000af0       0x50 c:/st/stm32cubeide_1.8.0/stm32cubeide/plugins/com.st.stm32cube.ide.mcu.externaltools.gnu-tools-for-stm32.10.3-2021.10.win32_1.0.0.202111181127/tools/bin/../lib/gcc/arm-none-eabi/10.3.1/thumb/v7e-m+fp/hard\libgcc.a(_arm_fixdfsi.o)
                0x0000000008000af0                __aeabi_d2iz
                0x0000000008000af0                __fixdfsi
 .text          0x0000000008000b40       0xa0 c:/st/stm32cubeide_1.8.0/stm32cubeide/plugins/com.st.stm32cube.ide.mcu.externaltools.gnu-tools-for-stm32.10.3-2021.10.win32_1.0.0.202111181127/tools/bin/../lib/gcc/arm-none-eabi/10.3.1/thumb/v7e-m+fp/hard\libgcc.a(_arm_truncdfsf2.o)
                0x0000000008000b40                __truncdfsf2
                0x0000000008000b40                __aeabi_d2f
 .text          0x0000000008000be0      0x21c c:/st/stm32cubeide_1.8.0/stm32cubeide/plugins/com.st.stm32cube.ide.mcu.externaltools.gnu-tools-for-stm32.10.3-2021.10.win32_1.0.0.202111181127/tools/bin/../lib/gcc/arm-none-eabi/10.3.1/thumb/v7e-m+fp/hard\libgcc.a(_arm_addsubsf3.o)
                0x0000000008000be0                __aeabi_frsub
                0x0000000008000be8                __subsf3
                0x0000000008000be8                __aeabi_fsub
                0x0000000008000bec                __aeabi_fadd
                0x0000000008000bec                __addsf3
                0x0000000008000d4c                __aeabi_ui2f
                0x0000000008000d4c                __floatunsisf
                0x0000000008000d54                __aeabi_i2f
                0x0000000008000d54                __floatsisf
                0x0000000008000d70                __aeabi_ul2f
                0x0000000008000d70                __floatundisf
                0x0000000008000d80                __aeabi_l2f
                0x0000000008000d80                __floatdisf
 *(.text*)
 *fill*         0x0000000008000dfc        0x4 
 .text.main     0x0000000008000e00      0x3c4 ./Core/Src/main.o
                0x0000000008000e00                main
 .text.SystemClock_Config
                0x00000000080011c4       0x96 ./Core/Src/main.o
                0x00000000080011c4                SystemClock_Config
 *fill*         0x000000000800125a        0x2 
 .text.MX_ADC1_Init
                0x000000000800125c       0xf0 ./Core/Src/main.o
 .text.MX_ADC2_Init
                0x000000000800134c       0xcc ./Core/Src/main.o
 .text.MX_CORDIC_Init
                0x0000000008001418       0x28 ./Core/Src/main.o
 .text.MX_CRC_Init
                0x0000000008001440       0x44 ./Core/Src/main.o
 .text.MX_FDCAN1_Init
                0x0000000008001484      0x110 ./Core/Src/main.o
 .text.MX_FMAC_Init
                0x0000000008001594       0x28 ./Core/Src/main.o
 .text.MX_SPI1_Init
                0x00000000080015bc       0x7c ./Core/Src/main.o
 .text.MX_TIM1_Init
                0x0000000008001638      0x190 ./Core/Src/main.o
 .text.MX_DMA_Init
                0x00000000080017c8       0x64 ./Core/Src/main.o
 .text.MX_GPIO_Init
                0x000000000800182c       0xe4 ./Core/Src/main.o
 .text.DWT_Init
                0x0000000008001910       0x30 ./Core/Src/main.o
 .text.micros   0x0000000008001940       0x30 ./Core/Src/main.o
 .text.initCurrentsense
                0x0000000008001970       0x44 ./Core/Src/main.o
                0x0000000008001970                initCurrentsense
 .text.calibrateOffsets
                0x00000000080019b4       0xec ./Core/Src/main.o
                0x00000000080019b4                calibrateOffsets
 .text.getPhaseCurrents
                0x0000000008001aa0      0x13c ./Core/Src/main.o
                0x0000000008001aa0                getPhaseCurrents
 *fill*         0x0000000008001bdc        0x4 
 .text.getFOCCurrents
                0x0000000008001be0      0x110 ./Core/Src/main.o
                0x0000000008001be0                getFOCCurrents
 .text._sin     0x0000000008001cf0      0x2bc ./Core/Src/main.o
                0x0000000008001cf0                _sin
 *fill*         0x0000000008001fac        0x4 
 .text._cos     0x0000000008001fb0       0x90 ./Core/Src/main.o
                0x0000000008001fb0                _cos
 .text._normalizeAngle
                0x0000000008002040       0x78 ./Core/Src/main.o
                0x0000000008002040                _normalizeAngle
 .text._electricalAngle
                0x00000000080020b8       0x2c ./Core/Src/main.o
                0x00000000080020b8                _electricalAngle
 .text._sqrtApprox
                0x00000000080020e4       0x48 ./Core/Src/main.o
                0x00000000080020e4                _sqrtApprox
 *fill*         0x000000000800212c        0x4 
 .text.MagneticSensorSPI_init
                0x0000000008002130       0xa0 ./Core/Src/main.o
                0x0000000008002130                MagneticSensorSPI_init
 .text.spiCalcEvenParity
                0x00000000080021d0       0x4a ./Core/Src/main.o
                0x00000000080021d0                spiCalcEvenParity
 *fill*         0x000000000800221a        0x2 
 .text.read     0x000000000800221c       0xe8 ./Core/Src/main.o
                0x000000000800221c                read
 .text.getRawCount
                0x0000000008002304       0x1c ./Core/Src/main.o
                0x0000000008002304                getRawCount
 .text.getSensorAngle
                0x0000000008002320       0x54 ./Core/Src/main.o
                0x0000000008002320                getSensorAngle
 .text.Sensor_init
                0x0000000008002374       0x5c ./Core/Src/main.o
                0x0000000008002374                Sensor_init
 .text.updateSensor
                0x00000000080023d0       0x7c ./Core/Src/main.o
                0x00000000080023d0                updateSensor
 .text.getMechanicalAngle
                0x000000000800244c       0x1c ./Core/Src/main.o
                0x000000000800244c                getMechanicalAngle
 .text.getAngle
                0x0000000008002468       0x68 ./Core/Src/main.o
                0x0000000008002468                getAngle
 .text.getvelocity
                0x00000000080024d0      0x138 ./Core/Src/main.o
                0x00000000080024d0                getvelocity
 .text.getacceleration
                0x0000000008002608      0x110 ./Core/Src/main.o
                0x0000000008002608                getacceleration
 .text.shaftAngle
                0x0000000008002718       0x74 ./Core/Src/main.o
                0x0000000008002718                shaftAngle
 .text.shaftVelocity
                0x000000000800278c       0x64 ./Core/Src/main.o
                0x000000000800278c                shaftVelocity
 .text.shaftAcceleration
                0x00000000080027f0       0x64 ./Core/Src/main.o
                0x00000000080027f0                shaftAcceleration
 .text.electricalAngle
                0x0000000008002854       0x58 ./Core/Src/main.o
                0x0000000008002854                electricalAngle
 .text.adaptiveZero
                0x00000000080028ac       0xac ./Core/Src/main.o
                0x00000000080028ac                adaptiveZero
 .text.writeDutyCycle3PWM
                0x0000000008002958       0x74 ./Core/Src/main.o
                0x0000000008002958                writeDutyCycle3PWM
 *fill*         0x00000000080029cc        0x4 
 .text.setPhaseVoltage
                0x00000000080029d0      0x34c ./Core/Src/main.o
                0x00000000080029d0                setPhaseVoltage
 .text.needsSearch
                0x0000000008002d1c       0x10 ./Core/Src/main.o
                0x0000000008002d1c                needsSearch
 *fill*         0x0000000008002d2c        0x4 
 .text.absoluteZeroSearch
                0x0000000008002d30       0xb4 ./Core/Src/main.o
                0x0000000008002d30                absoluteZeroSearch
 *fill*         0x0000000008002de4        0x4 
 .text.alignSensor
                0x0000000008002de8      0x36c ./Core/Src/main.o
                0x0000000008002de8                alignSensor
 .text.initGain
                0x0000000008003154      0x468 ./Core/Src/main.o
                0x0000000008003154                initGain
 .text.initFOC  0x00000000080035bc       0x70 ./Core/Src/main.o
                0x00000000080035bc                initFOC
 .text.loopFOC  0x000000000800362c      0x1e0 ./Core/Src/main.o
                0x000000000800362c                loopFOC
 .text.LowPassFilter
                0x000000000800380c       0xec ./Core/Src/main.o
                0x000000000800380c                LowPassFilter
 .text.PID      0x00000000080038f8      0x218 ./Core/Src/main.o
                0x00000000080038f8                PID
 .text.SMC_V    0x0000000008003b10      0x3f0 ./Core/Src/main.o
                0x0000000008003b10                SMC_V
 .text.SMC_angle
                0x0000000008003f00      0x1ac ./Core/Src/main.o
                0x0000000008003f00                SMC_angle
 *fill*         0x00000000080040ac        0x4 
 .text.fusion_V
                0x00000000080040b0      0x5d8 ./Core/Src/main.o
                0x00000000080040b0                fusion_V
 .text.fusion_angle
                0x0000000008004688      0x1ac ./Core/Src/main.o
                0x0000000008004688                fusion_angle
 .text.move_angle
                0x0000000008004834      0x128 ./Core/Src/main.o
                0x0000000008004834                move_angle
 *fill*         0x000000000800495c        0x4 
 .text.angleOpenloop
                0x0000000008004960      0x198 ./Core/Src/main.o
                0x0000000008004960                angleOpenloop
 .text.Error_Handler
                0x0000000008004af8        0xa ./Core/Src/main.o
                0x0000000008004af8                Error_Handler
 *fill*         0x0000000008004b02        0x2 
 .text.HAL_MspInit
                0x0000000008004b04       0x48 ./Core/Src/stm32g4xx_hal_msp.o
                0x0000000008004b04                HAL_MspInit
 .text.HAL_ADC_MspInit
                0x0000000008004b4c      0x204 ./Core/Src/stm32g4xx_hal_msp.o
                0x0000000008004b4c                HAL_ADC_MspInit
 .text.HAL_CORDIC_MspInit
                0x0000000008004d50       0x40 ./Core/Src/stm32g4xx_hal_msp.o
                0x0000000008004d50                HAL_CORDIC_MspInit
 .text.HAL_CRC_MspInit
                0x0000000008004d90       0x40 ./Core/Src/stm32g4xx_hal_msp.o
                0x0000000008004d90                HAL_CRC_MspInit
 .text.HAL_FDCAN_MspInit
                0x0000000008004dd0       0xc4 ./Core/Src/stm32g4xx_hal_msp.o
                0x0000000008004dd0                HAL_FDCAN_MspInit
 .text.HAL_FMAC_MspInit
                0x0000000008004e94       0x40 ./Core/Src/stm32g4xx_hal_msp.o
                0x0000000008004e94                HAL_FMAC_MspInit
 .text.HAL_SPI_MspInit
                0x0000000008004ed4       0x84 ./Core/Src/stm32g4xx_hal_msp.o
                0x0000000008004ed4                HAL_SPI_MspInit
 .text.HAL_TIM_Base_MspInit
                0x0000000008004f58       0x4c ./Core/Src/stm32g4xx_hal_msp.o
                0x0000000008004f58                HAL_TIM_Base_MspInit
 .text.HAL_TIM_MspPostInit
                0x0000000008004fa4       0x70 ./Core/Src/stm32g4xx_hal_msp.o
                0x0000000008004fa4                HAL_TIM_MspPostInit
 .text.NMI_Handler
                0x0000000008005014        0x6 ./Core/Src/stm32g4xx_it.o
                0x0000000008005014                NMI_Handler
 .text.HardFault_Handler
                0x000000000800501a        0x6 ./Core/Src/stm32g4xx_it.o
                0x000000000800501a                HardFault_Handler
 .text.MemManage_Handler
                0x0000000008005020        0x6 ./Core/Src/stm32g4xx_it.o
                0x0000000008005020                MemManage_Handler
 .text.BusFault_Handler
                0x0000000008005026        0x6 ./Core/Src/stm32g4xx_it.o
                0x0000000008005026                BusFault_Handler
 .text.UsageFault_Handler
                0x000000000800502c        0x6 ./Core/Src/stm32g4xx_it.o
                0x000000000800502c                UsageFault_Handler
 .text.SVC_Handler
                0x0000000008005032        0xe ./Core/Src/stm32g4xx_it.o
                0x0000000008005032                SVC_Handler
 .text.DebugMon_Handler
                0x0000000008005040        0xe ./Core/Src/stm32g4xx_it.o
                0x0000000008005040                DebugMon_Handler
 .text.PendSV_Handler
                0x000000000800504e        0xe ./Core/Src/stm32g4xx_it.o
                0x000000000800504e                PendSV_Handler
 .text.SysTick_Handler
                0x000000000800505c        0xc ./Core/Src/stm32g4xx_it.o
                0x000000000800505c                SysTick_Handler
 .text.DMA1_Channel1_IRQHandler
                0x0000000008005068       0x14 ./Core/Src/stm32g4xx_it.o
                0x0000000008005068                DMA1_Channel1_IRQHandler
 .text.DMA1_Channel2_IRQHandler
                0x000000000800507c       0x14 ./Core/Src/stm32g4xx_it.o
                0x000000000800507c                DMA1_Channel2_IRQHandler
 .text.FDCAN1_IT0_IRQHandler
                0x0000000008005090       0x14 ./Core/Src/stm32g4xx_it.o
                0x0000000008005090                FDCAN1_IT0_IRQHandler
 .text.TIM1_UP_TIM16_IRQHandler
                0x00000000080050a4       0x14 ./Core/Src/stm32g4xx_it.o
                0x00000000080050a4                TIM1_UP_TIM16_IRQHandler
 .text.SystemInit
                0x00000000080050b8       0x24 ./Core/Src/system_stm32g4xx.o
                0x00000000080050b8                SystemInit
 .text.Reset_Handler
                0x00000000080050dc       0x50 ./Core/Startup/startup_stm32g491keux.o
                0x00000000080050dc                Reset_Handler
 .text.Default_Handler
                0x000000000800512c        0x2 ./Core/Startup/startup_stm32g491keux.o
                0x000000000800512c                RTC_Alarm_IRQHandler
                0x000000000800512c                EXTI2_IRQHandler
                0x000000000800512c                TIM8_TRG_COM_IRQHandler
                0x000000000800512c                TIM8_CC_IRQHandler
                0x000000000800512c                TIM1_CC_IRQHandler
                0x000000000800512c                USB_HP_IRQHandler
                0x000000000800512c                CORDIC_IRQHandler
                0x000000000800512c                DMA2_Channel8_IRQHandler
                0x000000000800512c                EXTI3_IRQHandler
                0x000000000800512c                I2C3_ER_IRQHandler
                0x000000000800512c                EXTI0_IRQHandler
                0x000000000800512c                I2C2_EV_IRQHandler
                0x000000000800512c                FPU_IRQHandler
                0x000000000800512c                FDCAN1_IT1_IRQHandler
                0x000000000800512c                ADC1_2_IRQHandler
                0x000000000800512c                SPI1_IRQHandler
                0x000000000800512c                TIM6_DAC_IRQHandler
                0x000000000800512c                TIM8_UP_IRQHandler
                0x000000000800512c                DMA2_Channel2_IRQHandler
                0x000000000800512c                DMA1_Channel4_IRQHandler
                0x000000000800512c                TIM20_TRG_COM_IRQHandler
                0x000000000800512c                USART3_IRQHandler
                0x000000000800512c                DMA1_Channel7_IRQHandler
                0x000000000800512c                UART5_IRQHandler
                0x000000000800512c                ADC3_IRQHandler
                0x000000000800512c                TIM4_IRQHandler
                0x000000000800512c                DMA2_Channel1_IRQHandler
                0x000000000800512c                QUADSPI_IRQHandler
                0x000000000800512c                I2C1_EV_IRQHandler
                0x000000000800512c                DMA1_Channel6_IRQHandler
                0x000000000800512c                UART4_IRQHandler
                0x000000000800512c                DMA2_Channel4_IRQHandler
                0x000000000800512c                TIM3_IRQHandler
                0x000000000800512c                RCC_IRQHandler
                0x000000000800512c                TIM20_UP_IRQHandler
                0x000000000800512c                Default_Handler
                0x000000000800512c                DMA2_Channel7_IRQHandler
                0x000000000800512c                RTC_TAMP_LSECSS_IRQHandler
                0x000000000800512c                FMAC_IRQHandler
                0x000000000800512c                EXTI15_10_IRQHandler
                0x000000000800512c                DMA1_Channel8_IRQHandler
                0x000000000800512c                TIM7_IRQHandler
                0x000000000800512c                UCPD1_IRQHandler
                0x000000000800512c                I2C3_EV_IRQHandler
                0x000000000800512c                EXTI9_5_IRQHandler
                0x000000000800512c                RTC_WKUP_IRQHandler
                0x000000000800512c                PVD_PVM_IRQHandler
                0x000000000800512c                SPI2_IRQHandler
                0x000000000800512c                DMA2_Channel5_IRQHandler
                0x000000000800512c                CRS_IRQHandler
                0x000000000800512c                DMA1_Channel5_IRQHandler
                0x000000000800512c                USB_LP_IRQHandler
                0x000000000800512c                EXTI4_IRQHandler
                0x000000000800512c                RNG_IRQHandler
                0x000000000800512c                TIM1_TRG_COM_TIM17_IRQHandler
                0x000000000800512c                FDCAN2_IT1_IRQHandler
                0x000000000800512c                DMA1_Channel3_IRQHandler
                0x000000000800512c                WWDG_IRQHandler
                0x000000000800512c                FDCAN2_IT0_IRQHandler
                0x000000000800512c                LPUART1_IRQHandler
                0x000000000800512c                DMA2_Channel6_IRQHandler
                0x000000000800512c                TIM2_IRQHandler
                0x000000000800512c                COMP1_2_3_IRQHandler
                0x000000000800512c                EXTI1_IRQHandler
                0x000000000800512c                USART2_IRQHandler
                0x000000000800512c                TIM20_BRK_IRQHandler
                0x000000000800512c                I2C2_ER_IRQHandler
                0x000000000800512c                TIM8_BRK_IRQHandler
                0x000000000800512c                FLASH_IRQHandler
                0x000000000800512c                TIM20_CC_IRQHandler
                0x000000000800512c                USART1_IRQHandler
                0x000000000800512c                SPI3_IRQHandler
                0x000000000800512c                I2C1_ER_IRQHandler
                0x000000000800512c                LPTIM1_IRQHandler
                0x000000000800512c                DMAMUX_OVR_IRQHandler
                0x000000000800512c                USBWakeUp_IRQHandler
                0x000000000800512c                SAI1_IRQHandler
                0x000000000800512c                DMA2_Channel3_IRQHandler
                0x000000000800512c                COMP4_IRQHandler
                0x000000000800512c                TIM1_BRK_TIM15_IRQHandler
 .text.HAL_Init
                0x000000000800512e       0x30 ./Drivers/STM32G4xx_HAL_Driver/Src/stm32g4xx_hal.o
                0x000000000800512e                HAL_Init
 *fill*         0x000000000800515e        0x2 
 .text.HAL_InitTick
                0x0000000008005160       0x74 ./Drivers/STM32G4xx_HAL_Driver/Src/stm32g4xx_hal.o
                0x0000000008005160                HAL_InitTick
 .text.HAL_IncTick
                0x00000000080051d4       0x24 ./Drivers/STM32G4xx_HAL_Driver/Src/stm32g4xx_hal.o
                0x00000000080051d4                HAL_IncTick
 .text.HAL_GetTick
                0x00000000080051f8       0x18 ./Drivers/STM32G4xx_HAL_Driver/Src/stm32g4xx_hal.o
                0x00000000080051f8                HAL_GetTick
 .text.HAL_Delay
                0x0000000008005210       0x44 ./Drivers/STM32G4xx_HAL_Driver/Src/stm32g4xx_hal.o
                0x0000000008005210                HAL_Delay
 .text.LL_ADC_SetCommonClock
                0x0000000008005254       0x26 ./Drivers/STM32G4xx_HAL_Driver/Src/stm32g4xx_hal_adc.o
 .text.LL_ADC_SetCommonPathInternalCh
                0x000000000800527a       0x26 ./Drivers/STM32G4xx_HAL_Driver/Src/stm32g4xx_hal_adc.o
 .text.LL_ADC_GetCommonPathInternalCh
                0x00000000080052a0       0x1c ./Drivers/STM32G4xx_HAL_Driver/Src/stm32g4xx_hal_adc.o
 .text.LL_ADC_SetOffset
                0x00000000080052bc       0x48 ./Drivers/STM32G4xx_HAL_Driver/Src/stm32g4xx_hal_adc.o
 .text.LL_ADC_GetOffsetChannel
                0x0000000008005304       0x2c ./Drivers/STM32G4xx_HAL_Driver/Src/stm32g4xx_hal_adc.o
 .text.LL_ADC_SetOffsetState
                0x0000000008005330       0x36 ./Drivers/STM32G4xx_HAL_Driver/Src/stm32g4xx_hal_adc.o
 .text.LL_ADC_SetOffsetSign
                0x0000000008005366       0x36 ./Drivers/STM32G4xx_HAL_Driver/Src/stm32g4xx_hal_adc.o
 .text.LL_ADC_SetOffsetSaturation
                0x000000000800539c       0x36 ./Drivers/STM32G4xx_HAL_Driver/Src/stm32g4xx_hal_adc.o
 .text.LL_ADC_SetSamplingTimeCommonConfig
                0x00000000080053d2       0x26 ./Drivers/STM32G4xx_HAL_Driver/Src/stm32g4xx_hal_adc.o
 .text.LL_ADC_REG_IsTriggerSourceSWStart
                0x00000000080053f8       0x26 ./Drivers/STM32G4xx_HAL_Driver/Src/stm32g4xx_hal_adc.o
 .text.LL_ADC_REG_SetSequencerRanks
                0x000000000800541e       0x58 ./Drivers/STM32G4xx_HAL_Driver/Src/stm32g4xx_hal_adc.o
 .text.LL_ADC_SetChannelSamplingTime
                0x0000000008005476       0x56 ./Drivers/STM32G4xx_HAL_Driver/Src/stm32g4xx_hal_adc.o
 .text.LL_ADC_SetChannelSingleDiff
                0x00000000080054cc       0x50 ./Drivers/STM32G4xx_HAL_Driver/Src/stm32g4xx_hal_adc.o
 .text.LL_ADC_GetMultimode
                0x000000000800551c       0x1c ./Drivers/STM32G4xx_HAL_Driver/Src/stm32g4xx_hal_adc.o
 .text.LL_ADC_DisableDeepPowerDown
                0x0000000008005538       0x24 ./Drivers/STM32G4xx_HAL_Driver/Src/stm32g4xx_hal_adc.o
 .text.LL_ADC_IsDeepPowerDownEnabled
                0x000000000800555c       0x28 ./Drivers/STM32G4xx_HAL_Driver/Src/stm32g4xx_hal_adc.o
 .text.LL_ADC_EnableInternalRegulator
                0x0000000008005584       0x28 ./Drivers/STM32G4xx_HAL_Driver/Src/stm32g4xx_hal_adc.o
 .text.LL_ADC_IsInternalRegulatorEnabled
                0x00000000080055ac       0x28 ./Drivers/STM32G4xx_HAL_Driver/Src/stm32g4xx_hal_adc.o
 .text.LL_ADC_Enable
                0x00000000080055d4       0x28 ./Drivers/STM32G4xx_HAL_Driver/Src/stm32g4xx_hal_adc.o
 .text.LL_ADC_IsEnabled
                0x00000000080055fc       0x26 ./Drivers/STM32G4xx_HAL_Driver/Src/stm32g4xx_hal_adc.o
 .text.LL_ADC_REG_StartConversion
                0x0000000008005622       0x28 ./Drivers/STM32G4xx_HAL_Driver/Src/stm32g4xx_hal_adc.o
 .text.LL_ADC_REG_IsConversionOngoing
                0x000000000800564a       0x26 ./Drivers/STM32G4xx_HAL_Driver/Src/stm32g4xx_hal_adc.o
 .text.LL_ADC_INJ_IsConversionOngoing
                0x0000000008005670       0x26 ./Drivers/STM32G4xx_HAL_Driver/Src/stm32g4xx_hal_adc.o
 *fill*         0x0000000008005696        0x2 
 .text.HAL_ADC_Init
                0x0000000008005698      0x368 ./Drivers/STM32G4xx_HAL_Driver/Src/stm32g4xx_hal_adc.o
                0x0000000008005698                HAL_ADC_Init
 .text.HAL_ADC_Start_DMA
                0x0000000008005a00      0x194 ./Drivers/STM32G4xx_HAL_Driver/Src/stm32g4xx_hal_adc.o
                0x0000000008005a00                HAL_ADC_Start_DMA
 .text.HAL_ADC_ConvCpltCallback
                0x0000000008005b94       0x14 ./Drivers/STM32G4xx_HAL_Driver/Src/stm32g4xx_hal_adc.o
                0x0000000008005b94                HAL_ADC_ConvCpltCallback
 .text.HAL_ADC_ConvHalfCpltCallback
                0x0000000008005ba8       0x14 ./Drivers/STM32G4xx_HAL_Driver/Src/stm32g4xx_hal_adc.o
                0x0000000008005ba8                HAL_ADC_ConvHalfCpltCallback
 .text.HAL_ADC_ErrorCallback
                0x0000000008005bbc       0x14 ./Drivers/STM32G4xx_HAL_Driver/Src/stm32g4xx_hal_adc.o
                0x0000000008005bbc                HAL_ADC_ErrorCallback
 .text.HAL_ADC_ConfigChannel
                0x0000000008005bd0      0x858 ./Drivers/STM32G4xx_HAL_Driver/Src/stm32g4xx_hal_adc.o
                0x0000000008005bd0                HAL_ADC_ConfigChannel
 .text.ADC_Enable
                0x0000000008006428       0xc4 ./Drivers/STM32G4xx_HAL_Driver/Src/stm32g4xx_hal_adc.o
                0x0000000008006428                ADC_Enable
 .text.ADC_DMAConvCplt
                0x00000000080064ec       0xd8 ./Drivers/STM32G4xx_HAL_Driver/Src/stm32g4xx_hal_adc.o
                0x00000000080064ec                ADC_DMAConvCplt
 .text.ADC_DMAHalfConvCplt
                0x00000000080065c4       0x1c ./Drivers/STM32G4xx_HAL_Driver/Src/stm32g4xx_hal_adc.o
                0x00000000080065c4                ADC_DMAHalfConvCplt
 .text.ADC_DMAError
                0x00000000080065e0       0x34 ./Drivers/STM32G4xx_HAL_Driver/Src/stm32g4xx_hal_adc.o
                0x00000000080065e0                ADC_DMAError
 .text.LL_ADC_IsEnabled
                0x0000000008006614       0x26 ./Drivers/STM32G4xx_HAL_Driver/Src/stm32g4xx_hal_adc_ex.o
 .text.LL_ADC_REG_IsConversionOngoing
                0x000000000800663a       0x26 ./Drivers/STM32G4xx_HAL_Driver/Src/stm32g4xx_hal_adc_ex.o
 .text.HAL_ADCEx_MultiModeConfigChannel
                0x0000000008006660      0x1d0 ./Drivers/STM32G4xx_HAL_Driver/Src/stm32g4xx_hal_adc_ex.o
                0x0000000008006660                HAL_ADCEx_MultiModeConfigChannel
 .text.HAL_CORDIC_Init
                0x0000000008006830       0x62 ./Drivers/STM32G4xx_HAL_Driver/Src/stm32g4xx_hal_cordic.o
                0x0000000008006830                HAL_CORDIC_Init
 *fill*         0x0000000008006892        0x2 
 .text.__NVIC_SetPriorityGrouping
                0x0000000008006894       0x48 ./Drivers/STM32G4xx_HAL_Driver/Src/stm32g4xx_hal_cortex.o
 .text.__NVIC_GetPriorityGrouping
                0x00000000080068dc       0x1c ./Drivers/STM32G4xx_HAL_Driver/Src/stm32g4xx_hal_cortex.o
 .text.__NVIC_EnableIRQ
                0x00000000080068f8       0x3c ./Drivers/STM32G4xx_HAL_Driver/Src/stm32g4xx_hal_cortex.o
 .text.__NVIC_SetPriority
                0x0000000008006934       0x54 ./Drivers/STM32G4xx_HAL_Driver/Src/stm32g4xx_hal_cortex.o
 .text.NVIC_EncodePriority
                0x0000000008006988       0x66 ./Drivers/STM32G4xx_HAL_Driver/Src/stm32g4xx_hal_cortex.o
 *fill*         0x00000000080069ee        0x2 
 .text.SysTick_Config
                0x00000000080069f0       0x44 ./Drivers/STM32G4xx_HAL_Driver/Src/stm32g4xx_hal_cortex.o
 .text.HAL_NVIC_SetPriorityGrouping
                0x0000000008006a34       0x16 ./Drivers/STM32G4xx_HAL_Driver/Src/stm32g4xx_hal_cortex.o
                0x0000000008006a34                HAL_NVIC_SetPriorityGrouping
 .text.HAL_NVIC_SetPriority
                0x0000000008006a4a       0x34 ./Drivers/STM32G4xx_HAL_Driver/Src/stm32g4xx_hal_cortex.o
                0x0000000008006a4a                HAL_NVIC_SetPriority
 .text.HAL_NVIC_EnableIRQ
                0x0000000008006a7e       0x1c ./Drivers/STM32G4xx_HAL_Driver/Src/stm32g4xx_hal_cortex.o
                0x0000000008006a7e                HAL_NVIC_EnableIRQ
 .text.HAL_SYSTICK_Config
                0x0000000008006a9a       0x18 ./Drivers/STM32G4xx_HAL_Driver/Src/stm32g4xx_hal_cortex.o
                0x0000000008006a9a                HAL_SYSTICK_Config
 *fill*         0x0000000008006ab2        0x2 
 .text.HAL_CRC_Init
                0x0000000008006ab4       0xc8 ./Drivers/STM32G4xx_HAL_Driver/Src/stm32g4xx_hal_crc.o
                0x0000000008006ab4                HAL_CRC_Init
 .text.HAL_CRCEx_Polynomial_Set
                0x0000000008006b7c      0x10c ./Drivers/STM32G4xx_HAL_Driver/Src/stm32g4xx_hal_crc_ex.o
                0x0000000008006b7c                HAL_CRCEx_Polynomial_Set
 .text.HAL_DMA_Init
                0x0000000008006c88      0x150 ./Drivers/STM32G4xx_HAL_Driver/Src/stm32g4xx_hal_dma.o
                0x0000000008006c88                HAL_DMA_Init
 .text.HAL_DMA_Start_IT
                0x0000000008006dd8       0xf6 ./Drivers/STM32G4xx_HAL_Driver/Src/stm32g4xx_hal_dma.o
                0x0000000008006dd8                HAL_DMA_Start_IT
 .text.HAL_DMA_IRQHandler
                0x0000000008006ece      0x15e ./Drivers/STM32G4xx_HAL_Driver/Src/stm32g4xx_hal_dma.o
                0x0000000008006ece                HAL_DMA_IRQHandler
 .text.DMA_SetConfig
                0x000000000800702c       0x7c ./Drivers/STM32G4xx_HAL_Driver/Src/stm32g4xx_hal_dma.o
 .text.DMA_CalcDMAMUXChannelBaseAndMask
                0x00000000080070a8       0x7c ./Drivers/STM32G4xx_HAL_Driver/Src/stm32g4xx_hal_dma.o
 .text.DMA_CalcDMAMUXRequestGenBaseAndMask
                0x0000000008007124       0x48 ./Drivers/STM32G4xx_HAL_Driver/Src/stm32g4xx_hal_dma.o
 .text.HAL_FDCAN_Init
                0x000000000800716c      0x2b4 ./Drivers/STM32G4xx_HAL_Driver/Src/stm32g4xx_hal_fdcan.o
                0x000000000800716c                HAL_FDCAN_Init
 .text.HAL_FDCAN_ConfigFilter
                0x0000000008007420       0xb4 ./Drivers/STM32G4xx_HAL_Driver/Src/stm32g4xx_hal_fdcan.o
                0x0000000008007420                HAL_FDCAN_ConfigFilter
 .text.HAL_FDCAN_ConfigGlobalFilter
                0x00000000080074d4       0x62 ./Drivers/STM32G4xx_HAL_Driver/Src/stm32g4xx_hal_fdcan.o
                0x00000000080074d4                HAL_FDCAN_ConfigGlobalFilter
 .text.HAL_FDCAN_IRQHandler
                0x0000000008007536      0x272 ./Drivers/STM32G4xx_HAL_Driver/Src/stm32g4xx_hal_fdcan.o
                0x0000000008007536                HAL_FDCAN_IRQHandler
 .text.HAL_FDCAN_TxEventFifoCallback
                0x00000000080077a8       0x16 ./Drivers/STM32G4xx_HAL_Driver/Src/stm32g4xx_hal_fdcan.o
                0x00000000080077a8                HAL_FDCAN_TxEventFifoCallback
 .text.HAL_FDCAN_RxFifo0Callback
                0x00000000080077be       0x16 ./Drivers/STM32G4xx_HAL_Driver/Src/stm32g4xx_hal_fdcan.o
                0x00000000080077be                HAL_FDCAN_RxFifo0Callback
 .text.HAL_FDCAN_RxFifo1Callback
                0x00000000080077d4       0x16 ./Drivers/STM32G4xx_HAL_Driver/Src/stm32g4xx_hal_fdcan.o
                0x00000000080077d4                HAL_FDCAN_RxFifo1Callback
 .text.HAL_FDCAN_TxFifoEmptyCallback
                0x00000000080077ea       0x14 ./Drivers/STM32G4xx_HAL_Driver/Src/stm32g4xx_hal_fdcan.o
                0x00000000080077ea                HAL_FDCAN_TxFifoEmptyCallback
 .text.HAL_FDCAN_TxBufferCompleteCallback
                0x00000000080077fe       0x16 ./Drivers/STM32G4xx_HAL_Driver/Src/stm32g4xx_hal_fdcan.o
                0x00000000080077fe                HAL_FDCAN_TxBufferCompleteCallback
 .text.HAL_FDCAN_TxBufferAbortCallback
                0x0000000008007814       0x16 ./Drivers/STM32G4xx_HAL_Driver/Src/stm32g4xx_hal_fdcan.o
                0x0000000008007814                HAL_FDCAN_TxBufferAbortCallback
 .text.HAL_FDCAN_TimestampWraparoundCallback
                0x000000000800782a       0x14 ./Drivers/STM32G4xx_HAL_Driver/Src/stm32g4xx_hal_fdcan.o
                0x000000000800782a                HAL_FDCAN_TimestampWraparoundCallback
 .text.HAL_FDCAN_TimeoutOccurredCallback
                0x000000000800783e       0x14 ./Drivers/STM32G4xx_HAL_Driver/Src/stm32g4xx_hal_fdcan.o
                0x000000000800783e                HAL_FDCAN_TimeoutOccurredCallback
 .text.HAL_FDCAN_HighPriorityMessageCallback
                0x0000000008007852       0x14 ./Drivers/STM32G4xx_HAL_Driver/Src/stm32g4xx_hal_fdcan.o
                0x0000000008007852                HAL_FDCAN_HighPriorityMessageCallback
 .text.HAL_FDCAN_ErrorCallback
                0x0000000008007866       0x14 ./Drivers/STM32G4xx_HAL_Driver/Src/stm32g4xx_hal_fdcan.o
                0x0000000008007866                HAL_FDCAN_ErrorCallback
 .text.HAL_FDCAN_ErrorStatusCallback
                0x000000000800787a       0x16 ./Drivers/STM32G4xx_HAL_Driver/Src/stm32g4xx_hal_fdcan.o
                0x000000000800787a                HAL_FDCAN_ErrorStatusCallback
 .text.FDCAN_CalcultateRamBlockAddresses
                0x0000000008007890       0xc4 ./Drivers/STM32G4xx_HAL_Driver/Src/stm32g4xx_hal_fdcan.o
 .text.HAL_FMAC_Init
                0x0000000008007954       0x82 ./Drivers/STM32G4xx_HAL_Driver/Src/stm32g4xx_hal_fmac.o
                0x0000000008007954                HAL_FMAC_Init
 .text.FMAC_Reset
                0x00000000080079d6       0x5e ./Drivers/STM32G4xx_HAL_Driver/Src/stm32g4xx_hal_fmac.o
 .text.FMAC_ResetDataPointers
                0x0000000008007a34       0x1c ./Drivers/STM32G4xx_HAL_Driver/Src/stm32g4xx_hal_fmac.o
 .text.FMAC_ResetInputStateAndDataPointers
                0x0000000008007a50       0x2e ./Drivers/STM32G4xx_HAL_Driver/Src/stm32g4xx_hal_fmac.o
 .text.FMAC_ResetOutputStateAndDataPointers
                0x0000000008007a7e       0x2e ./Drivers/STM32G4xx_HAL_Driver/Src/stm32g4xx_hal_fmac.o
 .text.HAL_GPIO_Init
                0x0000000008007aac      0x304 ./Drivers/STM32G4xx_HAL_Driver/Src/stm32g4xx_hal_gpio.o
                0x0000000008007aac                HAL_GPIO_Init
 .text.HAL_GPIO_WritePin
                0x0000000008007db0       0x30 ./Drivers/STM32G4xx_HAL_Driver/Src/stm32g4xx_hal_gpio.o
                0x0000000008007db0                HAL_GPIO_WritePin
 .text.HAL_PWREx_ControlVoltageScaling
                0x0000000008007de0      0x148 ./Drivers/STM32G4xx_HAL_Driver/Src/stm32g4xx_hal_pwr_ex.o
                0x0000000008007de0                HAL_PWREx_ControlVoltageScaling
 .text.HAL_PWREx_DisableUCPDDeadBattery
                0x0000000008007f28       0x20 ./Drivers/STM32G4xx_HAL_Driver/Src/stm32g4xx_hal_pwr_ex.o
                0x0000000008007f28                HAL_PWREx_DisableUCPDDeadBattery
 .text.HAL_RCC_OscConfig
                0x0000000008007f48      0x630 ./Drivers/STM32G4xx_HAL_Driver/Src/stm32g4xx_hal_rcc.o
                0x0000000008007f48                HAL_RCC_OscConfig
 .text.HAL_RCC_ClockConfig
                0x0000000008008578      0x278 ./Drivers/STM32G4xx_HAL_Driver/Src/stm32g4xx_hal_rcc.o
                0x0000000008008578                HAL_RCC_ClockConfig
 .text.HAL_RCC_GetSysClockFreq
                0x00000000080087f0       0xc4 ./Drivers/STM32G4xx_HAL_Driver/Src/stm32g4xx_hal_rcc.o
                0x00000000080087f0                HAL_RCC_GetSysClockFreq
 .text.RCC_GetSysClockFreqFromPLLSource
                0x00000000080088b4       0x8c ./Drivers/STM32G4xx_HAL_Driver/Src/stm32g4xx_hal_rcc.o
 .text.HAL_RCCEx_PeriphCLKConfig
                0x0000000008008940      0x478 ./Drivers/STM32G4xx_HAL_Driver/Src/stm32g4xx_hal_rcc_ex.o
                0x0000000008008940                HAL_RCCEx_PeriphCLKConfig
 .text.HAL_SPI_Init
                0x0000000008008db8      0x156 ./Drivers/STM32G4xx_HAL_Driver/Src/stm32g4xx_hal_spi.o
                0x0000000008008db8                HAL_SPI_Init
 .text.HAL_SPI_TransmitReceive
                0x0000000008008f0e      0x426 ./Drivers/STM32G4xx_HAL_Driver/Src/stm32g4xx_hal_spi.o
                0x0000000008008f0e                HAL_SPI_TransmitReceive
 .text.SPI_WaitFlagStateUntilTimeout
                0x0000000008009334      0x110 ./Drivers/STM32G4xx_HAL_Driver/Src/stm32g4xx_hal_spi.o
 .text.SPI_WaitFifoStateUntilTimeout
                0x0000000008009444      0x12c ./Drivers/STM32G4xx_HAL_Driver/Src/stm32g4xx_hal_spi.o
 .text.SPI_EndRxTxTransaction
                0x0000000008009570       0x8c ./Drivers/STM32G4xx_HAL_Driver/Src/stm32g4xx_hal_spi.o
 .text.HAL_TIM_Base_Init
                0x00000000080095fc       0xae ./Drivers/STM32G4xx_HAL_Driver/Src/stm32g4xx_hal_tim.o
                0x00000000080095fc                HAL_TIM_Base_Init
 .text.HAL_TIM_PWM_Init
                0x00000000080096aa       0xae ./Drivers/STM32G4xx_HAL_Driver/Src/stm32g4xx_hal_tim.o
                0x00000000080096aa                HAL_TIM_PWM_Init
 .text.HAL_TIM_PWM_MspInit
                0x0000000008009758       0x14 ./Drivers/STM32G4xx_HAL_Driver/Src/stm32g4xx_hal_tim.o
                0x0000000008009758                HAL_TIM_PWM_MspInit
 .text.HAL_TIM_PWM_Start
                0x000000000800976c      0x218 ./Drivers/STM32G4xx_HAL_Driver/Src/stm32g4xx_hal_tim.o
                0x000000000800976c                HAL_TIM_PWM_Start
 .text.HAL_TIM_IRQHandler
                0x0000000008009984      0x2fe ./Drivers/STM32G4xx_HAL_Driver/Src/stm32g4xx_hal_tim.o
                0x0000000008009984                HAL_TIM_IRQHandler
 *fill*         0x0000000008009c82        0x2 
 .text.HAL_TIM_PWM_ConfigChannel
                0x0000000008009c84      0x228 ./Drivers/STM32G4xx_HAL_Driver/Src/stm32g4xx_hal_tim.o
                0x0000000008009c84                HAL_TIM_PWM_ConfigChannel
 .text.HAL_TIM_ConfigClockSource
                0x0000000008009eac      0x208 ./Drivers/STM32G4xx_HAL_Driver/Src/stm32g4xx_hal_tim.o
                0x0000000008009eac                HAL_TIM_ConfigClockSource
 .text.HAL_TIM_PeriodElapsedCallback
                0x000000000800a0b4       0x14 ./Drivers/STM32G4xx_HAL_Driver/Src/stm32g4xx_hal_tim.o
                0x000000000800a0b4                HAL_TIM_PeriodElapsedCallback
 .text.HAL_TIM_OC_DelayElapsedCallback
                0x000000000800a0c8       0x14 ./Drivers/STM32G4xx_HAL_Driver/Src/stm32g4xx_hal_tim.o
                0x000000000800a0c8                HAL_TIM_OC_DelayElapsedCallback
 .text.HAL_TIM_IC_CaptureCallback
                0x000000000800a0dc       0x14 ./Drivers/STM32G4xx_HAL_Driver/Src/stm32g4xx_hal_tim.o
                0x000000000800a0dc                HAL_TIM_IC_CaptureCallback
 .text.HAL_TIM_PWM_PulseFinishedCallback
                0x000000000800a0f0       0x14 ./Drivers/STM32G4xx_HAL_Driver/Src/stm32g4xx_hal_tim.o
                0x000000000800a0f0                HAL_TIM_PWM_PulseFinishedCallback
 .text.HAL_TIM_TriggerCallback
                0x000000000800a104       0x14 ./Drivers/STM32G4xx_HAL_Driver/Src/stm32g4xx_hal_tim.o
                0x000000000800a104                HAL_TIM_TriggerCallback
 .text.TIM_Base_SetConfig
                0x000000000800a118      0x13c ./Drivers/STM32G4xx_HAL_Driver/Src/stm32g4xx_hal_tim.o
                0x000000000800a118                TIM_Base_SetConfig
 .text.TIM_OC1_SetConfig
                0x000000000800a254      0x134 ./Drivers/STM32G4xx_HAL_Driver/Src/stm32g4xx_hal_tim.o
 .text.TIM_OC2_SetConfig
                0x000000000800a388      0x128 ./Drivers/STM32G4xx_HAL_Driver/Src/stm32g4xx_hal_tim.o
                0x000000000800a388                TIM_OC2_SetConfig
 .text.TIM_OC3_SetConfig
                0x000000000800a4b0      0x124 ./Drivers/STM32G4xx_HAL_Driver/Src/stm32g4xx_hal_tim.o
 .text.TIM_OC4_SetConfig
                0x000000000800a5d4      0x128 ./Drivers/STM32G4xx_HAL_Driver/Src/stm32g4xx_hal_tim.o
 .text.TIM_OC5_SetConfig
                0x000000000800a6fc       0xd4 ./Drivers/STM32G4xx_HAL_Driver/Src/stm32g4xx_hal_tim.o
 .text.TIM_OC6_SetConfig
                0x000000000800a7d0       0xd8 ./Drivers/STM32G4xx_HAL_Driver/Src/stm32g4xx_hal_tim.o
 .text.TIM_TI1_ConfigInputStage
                0x000000000800a8a8       0x5e ./Drivers/STM32G4xx_HAL_Driver/Src/stm32g4xx_hal_tim.o
 .text.TIM_TI2_ConfigInputStage
                0x000000000800a906       0x60 ./Drivers/STM32G4xx_HAL_Driver/Src/stm32g4xx_hal_tim.o
 .text.TIM_ITRx_SetConfig
                0x000000000800a966       0x3a ./Drivers/STM32G4xx_HAL_Driver/Src/stm32g4xx_hal_tim.o
 .text.TIM_ETR_SetConfig
                0x000000000800a9a0       0x40 ./Drivers/STM32G4xx_HAL_Driver/Src/stm32g4xx_hal_tim.o
                0x000000000800a9a0                TIM_ETR_SetConfig
 .text.TIM_CCxChannelCmd
                0x000000000800a9e0       0x4a ./Drivers/STM32G4xx_HAL_Driver/Src/stm32g4xx_hal_tim.o
                0x000000000800a9e0                TIM_CCxChannelCmd
 *fill*         0x000000000800aa2a        0x2 
 .text.HAL_TIMEx_MasterConfigSynchronization
                0x000000000800aa2c      0x11c ./Drivers/STM32G4xx_HAL_Driver/Src/stm32g4xx_hal_tim_ex.o
                0x000000000800aa2c                HAL_TIMEx_MasterConfigSynchronization
 .text.HAL_TIMEx_ConfigBreakDeadTime
                0x000000000800ab48      0x164 ./Drivers/STM32G4xx_HAL_Driver/Src/stm32g4xx_hal_tim_ex.o
                0x000000000800ab48                HAL_TIMEx_ConfigBreakDeadTime
 .text.HAL_TIMEx_CommutCallback
                0x000000000800acac       0x14 ./Drivers/STM32G4xx_HAL_Driver/Src/stm32g4xx_hal_tim_ex.o
                0x000000000800acac                HAL_TIMEx_CommutCallback
 .text.HAL_TIMEx_BreakCallback
                0x000000000800acc0       0x14 ./Drivers/STM32G4xx_HAL_Driver/Src/stm32g4xx_hal_tim_ex.o
                0x000000000800acc0                HAL_TIMEx_BreakCallback
 .text.HAL_TIMEx_Break2Callback
                0x000000000800acd4       0x14 ./Drivers/STM32G4xx_HAL_Driver/Src/stm32g4xx_hal_tim_ex.o
                0x000000000800acd4                HAL_TIMEx_Break2Callback
 .text.HAL_TIMEx_EncoderIndexCallback
                0x000000000800ace8       0x14 ./Drivers/STM32G4xx_HAL_Driver/Src/stm32g4xx_hal_tim_ex.o
                0x000000000800ace8                HAL_TIMEx_EncoderIndexCallback
 .text.HAL_TIMEx_DirectionChangeCallback
                0x000000000800acfc       0x14 ./Drivers/STM32G4xx_HAL_Driver/Src/stm32g4xx_hal_tim_ex.o
                0x000000000800acfc                HAL_TIMEx_DirectionChangeCallback
 .text.HAL_TIMEx_IndexErrorCallback
                0x000000000800ad10       0x14 ./Drivers/STM32G4xx_HAL_Driver/Src/stm32g4xx_hal_tim_ex.o
                0x000000000800ad10                HAL_TIMEx_IndexErrorCallback
 .text.HAL_TIMEx_TransitionErrorCallback
                0x000000000800ad24       0x14 ./Drivers/STM32G4xx_HAL_Driver/Src/stm32g4xx_hal_tim_ex.o
                0x000000000800ad24                HAL_TIMEx_TransitionErrorCallback
 .text.__errno  0x000000000800ad38        0xc c:/st/stm32cubeide_1.8.0/stm32cubeide/plugins/com.st.stm32cube.ide.mcu.externaltools.gnu-tools-for-stm32.10.3-2021.10.win32_1.0.0.202111181127/tools/bin/../lib/gcc/arm-none-eabi/10.3.1/../../../../arm-none-eabi/lib/thumb/v7e-m+fp/hard\libc_nano.a(lib_a-errno.o)
                0x000000000800ad38                __errno
 .text.__libc_init_array
                0x000000000800ad44       0x48 c:/st/stm32cubeide_1.8.0/stm32cubeide/plugins/com.st.stm32cube.ide.mcu.externaltools.gnu-tools-for-stm32.10.3-2021.10.win32_1.0.0.202111181127/tools/bin/../lib/gcc/arm-none-eabi/10.3.1/../../../../arm-none-eabi/lib/thumb/v7e-m+fp/hard\libc_nano.a(lib_a-init.o)
                0x000000000800ad44                __libc_init_array
 .text.memcpy   0x000000000800ad8c       0x1c c:/st/stm32cubeide_1.8.0/stm32cubeide/plugins/com.st.stm32cube.ide.mcu.externaltools.gnu-tools-for-stm32.10.3-2021.10.win32_1.0.0.202111181127/tools/bin/../lib/gcc/arm-none-eabi/10.3.1/../../../../arm-none-eabi/lib/thumb/v7e-m+fp/hard\libc_nano.a(lib_a-memcpy-stub.o)
                0x000000000800ad8c                memcpy
 .text.memset   0x000000000800ada8       0x10 c:/st/stm32cubeide_1.8.0/stm32cubeide/plugins/com.st.stm32cube.ide.mcu.externaltools.gnu-tools-for-stm32.10.3-2021.10.win32_1.0.0.202111181127/tools/bin/../lib/gcc/arm-none-eabi/10.3.1/../../../../arm-none-eabi/lib/thumb/v7e-m+fp/hard\libc_nano.a(lib_a-memset.o)
                0x000000000800ada8                memset
 .text.fmod     0x000000000800adb8       0x5c c:/st/stm32cubeide_1.8.0/stm32cubeide/plugins/com.st.stm32cube.ide.mcu.externaltools.gnu-tools-for-stm32.10.3-2021.10.win32_1.0.0.202111181127/tools/bin/../lib/gcc/arm-none-eabi/10.3.1/../../../../arm-none-eabi/lib/thumb/v7e-m+fp/hard\libm.a(lib_a-w_fmod.o)
                0x000000000800adb8                fmod
 .text.pow      0x000000000800ae14       0xe0 c:/st/stm32cubeide_1.8.0/stm32cubeide/plugins/com.st.stm32cube.ide.mcu.externaltools.gnu-tools-for-stm32.10.3-2021.10.win32_1.0.0.202111181127/tools/bin/../lib/gcc/arm-none-eabi/10.3.1/../../../../arm-none-eabi/lib/thumb/v7e-m+fp/hard\libm.a(lib_a-w_pow.o)
                0x000000000800ae14                pow
 .text.expf     0x000000000800aef4       0x6c c:/st/stm32cubeide_1.8.0/stm32cubeide/plugins/com.st.stm32cube.ide.mcu.externaltools.gnu-tools-for-stm32.10.3-2021.10.win32_1.0.0.202111181127/tools/bin/../lib/gcc/arm-none-eabi/10.3.1/../../../../arm-none-eabi/lib/thumb/v7e-m+fp/hard\libm.a(lib_a-wf_exp.o)
                0x000000000800aef4                expf
 .text.__ieee754_fmod
                0x000000000800af60      0x224 c:/st/stm32cubeide_1.8.0/stm32cubeide/plugins/com.st.stm32cube.ide.mcu.externaltools.gnu-tools-for-stm32.10.3-2021.10.win32_1.0.0.202111181127/tools/bin/../lib/gcc/arm-none-eabi/10.3.1/../../../../arm-none-eabi/lib/thumb/v7e-m+fp/hard\libm.a(lib_a-e_fmod.o)
                0x000000000800af60                __ieee754_fmod
 *fill*         0x000000000800b184        0x4 
 .text.__ieee754_pow
                0x000000000800b188      0xa5c c:/st/stm32cubeide_1.8.0/stm32cubeide/plugins/com.st.stm32cube.ide.mcu.externaltools.gnu-tools-for-stm32.10.3-2021.10.win32_1.0.0.202111181127/tools/bin/../lib/gcc/arm-none-eabi/10.3.1/../../../../arm-none-eabi/lib/thumb/v7e-m+fp/hard\libm.a(lib_a-e_pow.o)
                0x000000000800b188                __ieee754_pow
 .text.__ieee754_sqrt
                0x000000000800bbe4      0x164 c:/st/stm32cubeide_1.8.0/stm32cubeide/plugins/com.st.stm32cube.ide.mcu.externaltools.gnu-tools-for-stm32.10.3-2021.10.win32_1.0.0.202111181127/tools/bin/../lib/gcc/arm-none-eabi/10.3.1/../../../../arm-none-eabi/lib/thumb/v7e-m+fp/hard\libm.a(lib_a-e_sqrt.o)
                0x000000000800bbe4                __ieee754_sqrt
 .text.__ieee754_expf
                0x000000000800bd48      0x19c c:/st/stm32cubeide_1.8.0/stm32cubeide/plugins/com.st.stm32cube.ide.mcu.externaltools.gnu-tools-for-stm32.10.3-2021.10.win32_1.0.0.202111181127/tools/bin/../lib/gcc/arm-none-eabi/10.3.1/../../../../arm-none-eabi/lib/thumb/v7e-m+fp/hard\libm.a(lib_a-ef_exp.o)
                0x000000000800bd48                __ieee754_expf
 .text.with_errno
                0x000000000800bee4       0x14 c:/st/stm32cubeide_1.8.0/stm32cubeide/plugins/com.st.stm32cube.ide.mcu.externaltools.gnu-tools-for-stm32.10.3-2021.10.win32_1.0.0.202111181127/tools/bin/../lib/gcc/arm-none-eabi/10.3.1/../../../../arm-none-eabi/lib/thumb/v7e-m+fp/hard\libm.a(lib_a-math_err.o)
 .text.xflow    0x000000000800bef8       0x28 c:/st/stm32cubeide_1.8.0/stm32cubeide/plugins/com.st.stm32cube.ide.mcu.externaltools.gnu-tools-for-stm32.10.3-2021.10.win32_1.0.0.202111181127/tools/bin/../lib/gcc/arm-none-eabi/10.3.1/../../../../arm-none-eabi/lib/thumb/v7e-m+fp/hard\libm.a(lib_a-math_err.o)
 .text.__math_uflow
                0x000000000800bf20       0x12 c:/st/stm32cubeide_1.8.0/stm32cubeide/plugins/com.st.stm32cube.ide.mcu.externaltools.gnu-tools-for-stm32.10.3-2021.10.win32_1.0.0.202111181127/tools/bin/../lib/gcc/arm-none-eabi/10.3.1/../../../../arm-none-eabi/lib/thumb/v7e-m+fp/hard\libm.a(lib_a-math_err.o)
                0x000000000800bf20                __math_uflow
 .text.__math_oflow
                0x000000000800bf32       0x12 c:/st/stm32cubeide_1.8.0/stm32cubeide/plugins/com.st.stm32cube.ide.mcu.externaltools.gnu-tools-for-stm32.10.3-2021.10.win32_1.0.0.202111181127/tools/bin/../lib/gcc/arm-none-eabi/10.3.1/../../../../arm-none-eabi/lib/thumb/v7e-m+fp/hard\libm.a(lib_a-math_err.o)
                0x000000000800bf32                __math_oflow
 .text.with_errnof
                0x000000000800bf44       0x16 c:/st/stm32cubeide_1.8.0/stm32cubeide/plugins/com.st.stm32cube.ide.mcu.externaltools.gnu-tools-for-stm32.10.3-2021.10.win32_1.0.0.202111181127/tools/bin/../lib/gcc/arm-none-eabi/10.3.1/../../../../arm-none-eabi/lib/thumb/v7e-m+fp/hard\libm.a(lib_a-math_errf.o)
 .text.xflowf   0x000000000800bf5a       0x16 c:/st/stm32cubeide_1.8.0/stm32cubeide/plugins/com.st.stm32cube.ide.mcu.externaltools.gnu-tools-for-stm32.10.3-2021.10.win32_1.0.0.202111181127/tools/bin/../lib/gcc/arm-none-eabi/10.3.1/../../../../arm-none-eabi/lib/thumb/v7e-m+fp/hard\libm.a(lib_a-math_errf.o)
 .text.__math_uflowf
                0x000000000800bf70        0xc c:/st/stm32cubeide_1.8.0/stm32cubeide/plugins/com.st.stm32cube.ide.mcu.externaltools.gnu-tools-for-stm32.10.3-2021.10.win32_1.0.0.202111181127/tools/bin/../lib/gcc/arm-none-eabi/10.3.1/../../../../arm-none-eabi/lib/thumb/v7e-m+fp/hard\libm.a(lib_a-math_errf.o)
                0x000000000800bf70                __math_uflowf
 .text.__math_oflowf
                0x000000000800bf7c        0xc c:/st/stm32cubeide_1.8.0/stm32cubeide/plugins/com.st.stm32cube.ide.mcu.externaltools.gnu-tools-for-stm32.10.3-2021.10.win32_1.0.0.202111181127/tools/bin/../lib/gcc/arm-none-eabi/10.3.1/../../../../arm-none-eabi/lib/thumb/v7e-m+fp/hard\libm.a(lib_a-math_errf.o)
                0x000000000800bf7c                __math_oflowf
 .text.fabs     0x000000000800bf88       0x12 c:/st/stm32cubeide_1.8.0/stm32cubeide/plugins/com.st.stm32cube.ide.mcu.externaltools.gnu-tools-for-stm32.10.3-2021.10.win32_1.0.0.202111181127/tools/bin/../lib/gcc/arm-none-eabi/10.3.1/../../../../arm-none-eabi/lib/thumb/v7e-m+fp/hard\libm.a(lib_a-s_fabs.o)
                0x000000000800bf88                fabs
 .text.finite   0x000000000800bf9a       0x16 c:/st/stm32cubeide_1.8.0/stm32cubeide/plugins/com.st.stm32cube.ide.mcu.externaltools.gnu-tools-for-stm32.10.3-2021.10.win32_1.0.0.202111181127/tools/bin/../lib/gcc/arm-none-eabi/10.3.1/../../../../arm-none-eabi/lib/thumb/v7e-m+fp/hard\libm.a(lib_a-s_finite.o)
                0x000000000800bf9a                finite
 .text.scalbn   0x000000000800bfb0      0x10c c:/st/stm32cubeide_1.8.0/stm32cubeide/plugins/com.st.stm32cube.ide.mcu.externaltools.gnu-tools-for-stm32.10.3-2021.10.win32_1.0.0.202111181127/tools/bin/../lib/gcc/arm-none-eabi/10.3.1/../../../../arm-none-eabi/lib/thumb/v7e-m+fp/hard\libm.a(lib_a-s_scalbn.o)
                0x000000000800bfb0                scalbn
 .text.finitef  0x000000000800c0bc       0x1a c:/st/stm32cubeide_1.8.0/stm32cubeide/plugins/com.st.stm32cube.ide.mcu.externaltools.gnu-tools-for-stm32.10.3-2021.10.win32_1.0.0.202111181127/tools/bin/../lib/gcc/arm-none-eabi/10.3.1/../../../../arm-none-eabi/lib/thumb/v7e-m+fp/hard\libm.a(lib_a-sf_finite.o)
                0x000000000800c0bc                finitef
 *(.glue_7)
 .glue_7        0x000000000800c0d6        0x0 linker stubs
 *(.glue_7t)
 .glue_7t       0x000000000800c0d6        0x0 linker stubs
 *(.eh_frame)
 *fill*         0x000000000800c0d6        0x2 
 .eh_frame      0x000000000800c0d8        0x0 c:/st/stm32cubeide_1.8.0/stm32cubeide/plugins/com.st.stm32cube.ide.mcu.externaltools.gnu-tools-for-stm32.10.3-2021.10.win32_1.0.0.202111181127/tools/bin/../lib/gcc/arm-none-eabi/10.3.1/thumb/v7e-m+fp/hard/crtbegin.o
 *(.init)
 .init          0x000000000800c0d8        0x4 c:/st/stm32cubeide_1.8.0/stm32cubeide/plugins/com.st.stm32cube.ide.mcu.externaltools.gnu-tools-for-stm32.10.3-2021.10.win32_1.0.0.202111181127/tools/bin/../lib/gcc/arm-none-eabi/10.3.1/thumb/v7e-m+fp/hard/crti.o
                0x000000000800c0d8                _init
 .init          0x000000000800c0dc        0x8 c:/st/stm32cubeide_1.8.0/stm32cubeide/plugins/com.st.stm32cube.ide.mcu.externaltools.gnu-tools-for-stm32.10.3-2021.10.win32_1.0.0.202111181127/tools/bin/../lib/gcc/arm-none-eabi/10.3.1/thumb/v7e-m+fp/hard/crtn.o
 *(.fini)
 .fini          0x000000000800c0e4        0x4 c:/st/stm32cubeide_1.8.0/stm32cubeide/plugins/com.st.stm32cube.ide.mcu.externaltools.gnu-tools-for-stm32.10.3-2021.10.win32_1.0.0.202111181127/tools/bin/../lib/gcc/arm-none-eabi/10.3.1/thumb/v7e-m+fp/hard/crti.o
                0x000000000800c0e4                _fini
 .fini          0x000000000800c0e8        0x8 c:/st/stm32cubeide_1.8.0/stm32cubeide/plugins/com.st.stm32cube.ide.mcu.externaltools.gnu-tools-for-stm32.10.3-2021.10.win32_1.0.0.202111181127/tools/bin/../lib/gcc/arm-none-eabi/10.3.1/thumb/v7e-m+fp/hard/crtn.o
                0x000000000800c0f0                . = ALIGN (0x4)
                0x000000000800c0f0                _etext = .

.vfp11_veneer   0x000000000800c0f0        0x0
 .vfp11_veneer  0x000000000800c0f0        0x0 linker stubs

.v4_bx          0x000000000800c0f0        0x0
 .v4_bx         0x000000000800c0f0        0x0 linker stubs

.iplt           0x000000000800c0f0        0x0
 .iplt          0x000000000800c0f0        0x0 c:/st/stm32cubeide_1.8.0/stm32cubeide/plugins/com.st.stm32cube.ide.mcu.externaltools.gnu-tools-for-stm32.10.3-2021.10.win32_1.0.0.202111181127/tools/bin/../lib/gcc/arm-none-eabi/10.3.1/thumb/v7e-m+fp/hard/crtbegin.o

.rodata         0x000000000800c0f0      0x388
                0x000000000800c0f0                . = ALIGN (0x4)
 *(.rodata)
 *(.rodata*)
 .rodata.sine_array
                0x000000000800c0f0      0x320 ./Core/Src/main.o
                0x000000000800c0f0                sine_array
 .rodata.AHBPrescTable
                0x000000000800c410       0x10 ./Core/Src/system_stm32g4xx.o
                0x000000000800c410                AHBPrescTable
 .rodata.Zero   0x000000000800c420       0x10 c:/st/stm32cubeide_1.8.0/stm32cubeide/plugins/com.st.stm32cube.ide.mcu.externaltools.gnu-tools-for-stm32.10.3-2021.10.win32_1.0.0.202111181127/tools/bin/../lib/gcc/arm-none-eabi/10.3.1/../../../../arm-none-eabi/lib/thumb/v7e-m+fp/hard\libm.a(lib_a-e_fmod.o)
 .rodata.bp     0x000000000800c430       0x10 c:/st/stm32cubeide_1.8.0/stm32cubeide/plugins/com.st.stm32cube.ide.mcu.externaltools.gnu-tools-for-stm32.10.3-2021.10.win32_1.0.0.202111181127/tools/bin/../lib/gcc/arm-none-eabi/10.3.1/../../../../arm-none-eabi/lib/thumb/v7e-m+fp/hard\libm.a(lib_a-e_pow.o)
 .rodata.dp_h   0x000000000800c440       0x10 c:/st/stm32cubeide_1.8.0/stm32cubeide/plugins/com.st.stm32cube.ide.mcu.externaltools.gnu-tools-for-stm32.10.3-2021.10.win32_1.0.0.202111181127/tools/bin/../lib/gcc/arm-none-eabi/10.3.1/../../../../arm-none-eabi/lib/thumb/v7e-m+fp/hard\libm.a(lib_a-e_pow.o)
 .rodata.dp_l   0x000000000800c450       0x10 c:/st/stm32cubeide_1.8.0/stm32cubeide/plugins/com.st.stm32cube.ide.mcu.externaltools.gnu-tools-for-stm32.10.3-2021.10.win32_1.0.0.202111181127/tools/bin/../lib/gcc/arm-none-eabi/10.3.1/../../../../arm-none-eabi/lib/thumb/v7e-m+fp/hard\libm.a(lib_a-e_pow.o)
 .rodata.halF   0x000000000800c460        0x8 c:/st/stm32cubeide_1.8.0/stm32cubeide/plugins/com.st.stm32cube.ide.mcu.externaltools.gnu-tools-for-stm32.10.3-2021.10.win32_1.0.0.202111181127/tools/bin/../lib/gcc/arm-none-eabi/10.3.1/../../../../arm-none-eabi/lib/thumb/v7e-m+fp/hard\libm.a(lib_a-ef_exp.o)
 .rodata.ln2HI  0x000000000800c468        0x8 c:/st/stm32cubeide_1.8.0/stm32cubeide/plugins/com.st.stm32cube.ide.mcu.externaltools.gnu-tools-for-stm32.10.3-2021.10.win32_1.0.0.202111181127/tools/bin/../lib/gcc/arm-none-eabi/10.3.1/../../../../arm-none-eabi/lib/thumb/v7e-m+fp/hard\libm.a(lib_a-ef_exp.o)
 .rodata.ln2LO  0x000000000800c470        0x8 c:/st/stm32cubeide_1.8.0/stm32cubeide/plugins/com.st.stm32cube.ide.mcu.externaltools.gnu-tools-for-stm32.10.3-2021.10.win32_1.0.0.202111181127/tools/bin/../lib/gcc/arm-none-eabi/10.3.1/../../../../arm-none-eabi/lib/thumb/v7e-m+fp/hard\libm.a(lib_a-ef_exp.o)
                0x000000000800c478                . = ALIGN (0x4)

.rel.dyn        0x000000000800c478        0x0
 .rel.iplt      0x000000000800c478        0x0 c:/st/stm32cubeide_1.8.0/stm32cubeide/plugins/com.st.stm32cube.ide.mcu.externaltools.gnu-tools-for-stm32.10.3-2021.10.win32_1.0.0.202111181127/tools/bin/../lib/gcc/arm-none-eabi/10.3.1/thumb/v7e-m+fp/hard/crtbegin.o

.ARM.extab      0x000000000800c478        0x0
                0x000000000800c478                . = ALIGN (0x4)
 *(.ARM.extab* .gnu.linkonce.armextab.*)
                0x000000000800c478                . = ALIGN (0x4)

.ARM            0x000000000800c478        0x0
                0x000000000800c478                . = ALIGN (0x4)
                0x000000000800c478                __exidx_start = .
 *(.ARM.exidx*)
                0x000000000800c478                __exidx_end = .
                0x000000000800c478                . = ALIGN (0x4)

.preinit_array  0x000000000800c478        0x0
                0x000000000800c478                . = ALIGN (0x4)
                0x000000000800c478                PROVIDE (__preinit_array_start = .)
 *(.preinit_array*)
                0x000000000800c478                PROVIDE (__preinit_array_end = .)
                0x000000000800c478                . = ALIGN (0x4)

.init_array     0x000000000800c478        0x4
                0x000000000800c478                . = ALIGN (0x4)
                0x000000000800c478                PROVIDE (__init_array_start = .)
 *(SORT_BY_NAME(.init_array.*))
 *(.init_array*)
 .init_array    0x000000000800c478        0x4 c:/st/stm32cubeide_1.8.0/stm32cubeide/plugins/com.st.stm32cube.ide.mcu.externaltools.gnu-tools-for-stm32.10.3-2021.10.win32_1.0.0.202111181127/tools/bin/../lib/gcc/arm-none-eabi/10.3.1/thumb/v7e-m+fp/hard/crtbegin.o
                0x000000000800c47c                PROVIDE (__init_array_end = .)
                0x000000000800c47c                . = ALIGN (0x4)

.fini_array     0x000000000800c47c        0x4
                0x000000000800c47c                . = ALIGN (0x4)
                [!provide]                        PROVIDE (__fini_array_start = .)
 *(SORT_BY_NAME(.fini_array.*))
 *(.fini_array*)
 .fini_array    0x000000000800c47c        0x4 c:/st/stm32cubeide_1.8.0/stm32cubeide/plugins/com.st.stm32cube.ide.mcu.externaltools.gnu-tools-for-stm32.10.3-2021.10.win32_1.0.0.202111181127/tools/bin/../lib/gcc/arm-none-eabi/10.3.1/thumb/v7e-m+fp/hard/crtbegin.o
                [!provide]                        PROVIDE (__fini_array_end = .)
                0x000000000800c480                . = ALIGN (0x4)
                0x000000000800c480                _sidata = LOADADDR (.data)

.data           0x0000000020000000      0x518 load address 0x000000000800c480
                0x0000000020000000                . = ALIGN (0x4)
                0x0000000020000000                _sdata = .
 *(.data)
 *(.data*)
 .data.AS5048A_SPI
                0x0000000020000000       0x14 ./Core/Src/main.o
                0x0000000020000000                AS5048A_SPI
 .data.zero_electric_angle
                0x0000000020000014        0x4 ./Core/Src/main.o
                0x0000000020000014                zero_electric_angle
 .data.zero_electric_angle_avg
                0x0000000020000018        0x4 ./Core/Src/main.o
                0x0000000020000018                zero_electric_angle_avg
 .data.sensor_direction
                0x000000002000001c        0x4 ./Core/Src/main.o
                0x000000002000001c                sensor_direction
 .data.motor_param
                0x0000000020000020      0x12c ./Core/Src/main.o
                0x0000000020000020                motor_param
 .data.motor_param_SMC
                0x000000002000014c      0x118 ./Core/Src/main.o
                0x000000002000014c                motor_param_SMC
 .data.shaft_angle_pp
                0x0000000020000264      0x118 ./Core/Src/main.o
                0x0000000020000264                shaft_angle_pp
 .data.zero_angle_pp
                0x000000002000037c      0x118 ./Core/Src/main.o
                0x000000002000037c                zero_angle_pp
 .data.sensor_dir
                0x0000000020000494       0x14 ./Core/Src/main.o
                0x0000000020000494                sensor_dir
 .data.SystemCoreClock
                0x00000000200004a8        0x4 ./Core/Src/system_stm32g4xx.o
                0x00000000200004a8                SystemCoreClock
 .data.uwTickPrio
                0x00000000200004ac        0x4 ./Drivers/STM32G4xx_HAL_Driver/Src/stm32g4xx_hal.o
                0x00000000200004ac                uwTickPrio
 .data.uwTickFreq
                0x00000000200004b0        0x4 ./Drivers/STM32G4xx_HAL_Driver/Src/stm32g4xx_hal.o
                0x00000000200004b0                uwTickFreq
 .data._impure_ptr
                0x00000000200004b4        0x4 c:/st/stm32cubeide_1.8.0/stm32cubeide/plugins/com.st.stm32cube.ide.mcu.externaltools.gnu-tools-for-stm32.10.3-2021.10.win32_1.0.0.202111181127/tools/bin/../lib/gcc/arm-none-eabi/10.3.1/../../../../arm-none-eabi/lib/thumb/v7e-m+fp/hard\libc_nano.a(lib_a-impure.o)
                0x00000000200004b4                _impure_ptr
 .data.impure_data
                0x00000000200004b8       0x60 c:/st/stm32cubeide_1.8.0/stm32cubeide/plugins/com.st.stm32cube.ide.mcu.externaltools.gnu-tools-for-stm32.10.3-2021.10.win32_1.0.0.202111181127/tools/bin/../lib/gcc/arm-none-eabi/10.3.1/../../../../arm-none-eabi/lib/thumb/v7e-m+fp/hard\libc_nano.a(lib_a-impure.o)
 *(.RamFunc)
 *(.RamFunc*)
                0x0000000020000518                . = ALIGN (0x4)
                0x0000000020000518                _edata = .

.igot.plt       0x0000000020000518        0x0 load address 0x000000000800c998
 .igot.plt      0x0000000020000518        0x0 c:/st/stm32cubeide_1.8.0/stm32cubeide/plugins/com.st.stm32cube.ide.mcu.externaltools.gnu-tools-for-stm32.10.3-2021.10.win32_1.0.0.202111181127/tools/bin/../lib/gcc/arm-none-eabi/10.3.1/thumb/v7e-m+fp/hard/crtbegin.o
                0x0000000020000518                . = ALIGN (0x4)

.bss            0x0000000020000518      0x81c load address 0x000000000800c998
                0x0000000020000518                _sbss = .
                0x0000000020000518                __bss_start__ = _sbss
 *(.bss)
 .bss           0x0000000020000518       0x1c c:/st/stm32cubeide_1.8.0/stm32cubeide/plugins/com.st.stm32cube.ide.mcu.externaltools.gnu-tools-for-stm32.10.3-2021.10.win32_1.0.0.202111181127/tools/bin/../lib/gcc/arm-none-eabi/10.3.1/thumb/v7e-m+fp/hard/crtbegin.o
 *(.bss*)
 .bss.hadc1     0x0000000020000534       0x6c ./Core/Src/main.o
                0x0000000020000534                hadc1
 .bss.hadc2     0x00000000200005a0       0x6c ./Core/Src/main.o
                0x00000000200005a0                hadc2
 .bss.hdma_adc1
                0x000000002000060c       0x60 ./Core/Src/main.o
                0x000000002000060c                hdma_adc1
 .bss.hdma_adc2
                0x000000002000066c       0x60 ./Core/Src/main.o
                0x000000002000066c                hdma_adc2
 .bss.hcordic   0x00000000200006cc       0x28 ./Core/Src/main.o
                0x00000000200006cc                hcordic
 .bss.hcrc      0x00000000200006f4       0x24 ./Core/Src/main.o
                0x00000000200006f4                hcrc
 .bss.hfdcan1   0x0000000020000718       0x64 ./Core/Src/main.o
                0x0000000020000718                hfdcan1
 .bss.hfmac     0x000000002000077c       0x38 ./Core/Src/main.o
                0x000000002000077c                hfmac
 .bss.hspi1     0x00000000200007b4       0x64 ./Core/Src/main.o
                0x00000000200007b4                hspi1
 .bss.htim1     0x0000000020000818       0x4c ./Core/Src/main.o
                0x0000000020000818                htim1
 .bss.cpr       0x0000000020000864        0x4 ./Core/Src/main.o
                0x0000000020000864                cpr
 .bss.bit_resolution
                0x0000000020000868        0x4 ./Core/Src/main.o
                0x0000000020000868                bit_resolution
 .bss.command_parity_bit
                0x000000002000086c        0x4 ./Core/Src/main.o
                0x000000002000086c                command_parity_bit
 .bss.command_rw_bit
                0x0000000020000870        0x4 ./Core/Src/main.o
                0x0000000020000870                command_rw_bit
 .bss.data_start_bit
                0x0000000020000874        0x4 ./Core/Src/main.o
                0x0000000020000874                data_start_bit
 .bss.angle_register
                0x0000000020000878        0x4 ./Core/Src/main.o
                0x0000000020000878                angle_register
 .bss.angle_prev
                0x000000002000087c        0x4 ./Core/Src/main.o
                0x000000002000087c                angle_prev
 .bss.vel_angle_prev
                0x0000000020000880        0x4 ./Core/Src/main.o
                0x0000000020000880                vel_angle_prev
 .bss.acc_vel_prev
                0x0000000020000884        0x4 ./Core/Src/main.o
                0x0000000020000884                acc_vel_prev
 .bss.acc_vel   0x0000000020000888        0x4 ./Core/Src/main.o
                0x0000000020000888                acc_vel
 .bss.full_rotations
                0x000000002000088c        0x4 ./Core/Src/main.o
                0x000000002000088c                full_rotations
 .bss.vel_full_rotations
                0x0000000020000890        0x4 ./Core/Src/main.o
                0x0000000020000890                vel_full_rotations
 .bss.vel_angle_prev_ts
                0x0000000020000894        0x4 ./Core/Src/main.o
                0x0000000020000894                vel_angle_prev_ts
 .bss.angle_prev_ts
                0x0000000020000898        0x4 ./Core/Src/main.o
                0x0000000020000898                angle_prev_ts
 .bss.vel_angle_ts
                0x000000002000089c        0x4 ./Core/Src/main.o
                0x000000002000089c                vel_angle_ts
 .bss.acc_ts    0x00000000200008a0        0x4 ./Core/Src/main.o
                0x00000000200008a0                acc_ts
 .bss.acc_prev_ts
                0x00000000200008a4        0x4 ./Core/Src/main.o
                0x00000000200008a4                acc_prev_ts
 .bss.debug_current_dq
                0x00000000200008a8        0x8 ./Core/Src/main.o
                0x00000000200008a8                debug_current_dq
 .bss.debug_current_abc
                0x00000000200008b0       0x10 ./Core/Src/main.o
                0x00000000200008b0                debug_current_abc
 .bss.offset_ia
                0x00000000200008c0        0x8 ./Core/Src/main.o
                0x00000000200008c0                offset_ia
 .bss.offset_ib
                0x00000000200008c8        0x8 ./Core/Src/main.o
                0x00000000200008c8                offset_ib
 .bss.offset_ic
                0x00000000200008d0        0x8 ./Core/Src/main.o
                0x00000000200008d0                offset_ic
 .bss.gain_a    0x00000000200008d8        0x4 ./Core/Src/main.o
                0x00000000200008d8                gain_a
 .bss.gain_b    0x00000000200008dc        0x4 ./Core/Src/main.o
                0x00000000200008dc                gain_b
 .bss.gain_c    0x00000000200008e0        0x4 ./Core/Src/main.o
                0x00000000200008e0                gain_c
 .bss.R_sense   0x00000000200008e4        0x4 ./Core/Src/main.o
                0x00000000200008e4                R_sense
 .bss.CurrentSense_resistance
                0x00000000200008e8        0x4 ./Core/Src/main.o
                0x00000000200008e8                CurrentSense_resistance
 .bss.CurrentSense_gain
                0x00000000200008ec        0x4 ./Core/Src/main.o
                0x00000000200008ec                CurrentSense_gain
 .bss.adcResultDMA_a
                0x00000000200008f0        0x4 ./Core/Src/main.o
                0x00000000200008f0                adcResultDMA_a
 .bss.adcResultDMA_b
                0x00000000200008f4        0x4 ./Core/Src/main.o
                0x00000000200008f4                adcResultDMA_b
 .bss.Ua        0x00000000200008f8        0x4 ./Core/Src/main.o
                0x00000000200008f8                Ua
 .bss.Ub        0x00000000200008fc        0x4 ./Core/Src/main.o
                0x00000000200008fc                Ub
 .bss.Uc        0x0000000020000900        0x4 ./Core/Src/main.o
                0x0000000020000900                Uc
 .bss.target    0x0000000020000904        0x4 ./Core/Src/main.o
                0x0000000020000904                target
 .bss.shaft_angle
                0x0000000020000908        0x4 ./Core/Src/main.o
                0x0000000020000908                shaft_angle
 .bss.electrical_angle
                0x000000002000090c        0x4 ./Core/Src/main.o
                0x000000002000090c                electrical_angle
 .bss.shaft_velocity
                0x0000000020000910        0x4 ./Core/Src/main.o
                0x0000000020000910                shaft_velocity
 .bss.current_sp
                0x0000000020000914        0x4 ./Core/Src/main.o
                0x0000000020000914                current_sp
 .bss.shaft_velocity_sp
                0x0000000020000918        0x4 ./Core/Src/main.o
                0x0000000020000918                shaft_velocity_sp
 .bss.shaft_angle_sp
                0x000000002000091c        0x4 ./Core/Src/main.o
                0x000000002000091c                shaft_angle_sp
 .bss.voltage   0x0000000020000920        0x8 ./Core/Src/main.o
                0x0000000020000920                voltage
 .bss.current   0x0000000020000928        0x8 ./Core/Src/main.o
                0x0000000020000928                current
 .bss.LPF_angle
                0x0000000020000930       0x14 ./Core/Src/main.o
                0x0000000020000930                LPF_angle
 .bss.LPF_velocity
                0x0000000020000944       0x14 ./Core/Src/main.o
                0x0000000020000944                LPF_velocity
 .bss.LPF_acceleration
                0x0000000020000958       0x14 ./Core/Src/main.o
                0x0000000020000958                LPF_acceleration
 .bss.LPF_current_Q
                0x000000002000096c       0x14 ./Core/Src/main.o
                0x000000002000096c                LPF_current_Q
 .bss.LPF_current_D
                0x0000000020000980       0x14 ./Core/Src/main.o
                0x0000000020000980                LPF_current_D
 .bss.LPF_Command_setpoint
                0x0000000020000994       0x14 ./Core/Src/main.o
                0x0000000020000994                LPF_Command_setpoint
 .bss.LPF_w_est
                0x00000000200009a8       0x14 ./Core/Src/main.o
                0x00000000200009a8                LPF_w_est
 .bss.LPF_r_est
                0x00000000200009bc       0x14 ./Core/Src/main.o
                0x00000000200009bc                LPF_r_est
 .bss.LPF_SMC_out
                0x00000000200009d0       0x14 ./Core/Src/main.o
                0x00000000200009d0                LPF_SMC_out
 *fill*         0x00000000200009e4        0x4 
 .bss.current_D
                0x00000000200009e8       0x38 ./Core/Src/main.o
                0x00000000200009e8                current_D
 .bss.current_Q
                0x0000000020000a20       0x38 ./Core/Src/main.o
                0x0000000020000a20                current_Q
 .bss.velocity  0x0000000020000a58       0x38 ./Core/Src/main.o
                0x0000000020000a58                velocity
 .bss.angle     0x0000000020000a90       0x38 ./Core/Src/main.o
                0x0000000020000a90                angle
 .bss.SMC_vel   0x0000000020000ac8       0x80 ./Core/Src/main.o
                0x0000000020000ac8                SMC_vel
 .bss.SMC_ang   0x0000000020000b48       0x80 ./Core/Src/main.o
                0x0000000020000b48                SMC_ang
 .bss.fusion_vel
                0x0000000020000bc8       0x74 ./Core/Src/main.o
                0x0000000020000bc8                fusion_vel
 .bss.voltage_sensor_align
                0x0000000020000c3c        0x4 ./Core/Src/main.o
                0x0000000020000c3c                voltage_sensor_align
 .bss.velocity_index_search
                0x0000000020000c40        0x4 ./Core/Src/main.o
                0x0000000020000c40                velocity_index_search
 .bss.voltage_power_supply
                0x0000000020000c44        0x4 ./Core/Src/main.o
                0x0000000020000c44                voltage_power_supply
 .bss.phase_resistance
                0x0000000020000c48        0x4 ./Core/Src/main.o
                0x0000000020000c48                phase_resistance
 .bss.phase_inductance
                0x0000000020000c4c        0x4 ./Core/Src/main.o
                0x0000000020000c4c                phase_inductance
 .bss.inertia   0x0000000020000c50        0x4 ./Core/Src/main.o
                0x0000000020000c50                inertia
 .bss.flux_linkage
                0x0000000020000c54        0x4 ./Core/Src/main.o
                0x0000000020000c54                flux_linkage
 .bss.damping   0x0000000020000c58        0x4 ./Core/Src/main.o
                0x0000000020000c58                damping
 .bss.pole_pairs
                0x0000000020000c5c        0x4 ./Core/Src/main.o
                0x0000000020000c5c                pole_pairs
 .bss.voltage_limit
                0x0000000020000c60        0x4 ./Core/Src/main.o
                0x0000000020000c60                voltage_limit
 .bss.current_limit
                0x0000000020000c64        0x4 ./Core/Src/main.o
                0x0000000020000c64                current_limit
 .bss.velocity_limit
                0x0000000020000c68        0x4 ./Core/Src/main.o
                0x0000000020000c68                velocity_limit
 .bss.sensor_offset
                0x0000000020000c6c        0x4 ./Core/Src/main.o
                0x0000000020000c6c                sensor_offset
 .bss.align     0x0000000020000c70       0x70 ./Core/Src/main.o
                0x0000000020000c70                align
 .bss.open_loop_timestamp
                0x0000000020000ce0        0x4 ./Core/Src/main.o
                0x0000000020000ce0                open_loop_timestamp
 .bss.dtx       0x0000000020000ce4        0x4 ./Core/Src/main.o
                0x0000000020000ce4                dtx
 .bss.temp      0x0000000020000ce8        0x2 ./Core/Src/main.o
                0x0000000020000ce8                temp
 *fill*         0x0000000020000cea        0x2 
 .bss.t1        0x0000000020000cec        0x4 ./Core/Src/main.o
                0x0000000020000cec                t1
 .bss.t2        0x0000000020000cf0        0x4 ./Core/Src/main.o
                0x0000000020000cf0                t2
 .bss.Command_setpoint
                0x0000000020000cf4        0x4 ./Core/Src/main.o
                0x0000000020000cf4                Command_setpoint
 .bss.LP_Command_setpoint
                0x0000000020000cf8        0x4 ./Core/Src/main.o
                0x0000000020000cf8                LP_Command_setpoint
 .bss.prev_Command_setpoint
                0x0000000020000cfc        0x4 ./Core/Src/main.o
                0x0000000020000cfc                prev_Command_setpoint
 .bss.offset_Command_setpoint
                0x0000000020000d00        0x4 ./Core/Src/main.o
                0x0000000020000d00                offset_Command_setpoint
 .bss._acceleration
                0x0000000020000d04        0x4 ./Core/Src/main.o
                0x0000000020000d04                _acceleration
 .bss._velocity
                0x0000000020000d08        0x4 ./Core/Src/main.o
                0x0000000020000d08                _velocity
 .bss._angle    0x0000000020000d0c        0x4 ./Core/Src/main.o
                0x0000000020000d0c                _angle
 .bss._setpoint
                0x0000000020000d10        0x4 ./Core/Src/main.o
                0x0000000020000d10                _setpoint
 .bss._1a       0x0000000020000d14        0x4 ./Core/Src/main.o
                0x0000000020000d14                _1a
 .bss._2a       0x0000000020000d18        0x4 ./Core/Src/main.o
                0x0000000020000d18                _2a
 .bss._3a       0x0000000020000d1c        0x4 ./Core/Src/main.o
                0x0000000020000d1c                _3a
 .bss.motor_nbr
                0x0000000020000d20        0x4 ./Core/Src/main.o
                0x0000000020000d20                motor_nbr
 .bss.state_enable
                0x0000000020000d24        0x1 ./Core/Src/main.o
                0x0000000020000d24                state_enable
 *fill*         0x0000000020000d25        0x3 
 .bss.state_control
                0x0000000020000d28        0x4 ./Core/Src/main.o
                0x0000000020000d28                state_control
 .bss.HAL_RCC_ADC12_CLK_ENABLED
                0x0000000020000d2c        0x4 ./Core/Src/stm32g4xx_hal_msp.o
 .bss.uwTick    0x0000000020000d30        0x4 ./Drivers/STM32G4xx_HAL_Driver/Src/stm32g4xx_hal.o
                0x0000000020000d30                uwTick
 *(COMMON)
                0x0000000020000d34                . = ALIGN (0x4)
                0x0000000020000d34                _ebss = .
                0x0000000020000d34                __bss_end__ = _ebss

._user_heap_stack
                0x0000000020000d34      0x604 load address 0x000000000800c998
                0x0000000020000d38                . = ALIGN (0x8)
 *fill*         0x0000000020000d34        0x4 
                [!provide]                        PROVIDE (end = .)
                0x0000000020000d38                PROVIDE (_end = .)
                0x0000000020000f38                . = (. + _Min_Heap_Size)
 *fill*         0x0000000020000d38      0x200 
                0x0000000020001338                . = (. + _Min_Stack_Size)
 *fill*         0x0000000020000f38      0x400 
                0x0000000020001338                . = ALIGN (0x8)

/DISCARD/
 libc.a(*)
 libm.a(*)
 libgcc.a(*)

.ARM.attributes
                0x0000000000000000       0x30
 *(.ARM.attributes)
 .ARM.attributes
                0x0000000000000000       0x1e c:/st/stm32cubeide_1.8.0/stm32cubeide/plugins/com.st.stm32cube.ide.mcu.externaltools.gnu-tools-for-stm32.10.3-2021.10.win32_1.0.0.202111181127/tools/bin/../lib/gcc/arm-none-eabi/10.3.1/thumb/v7e-m+fp/hard/crti.o
 .ARM.attributes
                0x000000000000001e       0x34 c:/st/stm32cubeide_1.8.0/stm32cubeide/plugins/com.st.stm32cube.ide.mcu.externaltools.gnu-tools-for-stm32.10.3-2021.10.win32_1.0.0.202111181127/tools/bin/../lib/gcc/arm-none-eabi/10.3.1/thumb/v7e-m+fp/hard/crtbegin.o
 .ARM.attributes
                0x0000000000000052       0x34 ./Core/Src/main.o
 .ARM.attributes
                0x0000000000000086       0x34 ./Core/Src/stm32g4xx_hal_msp.o
 .ARM.attributes
                0x00000000000000ba       0x34 ./Core/Src/stm32g4xx_it.o
 .ARM.attributes
                0x00000000000000ee       0x34 ./Core/Src/system_stm32g4xx.o
 .ARM.attributes
                0x0000000000000122       0x21 ./Core/Startup/startup_stm32g491keux.o
 .ARM.attributes
                0x0000000000000143       0x34 ./Drivers/STM32G4xx_HAL_Driver/Src/stm32g4xx_hal.o
 .ARM.attributes
                0x0000000000000177       0x34 ./Drivers/STM32G4xx_HAL_Driver/Src/stm32g4xx_hal_adc.o
 .ARM.attributes
                0x00000000000001ab       0x34 ./Drivers/STM32G4xx_HAL_Driver/Src/stm32g4xx_hal_adc_ex.o
 .ARM.attributes
                0x00000000000001df       0x34 ./Drivers/STM32G4xx_HAL_Driver/Src/stm32g4xx_hal_cordic.o
 .ARM.attributes
                0x0000000000000213       0x34 ./Drivers/STM32G4xx_HAL_Driver/Src/stm32g4xx_hal_cortex.o
 .ARM.attributes
                0x0000000000000247       0x34 ./Drivers/STM32G4xx_HAL_Driver/Src/stm32g4xx_hal_crc.o
 .ARM.attributes
                0x000000000000027b       0x34 ./Drivers/STM32G4xx_HAL_Driver/Src/stm32g4xx_hal_crc_ex.o
 .ARM.attributes
                0x00000000000002af       0x34 ./Drivers/STM32G4xx_HAL_Driver/Src/stm32g4xx_hal_dma.o
 .ARM.attributes
                0x00000000000002e3       0x34 ./Drivers/STM32G4xx_HAL_Driver/Src/stm32g4xx_hal_fdcan.o
 .ARM.attributes
                0x0000000000000317       0x34 ./Drivers/STM32G4xx_HAL_Driver/Src/stm32g4xx_hal_fmac.o
 .ARM.attributes
                0x000000000000034b       0x34 ./Drivers/STM32G4xx_HAL_Driver/Src/stm32g4xx_hal_gpio.o
 .ARM.attributes
                0x000000000000037f       0x34 ./Drivers/STM32G4xx_HAL_Driver/Src/stm32g4xx_hal_pwr_ex.o
 .ARM.attributes
                0x00000000000003b3       0x34 ./Drivers/STM32G4xx_HAL_Driver/Src/stm32g4xx_hal_rcc.o
 .ARM.attributes
                0x00000000000003e7       0x34 ./Drivers/STM32G4xx_HAL_Driver/Src/stm32g4xx_hal_rcc_ex.o
 .ARM.attributes
                0x000000000000041b       0x34 ./Drivers/STM32G4xx_HAL_Driver/Src/stm32g4xx_hal_spi.o
 .ARM.attributes
                0x000000000000044f       0x34 ./Drivers/STM32G4xx_HAL_Driver/Src/stm32g4xx_hal_tim.o
 .ARM.attributes
                0x0000000000000483       0x34 ./Drivers/STM32G4xx_HAL_Driver/Src/stm32g4xx_hal_tim_ex.o
 .ARM.attributes
                0x00000000000004b7       0x34 c:/st/stm32cubeide_1.8.0/stm32cubeide/plugins/com.st.stm32cube.ide.mcu.externaltools.gnu-tools-for-stm32.10.3-2021.10.win32_1.0.0.202111181127/tools/bin/../lib/gcc/arm-none-eabi/10.3.1/../../../../arm-none-eabi/lib/thumb/v7e-m+fp/hard\libc_nano.a(lib_a-errno.o)
 .ARM.attributes
                0x00000000000004eb       0x34 c:/st/stm32cubeide_1.8.0/stm32cubeide/plugins/com.st.stm32cube.ide.mcu.externaltools.gnu-tools-for-stm32.10.3-2021.10.win32_1.0.0.202111181127/tools/bin/../lib/gcc/arm-none-eabi/10.3.1/../../../../arm-none-eabi/lib/thumb/v7e-m+fp/hard\libc_nano.a(lib_a-impure.o)
 .ARM.attributes
                0x000000000000051f       0x34 c:/st/stm32cubeide_1.8.0/stm32cubeide/plugins/com.st.stm32cube.ide.mcu.externaltools.gnu-tools-for-stm32.10.3-2021.10.win32_1.0.0.202111181127/tools/bin/../lib/gcc/arm-none-eabi/10.3.1/../../../../arm-none-eabi/lib/thumb/v7e-m+fp/hard\libc_nano.a(lib_a-init.o)
 .ARM.attributes
                0x0000000000000553       0x34 c:/st/stm32cubeide_1.8.0/stm32cubeide/plugins/com.st.stm32cube.ide.mcu.externaltools.gnu-tools-for-stm32.10.3-2021.10.win32_1.0.0.202111181127/tools/bin/../lib/gcc/arm-none-eabi/10.3.1/../../../../arm-none-eabi/lib/thumb/v7e-m+fp/hard\libc_nano.a(lib_a-memcpy-stub.o)
 .ARM.attributes
                0x0000000000000587       0x34 c:/st/stm32cubeide_1.8.0/stm32cubeide/plugins/com.st.stm32cube.ide.mcu.externaltools.gnu-tools-for-stm32.10.3-2021.10.win32_1.0.0.202111181127/tools/bin/../lib/gcc/arm-none-eabi/10.3.1/../../../../arm-none-eabi/lib/thumb/v7e-m+fp/hard\libc_nano.a(lib_a-memset.o)
 .ARM.attributes
                0x00000000000005bb       0x34 c:/st/stm32cubeide_1.8.0/stm32cubeide/plugins/com.st.stm32cube.ide.mcu.externaltools.gnu-tools-for-stm32.10.3-2021.10.win32_1.0.0.202111181127/tools/bin/../lib/gcc/arm-none-eabi/10.3.1/../../../../arm-none-eabi/lib/thumb/v7e-m+fp/hard\libm.a(lib_a-w_fmod.o)
 .ARM.attributes
                0x00000000000005ef       0x34 c:/st/stm32cubeide_1.8.0/stm32cubeide/plugins/com.st.stm32cube.ide.mcu.externaltools.gnu-tools-for-stm32.10.3-2021.10.win32_1.0.0.202111181127/tools/bin/../lib/gcc/arm-none-eabi/10.3.1/../../../../arm-none-eabi/lib/thumb/v7e-m+fp/hard\libm.a(lib_a-w_pow.o)
 .ARM.attributes
                0x0000000000000623       0x34 c:/st/stm32cubeide_1.8.0/stm32cubeide/plugins/com.st.stm32cube.ide.mcu.externaltools.gnu-tools-for-stm32.10.3-2021.10.win32_1.0.0.202111181127/tools/bin/../lib/gcc/arm-none-eabi/10.3.1/../../../../arm-none-eabi/lib/thumb/v7e-m+fp/hard\libm.a(lib_a-wf_exp.o)
 .ARM.attributes
                0x0000000000000657       0x34 c:/st/stm32cubeide_1.8.0/stm32cubeide/plugins/com.st.stm32cube.ide.mcu.externaltools.gnu-tools-for-stm32.10.3-2021.10.win32_1.0.0.202111181127/tools/bin/../lib/gcc/arm-none-eabi/10.3.1/../../../../arm-none-eabi/lib/thumb/v7e-m+fp/hard\libm.a(lib_a-e_fmod.o)
 .ARM.attributes
                0x000000000000068b       0x34 c:/st/stm32cubeide_1.8.0/stm32cubeide/plugins/com.st.stm32cube.ide.mcu.externaltools.gnu-tools-for-stm32.10.3-2021.10.win32_1.0.0.202111181127/tools/bin/../lib/gcc/arm-none-eabi/10.3.1/../../../../arm-none-eabi/lib/thumb/v7e-m+fp/hard\libm.a(lib_a-e_pow.o)
 .ARM.attributes
                0x00000000000006bf       0x34 c:/st/stm32cubeide_1.8.0/stm32cubeide/plugins/com.st.stm32cube.ide.mcu.externaltools.gnu-tools-for-stm32.10.3-2021.10.win32_1.0.0.202111181127/tools/bin/../lib/gcc/arm-none-eabi/10.3.1/../../../../arm-none-eabi/lib/thumb/v7e-m+fp/hard\libm.a(lib_a-e_sqrt.o)
 .ARM.attributes
                0x00000000000006f3       0x34 c:/st/stm32cubeide_1.8.0/stm32cubeide/plugins/com.st.stm32cube.ide.mcu.externaltools.gnu-tools-for-stm32.10.3-2021.10.win32_1.0.0.202111181127/tools/bin/../lib/gcc/arm-none-eabi/10.3.1/../../../../arm-none-eabi/lib/thumb/v7e-m+fp/hard\libm.a(lib_a-ef_exp.o)
 .ARM.attributes
                0x0000000000000727       0x34 c:/st/stm32cubeide_1.8.0/stm32cubeide/plugins/com.st.stm32cube.ide.mcu.externaltools.gnu-tools-for-stm32.10.3-2021.10.win32_1.0.0.202111181127/tools/bin/../lib/gcc/arm-none-eabi/10.3.1/../../../../arm-none-eabi/lib/thumb/v7e-m+fp/hard\libm.a(lib_a-math_err.o)
 .ARM.attributes