core_cm3.h:1876:26:ITM_SendChar	16	static,ignoring_inline_asm
main.c:307:5:_write	32	static
main.c:343:6:HAL_CAN_RxFifo0MsgPendingCallback	16	static
main.c:403:5:main	16	static
main.c:663:6:SystemClock_Config	88	static
main.c:709:13:MX_ADC1_Init	24	static
main.c:771:13:MX_CAN_Init	8	static
main.c:809:13:MX_SPI1_Init	8	static
main.c:847:13:MX_TIM2_Init	64	static
main.c:914:13:MX_TIM4_Init	32	static
main.c:959:13:MX_USART1_UART_Init	8	static
main.c:990:13:MX_DMA_Init	16	static
main.c:1008:13:MX_GPIO_Init	40	static
main.c:1054:22:DWT_Init	4	static
main.c:1067:26:micros	4	static
main.c:1073:6:HAL_TIM_PeriodElapsedCallback	16	static
main.c:1090:6:CAN_init_446	48	static
main.c:1121:6:CAN_init_103	48	static
main.c:1151:6:float2Bytes	24	static
main.c:1165:7:Bytes2float	24	static
main.c:1175:6:ADC_Select_CH3	24	static
main.c:1189:6:ADC_Select_CH8	24	static
main.c:1203:6:ADC_Select_CH9	24	static
main.c:1217:10:getValueCH3	16	static
main.c:1228:10:getValueCH8	16	static
main.c:1239:10:getValueCH9	16	static
main.c:1251:6:initCurrentsense	16	static
main.c:1260:6:calibrateOffsets	24	static
main.c:1282:23:getPhaseCurrents	40	static
main.c:1296:20:getFOCCurrents	64	static
main.c:1333:7:_sin	16	static
main.c:1365:7:_cos	24	static
main.c:1373:7:_normalizeAngle	24	static
main.c:1380:7:_electricalAngle	16	static
main.c:1388:7:_sqrtApprox	24	static
main.c:1406:6:MagneticSensorSPI_init	8	static
main.c:1424:9:spiCalcEvenParity	24	static
main.c:1443:10:read	32	static
main.c:1485:5:getRawCount	8	static
main.c:1492:7:getSensorAngle	8	static
main.c:1497:6:Sensor_init	8	static
main.c:1511:6:updateSensor	16	static
main.c:1522:7:getMechanicalAngle	4	static
main.c:1527:7:getAngle	16	static
main.c:1532:9:getFullRotations	4	static
main.c:1538:7:getvelocity	24	static
main.c:1555:7:shaftAngle	40	static
main.c:1562:7:shaftVelocity	40	static
main.c:1570:7:electricalAngle	16	static
main.c:1578:6:writeDutyCycle3PWM	32	static
main.c:1587:6:setPhaseVoltage	88	static
main.c:1682:5:needsSearch	4	static
main.c:1688:5:absoluteZeroSearch	16	static
main.c:1711:5:alignSensor	48	static
main.c:1785:5:initFOC	24	static
main.c:1807:6:loopFOC	128	static
main.c:1843:12:LowPassFilter	40	static
main.c:1869:12:PID	56	static
main.c:1923:6:move_velocity	112	static
main.c:1945:6:move_angle	112	static
main.c:1972:6:move_haptic	112	static
main.c:1991:6:move_torque	16	static
main.c:2042:7:velocityOpenloop	32	static
main.c:2069:6:move_velocity_openloop	16	static
main.c:2079:7:angleOpenloop	40	static
main.c:2119:6:Error_Handler	4	static,ignoring_inline_asm
