../Drivers/STM32F1xx_HAL_Driver/Src/stm32f1xx_hal_spi.c:337:19:HAL_SPI_Init	16	static
../Drivers/STM32F1xx_HAL_Driver/Src/stm32f1xx_hal_spi.c:450:19:HAL_SPI_DeInit	16	static
../Drivers/STM32F1xx_HAL_Driver/Src/stm32f1xx_hal_spi.c:492:13:HAL_SPI_MspInit	16	static
../Drivers/STM32F1xx_HAL_Driver/Src/stm32f1xx_hal_spi.c:507:13:HAL_SPI_MspDeInit	16	static
../Drivers/STM32F1xx_HAL_Driver/Src/stm32f1xx_hal_spi.c:778:19:HAL_SPI_Transmit	40	static
../Drivers/STM32F1xx_HAL_Driver/Src/stm32f1xx_hal_spi.c:925:19:HAL_SPI_Receive	40	static
../Drivers/STM32F1xx_HAL_Driver/Src/stm32f1xx_hal_spi.c:1122:19:HAL_SPI_TransmitReceive	56	static
../Drivers/STM32F1xx_HAL_Driver/Src/stm32f1xx_hal_spi.c:1345:19:HAL_SPI_Transmit_IT	32	static
../Drivers/STM32F1xx_HAL_Driver/Src/stm32f1xx_hal_spi.c:1422:19:HAL_SPI_Receive_IT	32	static
../Drivers/STM32F1xx_HAL_Driver/Src/stm32f1xx_hal_spi.c:1509:19:HAL_SPI_TransmitReceive_IT	32	static
../Drivers/STM32F1xx_HAL_Driver/Src/stm32f1xx_hal_spi.c:1592:19:HAL_SPI_Transmit_DMA	32	static
../Drivers/STM32F1xx_HAL_Driver/Src/stm32f1xx_hal_spi.c:1696:19:HAL_SPI_Receive_DMA	32	static
../Drivers/STM32F1xx_HAL_Driver/Src/stm32f1xx_hal_spi.c:1807:19:HAL_SPI_TransmitReceive_DMA	32	static
../Drivers/STM32F1xx_HAL_Driver/Src/stm32f1xx_hal_spi.c:1947:19:HAL_SPI_Abort	32	static
../Drivers/STM32F1xx_HAL_Driver/Src/stm32f1xx_hal_spi.c:2073:19:HAL_SPI_Abort_IT	40	static
../Drivers/STM32F1xx_HAL_Driver/Src/stm32f1xx_hal_spi.c:2204:19:HAL_SPI_DMAPause	16	static
../Drivers/STM32F1xx_HAL_Driver/Src/stm32f1xx_hal_spi.c:2223:19:HAL_SPI_DMAResume	16	static
../Drivers/STM32F1xx_HAL_Driver/Src/stm32f1xx_hal_spi.c:2242:19:HAL_SPI_DMAStop	24	static
../Drivers/STM32F1xx_HAL_Driver/Src/stm32f1xx_hal_spi.c:2277:6:HAL_SPI_IRQHandler	40	static
../Drivers/STM32F1xx_HAL_Driver/Src/stm32f1xx_hal_spi.c:2367:13:HAL_SPI_TxCpltCallback	16	static
../Drivers/STM32F1xx_HAL_Driver/Src/stm32f1xx_hal_spi.c:2382:13:HAL_SPI_RxCpltCallback	16	static
../Drivers/STM32F1xx_HAL_Driver/Src/stm32f1xx_hal_spi.c:2397:13:HAL_SPI_TxRxCpltCallback	16	static
../Drivers/STM32F1xx_HAL_Driver/Src/stm32f1xx_hal_spi.c:2412:13:HAL_SPI_TxHalfCpltCallback	16	static
../Drivers/STM32F1xx_HAL_Driver/Src/stm32f1xx_hal_spi.c:2427:13:HAL_SPI_RxHalfCpltCallback	16	static
../Drivers/STM32F1xx_HAL_Driver/Src/stm32f1xx_hal_spi.c:2442:13:HAL_SPI_TxRxHalfCpltCallback	16	static
../Drivers/STM32F1xx_HAL_Driver/Src/stm32f1xx_hal_spi.c:2457:13:HAL_SPI_ErrorCallback	16	static
../Drivers/STM32F1xx_HAL_Driver/Src/stm32f1xx_hal_spi.c:2474:13:HAL_SPI_AbortCpltCallback	16	static
../Drivers/STM32F1xx_HAL_Driver/Src/stm32f1xx_hal_spi.c:2508:22:HAL_SPI_GetState	16	static
../Drivers/STM32F1xx_HAL_Driver/Src/stm32f1xx_hal_spi.c:2519:10:HAL_SPI_GetError	16	static
../Drivers/STM32F1xx_HAL_Driver/Src/stm32f1xx_hal_spi.c:2543:13:SPI_DMATransmitCplt	32	static
../Drivers/STM32F1xx_HAL_Driver/Src/stm32f1xx_hal_spi.c:2597:13:SPI_DMAReceiveCplt	24	static
../Drivers/STM32F1xx_HAL_Driver/Src/stm32f1xx_hal_spi.c:2692:13:SPI_DMATransmitReceiveCplt	24	static
../Drivers/STM32F1xx_HAL_Driver/Src/stm32f1xx_hal_spi.c:2780:13:SPI_DMAHalfTransmitCplt	24	static
../Drivers/STM32F1xx_HAL_Driver/Src/stm32f1xx_hal_spi.c:2798:13:SPI_DMAHalfReceiveCplt	24	static
../Drivers/STM32F1xx_HAL_Driver/Src/stm32f1xx_hal_spi.c:2816:13:SPI_DMAHalfTransmitReceiveCplt	24	static
../Drivers/STM32F1xx_HAL_Driver/Src/stm32f1xx_hal_spi.c:2834:13:SPI_DMAError	24	static
../Drivers/STM32F1xx_HAL_Driver/Src/stm32f1xx_hal_spi.c:2857:13:SPI_DMAAbortOnError	24	static
../Drivers/STM32F1xx_HAL_Driver/Src/stm32f1xx_hal_spi.c:2879:13:SPI_DMATxAbortCallback	32	static
../Drivers/STM32F1xx_HAL_Driver/Src/stm32f1xx_hal_spi.c:2938:13:SPI_DMARxAbortCallback	24	static
../Drivers/STM32F1xx_HAL_Driver/Src/stm32f1xx_hal_spi.c:2993:13:SPI_2linesRxISR_8BIT	16	static
../Drivers/STM32F1xx_HAL_Driver/Src/stm32f1xx_hal_spi.c:3053:13:SPI_2linesTxISR_8BIT	16	static
../Drivers/STM32F1xx_HAL_Driver/Src/stm32f1xx_hal_spi.c:3086:13:SPI_2linesRxISR_16BIT	16	static
../Drivers/STM32F1xx_HAL_Driver/Src/stm32f1xx_hal_spi.c:3139:13:SPI_2linesTxISR_16BIT	16	static
../Drivers/STM32F1xx_HAL_Driver/Src/stm32f1xx_hal_spi.c:3196:13:SPI_RxISR_8BIT	16	static
../Drivers/STM32F1xx_HAL_Driver/Src/stm32f1xx_hal_spi.c:3257:13:SPI_RxISR_16BIT	16	static
../Drivers/STM32F1xx_HAL_Driver/Src/stm32f1xx_hal_spi.c:3295:13:SPI_TxISR_8BIT	16	static
../Drivers/STM32F1xx_HAL_Driver/Src/stm32f1xx_hal_spi.c:3318:13:SPI_TxISR_16BIT	16	static
../Drivers/STM32F1xx_HAL_Driver/Src/stm32f1xx_hal_spi.c:3346:26:SPI_WaitFlagStateUntilTimeout	40	static
../Drivers/STM32F1xx_HAL_Driver/Src/stm32f1xx_hal_spi.c:3410:26:SPI_EndRxTransaction	32	static
../Drivers/STM32F1xx_HAL_Driver/Src/stm32f1xx_hal_spi.c:3445:26:SPI_EndRxTxTransaction	32	static
../Drivers/STM32F1xx_HAL_Driver/Src/stm32f1xx_hal_spi.c:3462:13:SPI_CloseRxTx_ISR	32	static
../Drivers/STM32F1xx_HAL_Driver/Src/stm32f1xx_hal_spi.c:3558:13:SPI_CloseRx_ISR	24	static
../Drivers/STM32F1xx_HAL_Driver/Src/stm32f1xx_hal_spi.c:3627:13:SPI_CloseTx_ISR	32	static
../Drivers/STM32F1xx_HAL_Driver/Src/stm32f1xx_hal_spi.c:3681:13:SPI_AbortRx_ISR	24	static
../Drivers/STM32F1xx_HAL_Driver/Src/stm32f1xx_hal_spi.c:3715:13:SPI_AbortTx_ISR	16	static
