../Drivers/STM32F1xx_HAL_Driver/Src/stm32f1xx_hal_flash.c:168:19:HAL_FLASH_Program	48	static
../Drivers/STM32F1xx_HAL_Driver/Src/stm32f1xx_hal_flash.c:260:19:HAL_FLASH_Program_IT	32	static
../Drivers/STM32F1xx_HAL_Driver/Src/stm32f1xx_hal_flash.c:320:6:HAL_FLASH_IRQHandler	16	static
../Drivers/STM32F1xx_HAL_Driver/Src/stm32f1xx_hal_flash.c:577:13:HAL_FLASH_EndOfOperationCallback	16	static
../Drivers/STM32F1xx_HAL_Driver/Src/stm32f1xx_hal_flash.c:594:13:HAL_FLASH_OperationErrorCallback	16	static
../Drivers/STM32F1xx_HAL_Driver/Src/stm32f1xx_hal_flash.c:626:19:HAL_FLASH_Unlock	16	static
../Drivers/STM32F1xx_HAL_Driver/Src/stm32f1xx_hal_flash.c:661:19:HAL_FLASH_Lock	4	static
../Drivers/STM32F1xx_HAL_Driver/Src/stm32f1xx_hal_flash.c:677:19:HAL_FLASH_OB_Unlock	4	static
../Drivers/STM32F1xx_HAL_Driver/Src/stm32f1xx_hal_flash.c:693:19:HAL_FLASH_OB_Lock	4	static
../Drivers/STM32F1xx_HAL_Driver/Src/stm32f1xx_hal_flash.c:705:6:HAL_FLASH_OB_Launch	8	static
../Drivers/STM32F1xx_HAL_Driver/Src/stm32f1xx_hal_flash.c:733:10:HAL_FLASH_GetError	4	static
../Drivers/STM32F1xx_HAL_Driver/Src/stm32f1xx_hal_flash.c:755:13:FLASH_Program_HalfWord	16	static
../Drivers/STM32F1xx_HAL_Driver/Src/stm32f1xx_hal_flash.c:783:19:FLASH_WaitForLastOperation	24	static
../Drivers/STM32F1xx_HAL_Driver/Src/stm32f1xx_hal_flash.c:865:13:FLASH_SetErrorCode	16	static
