../Drivers/STM32G4xx_HAL_Driver/Src/stm32g4xx_hal_fmac.c:382:19:HAL_FMAC_Init	24	static
../Drivers/STM32G4xx_HAL_Driver/Src/stm32g4xx_hal_fmac.c:455:19:HAL_FMAC_DeInit	16	static
../Drivers/STM32G4xx_HAL_Driver/Src/stm32g4xx_hal_fmac.c:502:13:HAL_FMAC_MspInit	16	static
../Drivers/STM32G4xx_HAL_Driver/Src/stm32g4xx_hal_fmac.c:517:13:HAL_FMAC_MspDeInit	16	static
../Drivers/STM32G4xx_HAL_Driver/Src/stm32g4xx_hal_fmac.c:803:19:HAL_FMAC_FilterConfig	16	static
../Drivers/STM32G4xx_HAL_Driver/Src/stm32g4xx_hal_fmac.c:819:19:HAL_FMAC_FilterConfig_DMA	16	static
../Drivers/STM32G4xx_HAL_Driver/Src/stm32g4xx_hal_fmac.c:843:19:HAL_FMAC_FilterPreload	32	static
../Drivers/STM32G4xx_HAL_Driver/Src/stm32g4xx_hal_fmac.c:868:19:HAL_FMAC_FilterPreload_DMA	32	static
../Drivers/STM32G4xx_HAL_Driver/Src/stm32g4xx_hal_fmac.c:886:19:HAL_FMAC_FilterStart	32	static
../Drivers/STM32G4xx_HAL_Driver/Src/stm32g4xx_hal_fmac.c:971:19:HAL_FMAC_AppendFilterData	32	static
../Drivers/STM32G4xx_HAL_Driver/Src/stm32g4xx_hal_fmac.c:1027:19:HAL_FMAC_ConfigFilterOutputBuffer	32	static
../Drivers/STM32G4xx_HAL_Driver/Src/stm32g4xx_hal_fmac.c:1088:19:HAL_FMAC_PollFilterData	32	static
../Drivers/STM32G4xx_HAL_Driver/Src/stm32g4xx_hal_fmac.c:1207:19:HAL_FMAC_FilterStop	24	static
../Drivers/STM32G4xx_HAL_Driver/Src/stm32g4xx_hal_fmac.c:1288:13:HAL_FMAC_ErrorCallback	16	static
../Drivers/STM32G4xx_HAL_Driver/Src/stm32g4xx_hal_fmac.c:1304:13:HAL_FMAC_HalfGetDataCallback	16	static
../Drivers/STM32G4xx_HAL_Driver/Src/stm32g4xx_hal_fmac.c:1320:13:HAL_FMAC_GetDataCallback	16	static
../Drivers/STM32G4xx_HAL_Driver/Src/stm32g4xx_hal_fmac.c:1336:13:HAL_FMAC_HalfOutputDataReadyCallback	16	static
../Drivers/STM32G4xx_HAL_Driver/Src/stm32g4xx_hal_fmac.c:1352:13:HAL_FMAC_OutputDataReadyCallback	16	static
../Drivers/STM32G4xx_HAL_Driver/Src/stm32g4xx_hal_fmac.c:1368:13:HAL_FMAC_FilterConfigCallback	16	static
../Drivers/STM32G4xx_HAL_Driver/Src/stm32g4xx_hal_fmac.c:1384:13:HAL_FMAC_FilterPreloadCallback	16	static
../Drivers/STM32G4xx_HAL_Driver/Src/stm32g4xx_hal_fmac.c:1417:6:HAL_FMAC_IRQHandler	24	static
../Drivers/STM32G4xx_HAL_Driver/Src/stm32g4xx_hal_fmac.c:1533:23:HAL_FMAC_GetState	16	static
../Drivers/STM32G4xx_HAL_Driver/Src/stm32g4xx_hal_fmac.c:1546:10:HAL_FMAC_GetError	16	static
../Drivers/STM32G4xx_HAL_Driver/Src/stm32g4xx_hal_fmac.c:1574:26:FMAC_Reset	24	static
../Drivers/STM32G4xx_HAL_Driver/Src/stm32g4xx_hal_fmac.c:1603:13:FMAC_ResetDataPointers	16	static
../Drivers/STM32G4xx_HAL_Driver/Src/stm32g4xx_hal_fmac.c:1614:13:FMAC_ResetInputStateAndDataPointers	16	static
../Drivers/STM32G4xx_HAL_Driver/Src/stm32g4xx_hal_fmac.c:1627:13:FMAC_ResetOutputStateAndDataPointers	16	static
../Drivers/STM32G4xx_HAL_Driver/Src/stm32g4xx_hal_fmac.c:1646:26:FMAC_FilterConfig	32	static
../Drivers/STM32G4xx_HAL_Driver/Src/stm32g4xx_hal_fmac.c:1859:26:FMAC_FilterPreload	32	static
../Drivers/STM32G4xx_HAL_Driver/Src/stm32g4xx_hal_fmac.c:2011:13:FMAC_WritePreloadDataIncrementPtr	32	static
../Drivers/STM32G4xx_HAL_Driver/Src/stm32g4xx_hal_fmac.c:2030:26:FMAC_WaitOnStartUntilTimeout	24	static
../Drivers/STM32G4xx_HAL_Driver/Src/stm32g4xx_hal_fmac.c:2054:26:FMAC_AppendFilterDataUpdateState	24	static
../Drivers/STM32G4xx_HAL_Driver/Src/stm32g4xx_hal_fmac.c:2098:26:FMAC_ConfigFilterOutputBufferUpdateState	24	static
../Drivers/STM32G4xx_HAL_Driver/Src/stm32g4xx_hal_fmac.c:2152:13:FMAC_ReadDataIncrementPtr	32	static
../Drivers/STM32G4xx_HAL_Driver/Src/stm32g4xx_hal_fmac.c:2216:13:FMAC_WriteDataIncrementPtr	24	static
../Drivers/STM32G4xx_HAL_Driver/Src/stm32g4xx_hal_fmac.c:2275:13:FMAC_DMAHalfGetData	24	static
../Drivers/STM32G4xx_HAL_Driver/Src/stm32g4xx_hal_fmac.c:2292:13:FMAC_DMAGetData	24	static
../Drivers/STM32G4xx_HAL_Driver/Src/stm32g4xx_hal_fmac.c:2312:13:FMAC_DMAHalfOutputDataReady	24	static
../Drivers/STM32G4xx_HAL_Driver/Src/stm32g4xx_hal_fmac.c:2329:13:FMAC_DMAOutputDataReady	24	static
../Drivers/STM32G4xx_HAL_Driver/Src/stm32g4xx_hal_fmac.c:2349:13:FMAC_DMAFilterConfig	24	static
../Drivers/STM32G4xx_HAL_Driver/Src/stm32g4xx_hal_fmac.c:2424:13:FMAC_DMAFilterPreload	24	static
../Drivers/STM32G4xx_HAL_Driver/Src/stm32g4xx_hal_fmac.c:2505:13:FMAC_DMAError	24	static
