../Drivers/STM32G4xx_HAL_Driver/Src/stm32g4xx_hal_fmac.c:382:19:HAL_FMAC_Init	24	static
../Drivers/STM32G4xx_HAL_Driver/Src/stm32g4xx_hal_fmac.c:455:19:HAL_FMAC_DeInit	16	static
../Drivers/STM32G4xx_HAL_Driver/Src/stm32g4xx_hal_fmac.c:502:13:HAL_FMAC_MspInit	16	static
../Drivers/STM32G4xx_HAL_Driver/Src/stm32g4xx_hal_fmac.c:517:13:HAL_FMAC_MspDeInit	16	static
../Drivers/STM32G4xx_HAL_Driver/Src/stm32g4xx_hal_fmac.c:800:19:HAL_FMAC_FilterConfig	16	static
../Drivers/STM32G4xx_HAL_Driver/Src/stm32g4xx_hal_fmac.c:816:19:HAL_FMAC_FilterConfig_DMA	16	static
../Drivers/STM32G4xx_HAL_Driver/Src/stm32g4xx_hal_fmac.c:840:19:HAL_FMAC_FilterPreload	32	static
../Drivers/STM32G4xx_HAL_Driver/Src/stm32g4xx_hal_fmac.c:865:19:HAL_FMAC_FilterPreload_DMA	32	static
../Drivers/STM32G4xx_HAL_Driver/Src/stm32g4xx_hal_fmac.c:883:19:HAL_FMAC_FilterStart	32	static
../Drivers/STM32G4xx_HAL_Driver/Src/stm32g4xx_hal_fmac.c:968:19:HAL_FMAC_AppendFilterData	32	static
../Drivers/STM32G4xx_HAL_Driver/Src/stm32g4xx_hal_fmac.c:1024:19:HAL_FMAC_ConfigFilterOutputBuffer	32	static
../Drivers/STM32G4xx_HAL_Driver/Src/stm32g4xx_hal_fmac.c:1085:19:HAL_FMAC_PollFilterData	32	static
../Drivers/STM32G4xx_HAL_Driver/Src/stm32g4xx_hal_fmac.c:1204:19:HAL_FMAC_FilterStop	24	static
../Drivers/STM32G4xx_HAL_Driver/Src/stm32g4xx_hal_fmac.c:1285:13:HAL_FMAC_ErrorCallback	16	static
../Drivers/STM32G4xx_HAL_Driver/Src/stm32g4xx_hal_fmac.c:1301:13:HAL_FMAC_HalfGetDataCallback	16	static
../Drivers/STM32G4xx_HAL_Driver/Src/stm32g4xx_hal_fmac.c:1317:13:HAL_FMAC_GetDataCallback	16	static
../Drivers/STM32G4xx_HAL_Driver/Src/stm32g4xx_hal_fmac.c:1333:13:HAL_FMAC_HalfOutputDataReadyCallback	16	static
../Drivers/STM32G4xx_HAL_Driver/Src/stm32g4xx_hal_fmac.c:1349:13:HAL_FMAC_OutputDataReadyCallback	16	static
../Drivers/STM32G4xx_HAL_Driver/Src/stm32g4xx_hal_fmac.c:1365:13:HAL_FMAC_FilterConfigCallback	16	static
../Drivers/STM32G4xx_HAL_Driver/Src/stm32g4xx_hal_fmac.c:1381:13:HAL_FMAC_FilterPreloadCallback	16	static
../Drivers/STM32G4xx_HAL_Driver/Src/stm32g4xx_hal_fmac.c:1414:6:HAL_FMAC_IRQHandler	24	static
../Drivers/STM32G4xx_HAL_Driver/Src/stm32g4xx_hal_fmac.c:1530:23:HAL_FMAC_GetState	16	static
../Drivers/STM32G4xx_HAL_Driver/Src/stm32g4xx_hal_fmac.c:1543:10:HAL_FMAC_GetError	16	static
../Drivers/STM32G4xx_HAL_Driver/Src/stm32g4xx_hal_fmac.c:1571:26:FMAC_Reset	24	static
../Drivers/STM32G4xx_HAL_Driver/Src/stm32g4xx_hal_fmac.c:1600:13:FMAC_ResetDataPointers	16	static
../Drivers/STM32G4xx_HAL_Driver/Src/stm32g4xx_hal_fmac.c:1611:13:FMAC_ResetInputStateAndDataPointers	16	static
../Drivers/STM32G4xx_HAL_Driver/Src/stm32g4xx_hal_fmac.c:1624:13:FMAC_ResetOutputStateAndDataPointers	16	static
../Drivers/STM32G4xx_HAL_Driver/Src/stm32g4xx_hal_fmac.c:1643:26:FMAC_FilterConfig	32	static
../Drivers/STM32G4xx_HAL_Driver/Src/stm32g4xx_hal_fmac.c:1856:26:FMAC_FilterPreload	32	static
../Drivers/STM32G4xx_HAL_Driver/Src/stm32g4xx_hal_fmac.c:2008:13:FMAC_WritePreloadDataIncrementPtr	32	static
../Drivers/STM32G4xx_HAL_Driver/Src/stm32g4xx_hal_fmac.c:2027:26:FMAC_WaitOnStartUntilTimeout	24	static
../Drivers/STM32G4xx_HAL_Driver/Src/stm32g4xx_hal_fmac.c:2051:26:FMAC_AppendFilterDataUpdateState	24	static
../Drivers/STM32G4xx_HAL_Driver/Src/stm32g4xx_hal_fmac.c:2095:26:FMAC_ConfigFilterOutputBufferUpdateState	24	static
../Drivers/STM32G4xx_HAL_Driver/Src/stm32g4xx_hal_fmac.c:2149:13:FMAC_ReadDataIncrementPtr	32	static
../Drivers/STM32G4xx_HAL_Driver/Src/stm32g4xx_hal_fmac.c:2213:13:FMAC_WriteDataIncrementPtr	24	static
../Drivers/STM32G4xx_HAL_Driver/Src/stm32g4xx_hal_fmac.c:2272:13:FMAC_DMAHalfGetData	24	static
../Drivers/STM32G4xx_HAL_Driver/Src/stm32g4xx_hal_fmac.c:2289:13:FMAC_DMAGetData	24	static
../Drivers/STM32G4xx_HAL_Driver/Src/stm32g4xx_hal_fmac.c:2309:13:FMAC_DMAHalfOutputDataReady	24	static
../Drivers/STM32G4xx_HAL_Driver/Src/stm32g4xx_hal_fmac.c:2326:13:FMAC_DMAOutputDataReady	24	static
../Drivers/STM32G4xx_HAL_Driver/Src/stm32g4xx_hal_fmac.c:2346:13:FMAC_DMAFilterConfig	24	static
../Drivers/STM32G4xx_HAL_Driver/Src/stm32g4xx_hal_fmac.c:2421:13:FMAC_DMAFilterPreload	24	static
../Drivers/STM32G4xx_HAL_Driver/Src/stm32g4xx_hal_fmac.c:2502:13:FMAC_DMAError	24	static
