../Core/Src/main.c:596:5:main	56	static
../Core/Src/main.c:905:6:SystemClock_Config	88	static
../Core/Src/main.c:950:13:MX_ADC1_Init	56	static
../Core/Src/main.c:1015:13:MX_ADC2_Init	40	static
../Core/Src/main.c:1072:13:MX_CORDIC_Init	8	static
../Core/Src/main.c:1098:13:MX_CRC_Init	8	static
../Core/Src/main.c:1129:13:MX_FDCAN1_Init	40	static
../Core/Src/main.c:1210:13:MX_FMAC_Init	8	static
../Core/Src/main.c:1236:13:MX_SPI1_Init	8	static
../Core/Src/main.c:1276:13:MX_TIM1_Init	120	static
../Core/Src/main.c:1364:13:MX_DMA_Init	16	static
../Core/Src/main.c:1386:13:MX_GPIO_Init	40	static
../Core/Src/main.c:1426:22:DWT_Init	4	static
../Core/Src/main.c:1438:26:micros	4	static
../Core/Src/main.c:1442:6:float2Bytes	24	static
../Core/Src/main.c:1454:7:Bytes2float	24	static
../Core/Src/main.c:1462:6:velocity_command	4	static
../Core/Src/main.c:1484:6:position_command	4	static
../Core/Src/main.c:1506:6:feedback_command	4	static
../Core/Src/main.c:1563:6:initCurrentsense	16	static
../Core/Src/main.c:1571:6:calibrateOffsets	24	static
../Core/Src/main.c:1591:23:getPhaseCurrents	64	static
../Core/Src/main.c:1610:20:getFOCCurrents	80	static
../Core/Src/main.c:1654:7:_sin	16	static
../Core/Src/main.c:1678:7:_cos	24	static
../Core/Src/main.c:1685:7:_normalizeAngle	24	static
../Core/Src/main.c:1691:7:_electricalAngle	16	static
../Core/Src/main.c:1698:7:_sqrtApprox	24	static
../Core/Src/main.c:1715:6:MagneticSensorSPI_init	8	static
../Core/Src/main.c:1732:9:spiCalcEvenParity	24	static
../Core/Src/main.c:1749:10:read	32	static
../Core/Src/main.c:1779:5:getRawCount	8	static
../Core/Src/main.c:1785:7:getSensorAngle	8	static
../Core/Src/main.c:1789:6:Sensor_init	8	static
../Core/Src/main.c:1802:6:updateSensor	16	static
../Core/Src/main.c:1812:7:getMechanicalAngle	4	static
../Core/Src/main.c:1816:7:getAngle	16	static
../Core/Src/main.c:1820:9:getFullRotations	4	static
../Core/Src/main.c:1824:7:getvelocity	24	static
../Core/Src/main.c:1841:7:getacceleration	24	static
../Core/Src/main.c:1872:7:shaftAngle	56	static
../Core/Src/main.c:1878:7:shaftVelocity	56	static
../Core/Src/main.c:1884:7:shaftAcceleration	56	static
../Core/Src/main.c:1890:7:electricalAngle	16	static
../Core/Src/main.c:1895:6:adaptiveZero	24	static
../Core/Src/main.c:1910:5:_normalizeIndex	16	static
../Core/Src/main.c:1913:7:fast_fmaxf	16	static
../Core/Src/main.c:1918:7:fast_fminf	16	static
../Core/Src/main.c:1923:7:fmaxf3	24	static
../Core/Src/main.c:1928:7:fminf3	24	static
../Core/Src/main.c:1934:6:writeDutyCycle3PWM	24	static
../Core/Src/main.c:1945:6:setPhaseVoltage	64	static
../Core/Src/main.c:2062:5:needsSearch	4	static
../Core/Src/main.c:2067:5:absoluteZeroSearch	16	static
../Core/Src/main.c:2088:5:alignSensor	56	static
../Core/Src/main.c:2175:6:initGain	4	static
../Core/Src/main.c:2283:5:initFOC	24	static
../Core/Src/main.c:2305:7:calSwitchThreshold	16	static
../Core/Src/main.c:2312:6:loopFOC	160	static
../Core/Src/main.c:2347:12:LowPassFilter	64	static
../Core/Src/main.c:2373:12:PID	64	static
../Core/Src/main.c:2413:22:PID_current_D	64	static
../Core/Src/main.c:2453:12:SMC_V	128	static
../Core/Src/main.c:2551:6:SMC_velocity	280	static
../Core/Src/main.c:2568:12:SMC_A	128	static
../Core/Src/main.c:2619:6:SMC_angle	344	static
../Core/Src/main.c:2647:15:fusion_V	152	static
../Core/Src/main.c:2728:6:fusion_angle	320	static
../Core/Src/main.c:2760:6:move_velocity	144	static
../Core/Src/main.c:2781:6:move_angle	144	static
../Core/Src/main.c:2807:6:move_haptic	144	static
../Core/Src/main.c:2828:7:velocityOpenloop	32	static
../Core/Src/main.c:2855:6:move_velocity_openloop	16	static
../Core/Src/main.c:2864:7:angleOpenloop	32	static
../Core/Src/main.c:2900:6:Error_Handler	4	static,ignoring_inline_asm
